Component: ARM Compiler 5.06 update 6 (build 750) Tool: armlink [4d35ed]

==============================================================================

Section Cross References

    startup_stm32g474xx.o(RESET) refers to startup_stm32g474xx.o(STACK) for __initial_sp
    startup_stm32g474xx.o(RESET) refers to startup_stm32g474xx.o(.text) for Reset_Handler
    startup_stm32g474xx.o(RESET) refers to stm32g4xx_it.o(i.NMI_Handler) for NMI_Handler
    startup_stm32g474xx.o(RESET) refers to stm32g4xx_it.o(i.HardFault_Handler) for HardFault_Handler
    startup_stm32g474xx.o(RESET) refers to stm32g4xx_it.o(i.MemManage_Handler) for MemManage_Handler
    startup_stm32g474xx.o(RESET) refers to stm32g4xx_it.o(i.BusFault_Handler) for BusFault_Handler
    startup_stm32g474xx.o(RESET) refers to stm32g4xx_it.o(i.UsageFault_Handler) for UsageFault_Handler
    startup_stm32g474xx.o(RESET) refers to stm32g4xx_it.o(i.SVC_Handler) for SVC_Handler
    startup_stm32g474xx.o(RESET) refers to stm32g4xx_it.o(i.DebugMon_Handler) for DebugMon_Handler
    startup_stm32g474xx.o(RESET) refers to stm32g4xx_it.o(i.PendSV_Handler) for PendSV_Handler
    startup_stm32g474xx.o(RESET) refers to stm32g4xx_it.o(i.SysTick_Handler) for SysTick_Handler
    startup_stm32g474xx.o(RESET) refers to stm32g4xx_it.o(i.DMA1_Channel1_IRQHandler) for DMA1_Channel1_IRQHandler
    startup_stm32g474xx.o(RESET) refers to stm32g4xx_it.o(i.DMA1_Channel2_IRQHandler) for DMA1_Channel2_IRQHandler
    startup_stm32g474xx.o(RESET) refers to stm32g4xx_it.o(i.ADC1_2_IRQHandler) for ADC1_2_IRQHandler
    startup_stm32g474xx.o(RESET) refers to stm32g4xx_it.o(i.TIM1_UP_TIM16_IRQHandler) for TIM1_UP_TIM16_IRQHandler
    startup_stm32g474xx.o(RESET) refers to stm32g4xx_it.o(i.TIM1_CC_IRQHandler) for TIM1_CC_IRQHandler
    startup_stm32g474xx.o(RESET) refers to stm32g4xx_it.o(i.TIM6_DAC_IRQHandler) for TIM6_DAC_IRQHandler
    startup_stm32g474xx.o(RESET) refers to stm32g4xx_it.o(i.TIM7_DAC_IRQHandler) for TIM7_DAC_IRQHandler
    startup_stm32g474xx.o(.text) refers to system_stm32g4xx.o(i.SystemInit) for SystemInit
    startup_stm32g474xx.o(.text) refers to entry.o(.ARM.Collect$$$$00000000) for __main
    main.o(i.Error_Handler) refers to segger_rtt.o(i.SEGGER_RTT_WriteString) for SEGGER_RTT_WriteString
    main.o(i.Error_Handler) refers to segger_rtt_printf.o(i.SEGGER_RTT_printf) for SEGGER_RTT_printf
    main.o(i.HAL_TIM_PeriodElapsedCallback) refers to main.o(.bss) for .bss
    main.o(i.SystemClock_Config) refers to memseta.o(.text) for __aeabi_memclr4
    main.o(i.SystemClock_Config) refers to stm32g4xx_hal_pwr_ex.o(i.HAL_PWREx_ControlVoltageScaling) for HAL_PWREx_ControlVoltageScaling
    main.o(i.SystemClock_Config) refers to stm32g4xx_hal_rcc.o(i.HAL_RCC_OscConfig) for HAL_RCC_OscConfig
    main.o(i.SystemClock_Config) refers to stm32g4xx_hal_rcc.o(i.HAL_RCC_ClockConfig) for HAL_RCC_ClockConfig
    main.o(i.SystemClock_Config) refers to main.o(i.Error_Handler) for Error_Handler
    main.o(i.main) refers to stm32g4xx_hal.o(i.HAL_Init) for HAL_Init
    main.o(i.main) refers to main.o(i.SystemClock_Config) for SystemClock_Config
    main.o(i.main) refers to gpio.o(i.MX_GPIO_Init) for MX_GPIO_Init
    main.o(i.main) refers to dma.o(i.MX_DMA_Init) for MX_DMA_Init
    main.o(i.main) refers to spi.o(i.MX_SPI3_Init) for MX_SPI3_Init
    main.o(i.main) refers to adc.o(i.MX_ADC2_Init) for MX_ADC2_Init
    main.o(i.main) refers to adc.o(i.MX_ADC1_Init) for MX_ADC1_Init
    main.o(i.main) refers to tim.o(i.MX_TIM1_Init) for MX_TIM1_Init
    main.o(i.main) refers to tim.o(i.MX_TIM6_Init) for MX_TIM6_Init
    main.o(i.main) refers to tim.o(i.MX_TIM7_Init) for MX_TIM7_Init
    main.o(i.main) refers to spi.o(i.MX_SPI1_Init) for MX_SPI1_Init
    main.o(i.main) refers to tim.o(i.MX_TIM2_Init) for MX_TIM2_Init
    main.o(i.main) refers to dac.o(i.MX_DAC1_Init) for MX_DAC1_Init
    main.o(i.main) refers to stm32g4xx_hal_dac.o(i.HAL_DAC_SetValue) for HAL_DAC_SetValue
    main.o(i.main) refers to stm32g4xx_hal_dac.o(i.HAL_DAC_Start) for HAL_DAC_Start
    main.o(i.main) refers to stm32g4xx_hal.o(i.HAL_Delay) for HAL_Delay
    main.o(i.main) refers to segger_rtt.o(i.SEGGER_RTT_ConfigUpBuffer) for SEGGER_RTT_ConfigUpBuffer
    main.o(i.main) refers to segger_rtt.o(i.SEGGER_RTT_WriteString) for SEGGER_RTT_WriteString
    main.o(i.main) refers to bsp_ws2812.o(i.BspWs2812_Init) for BspWs2812_Init
    main.o(i.main) refers to bsp_ws2812.o(i.BspWs2812_WriteColor) for BspWs2812_WriteColor
    main.o(i.main) refers to user_motor.o(i.UserMotor_Init) for UserMotor_Init
    main.o(i.main) refers to user_motor.o(i.UserMotor_Start) for UserMotor_Start
    main.o(i.main) refers to main.o(i.Error_Handler) for Error_Handler
    main.o(i.main) refers to stm32g4xx_hal_tim.o(i.HAL_TIM_Base_Start_IT) for HAL_TIM_Base_Start_IT
    main.o(i.main) refers to user_display.o(i.PtTaskDisplay) for PtTaskDisplay
    main.o(i.main) refers to user_button.o(i.PtTaskButton) for PtTaskButton
[...]
    i.UserSystem_CurrentToDecimal3           0x080066ac   Section        0  user_system.o(i.UserSystem_CurrentToDecimal3)
    UserSystem_CurrentToDecimal3             0x080066ad   Thumb Code    74  user_system.o(i.UserSystem_CurrentToDecimal3)
    i.UserSystem_Init                        0x08006704   Section        0  user_system.o(i.UserSystem_Init)
    i.UserTime_Init                          0x08006720   Section        0  user_time.o(i.UserTime_Init)
    i.Ws2812_CompleteStop                    0x08006730   Section        0  bsp_ws2812.o(i.Ws2812_CompleteStop)
    Ws2812_CompleteStop                      0x08006731   Thumb Code    20  bsp_ws2812.o(i.Ws2812_CompleteStop)
    i.Ws2812_FillHalf                        0x08006748   Section        0  bsp_ws2812.o(i.Ws2812_FillHalf)
    Ws2812_FillHalf                          0x08006749   Thumb Code   170  bsp_ws2812.o(i.Ws2812_FillHalf)
    i.Ws2812_HwStop                          0x080067fc   Section        0  bsp_ws2812.o(i.Ws2812_HwStop)
    Ws2812_HwStop                            0x080067fd   Thumb Code    98  bsp_ws2812.o(i.Ws2812_HwStop)
    i._DoInit                                0x08006868   Section        0  segger_rtt.o(i._DoInit)
    _DoInit                                  0x08006869   Thumb Code    80  segger_rtt.o(i._DoInit)
    i._GetAvailWriteSpace                    0x080068cc   Section        0  segger_rtt.o(i._GetAvailWriteSpace)
    _GetAvailWriteSpace                      0x080068cd   Thumb Code    22  segger_rtt.o(i._GetAvailWriteSpace)
    i._PrintInt                              0x080068e2   Section        0  segger_rtt_printf.o(i._PrintInt)
    _PrintInt                                0x080068e3   Thumb Code   196  segger_rtt_printf.o(i._PrintInt)
    i._PrintUnsigned                         0x080069a8   Section        0  segger_rtt_printf.o(i._PrintUnsigned)
    _PrintUnsigned                           0x080069a9   Thumb Code   200  segger_rtt_printf.o(i._PrintUnsigned)
    i._StoreChar                             0x08006a74   Section        0  segger_rtt_printf.o(i._StoreChar)
    _StoreChar                               0x08006a75   Thumb Code    62  segger_rtt_printf.o(i._StoreChar)
    i._WriteBlocking                         0x08006ab2   Section        0  segger_rtt.o(i._WriteBlocking)
    _WriteBlocking                           0x08006ab3   Thumb Code    90  segger_rtt.o(i._WriteBlocking)
    i._WriteNoCheck                          0x08006b0c   Section        0  segger_rtt.o(i._WriteNoCheck)
    _WriteNoCheck                            0x08006b0d   Thumb Code    66  segger_rtt.o(i._WriteNoCheck)
    i.__NVIC_SetPriority                     0x08006b4e   Section        0  stm32g4xx_hal_cortex.o(i.__NVIC_SetPriority)
    __NVIC_SetPriority                       0x08006b4f   Thumb Code    32  stm32g4xx_hal_cortex.o(i.__NVIC_SetPriority)
    i.__scatterload_copy                     0x08006b6e   Section       14  handlers.o(i.__scatterload_copy)
    i.__scatterload_null                     0x08006b7c   Section        2  handlers.o(i.__scatterload_null)
    i.__scatterload_zeroinit                 0x08006b7e   Section       14  handlers.o(i.__scatterload_zeroinit)
    i.button_attach                          0x08006b8c   Section        0  bsp_button.o(i.button_attach)
    i.button_handler                         0x08006b9c   Section        0  bsp_button.o(i.button_handler)
    button_handler                           0x08006b9d   Thumb Code   440  bsp_button.o(i.button_handler)
    i.button_init                            0x08006d54   Section        0  bsp_button.o(i.button_init)
    i.button_is_pressed                      0x08006d96   Section        0  bsp_button.o(i.button_is_pressed)
    i.button_start                           0x08006db0   Section        0  bsp_button.o(i.button_start)
    i.button_ticks                           0x08006ddc   Section        0  bsp_button.o(i.button_ticks)
    i.buttons_init                           0x08006df8   Section        0  user_button.o(i.buttons_init)
    i.main                                   0x08006e4c   Section        0  main.o(i.main)
    i.mypow                                  0x08006f68   Section        0  st7789v.o(i.mypow)
    i.read_button_gpio                       0x08006f78   Section        0  user_button.o(i.read_button_gpio)
    read_button_gpio                         0x08006f79   Thumb Code     4  user_button.o(i.read_button_gpio)
    i.st7789v_init                           0x08006f7c   Section        0  st7789v.o(i.st7789v_init)
    .constdata                               0x08007144   Section       16  system_stm32g4xx.o(.constdata)
    .constdata                               0x08007154   Section       32  user_display.o(.constdata)
    .constdata                               0x08007174   Section       20  bsp_adc.o(.constdata)
    s_adc2_channel_map                       0x08007174   Data          20  bsp_adc.o(.constdata)
    .constdata                               0x08007188   Section    18543  st7789v.o(.constdata)
    .constdata                               0x0800b9f7   Section       33  segger_rtt.o(.constdata)
    _aTerminalId                             0x0800b9f7   Data          16  segger_rtt.o(.constdata)
    _aInitStr                                0x0800ba07   Data          17  segger_rtt.o(.constdata)
    .constdata                               0x0800ba18   Section       16  segger_rtt_printf.o(.constdata)
    _aV2C                                    0x0800ba18   Data          16  segger_rtt_printf.o(.constdata)
    .conststring                             0x0800ba28   Section      314  user_system.o(.conststring)
    .fastcode                                0x10000000   Section        0  user_motor.o(.fastcode)
    .ccmram                                  0x10000020   Section       36  user_motor.o(.ccmram)
    s_motor                                  0x10000020   Data          36  user_motor.o(.ccmram)
    .data                                    0x20000000   Section        4  adc.o(.data)
    HAL_RCC_ADC12_CLK_ENABLED                0x20000000   Data           4  adc.o(.data)
    .data                                    0x20000004   Section       12  stm32g4xx_hal.o(.data)
    .data                                    0x20000010   Section        4  system_stm32g4xx.o(.data)
    .data                                    0x20000014   Section      128  user_foc.o(.data)
    s_foc                                    0x20000014   Data         128  user_foc.o(.data)
    .data                                    0x20000094   Section       22  user_display.o(.data)
    PowerOninit_done                         0x20000094   Data           1  user_display.o(.data)
    init_done                                0x20000095   Data           1  user_display.o(.data)
    u8timecount                              0x20000096   Data           1  user_display.o(.data)
    u8timecount2                             0x20000098   Data           2  user_display.o(.data)
    pt_lc                                    0x2000009c   Data           4  user_display.o(.data)
    u32WiatTime_save                         0x200000a0   Data           4  user_display.o(.data)
    .data                                    0x200000ac   Section       16  user_button.o(.data)
    button_inited                            0x200000ac   Data           1  user_button.o(.data)
    button_last_event                        0x200000ad   Data           4  user_button.o(.data)
    pt_lc                                    0x200000b4   Data           4  user_button.o(.data)
    u32WiatTime_save                         0x200000b8   Data           4  user_button.o(.data)
    .data                                    0x200000bc   Section       12  user_system.o(.data)
    offset_printed                           0x200000bc   Data           1  user_system.o(.data)
    pt_lc                                    0x200000c0   Data           4  user_system.o(.data)
    u32WiatTime_save                         0x200000c4   Data           4  user_system.o(.data)
    .data                                    0x200000c8   Section        8  user_time.o(.data)
    pt_lc                                    0x200000c8   Data           4  user_time.o(.data)
    u32WiatTime_save                         0x200000cc   Data           4  user_time.o(.data)
    .data                                    0x200000d0   Section       24  bsp_adc.o(.data)
    s_offset_ready                           0x200000d0   Data           1  bsp_adc.o(.data)
    s_adc2_calibrated                        0x200000d1   Data           1  bsp_adc.o(.data)
    s_offset_samples                         0x200000d2   Data           2  bsp_adc.o(.data)
    s_injected_raw                           0x200000d4   Data           6  bsp_adc.o(.data)
    s_current_offset                         0x200000dc   Data          12  bsp_adc.o(.data)
    .data                                    0x200000e8   Section        4  bsp_button.o(.data)
    head_handle                              0x200000e8   Data           4  bsp_button.o(.data)
    .data                                    0x200000ec   Section       24  bsp_ws2812.o(.data)
    ws2812_state                             0x200000ec   Data           1  bsp_ws2812.o(.data)
    ws2812_busy                              0x200000ed   Data           1  bsp_ws2812.o(.data)
    ws2812_bit_index                         0x200000ee   Data           1  bsp_ws2812.o(.data)
    ws2812_final_half                        0x200000ef   Data           1  bsp_ws2812.o(.data)
    ws2812_led_index                         0x200000f0   Data           2  bsp_ws2812.o(.data)
    ws2812_preamble_remain                   0x200000f2   Data           2  bsp_ws2812.o(.data)
    ws2812_reset_remain                      0x200000f4   Data           2  bsp_ws2812.o(.data)
    ws2812_reset_total                       0x200000f6   Data           2  bsp_ws2812.o(.data)
    ws2812_color                             0x200000f8   Data           3  bsp_ws2812.o(.data)
    ws2812_ccr_code0                         0x200000fc   Data           4  bsp_ws2812.o(.data)
    ws2812_ccr_code1                         0x20000100   Data           4  bsp_ws2812.o(.data)
    .bss                                     0x20000104   Section     1104  main.o(.bss)
    rtt_jscope_up_buffer                     0x20000154   Data        1024  main.o(.bss)
    .bss                                     0x20000554   Section      216  adc.o(.bss)
    .bss                                     0x2000062c   Section       20  dac.o(.bss)
    .bss                                     0x20000640   Section      296  spi.o(.bss)
    .bss                                     0x20000768   Section      400  tim.o(.bss)
    .bss                                     0x200008f8   Section      176  user_button.o(.bss)
    btn1                                     0x200008f8   Data          44  user_button.o(.bss)
    btn2                                     0x20000924   Data          44  user_button.o(.bss)
    btn3                                     0x20000950   Data          44  user_button.o(.bss)
    btn4                                     0x2000097c   Data          44  user_button.o(.bss)
    .bss                                     0x200009a8   Section       12  user_system.o(.bss)
    .bss                                     0x200009b4   Section       24  bsp_adc.o(.bss)
    s_adc2_regular_raw                       0x200009b4   Data          10  bsp_adc.o(.bss)
    s_offset_sum                             0x200009c0   Data          12  bsp_adc.o(.bss)
    .bss                                     0x200009cc   Section     1208  segger_rtt.o(.bss)
    _acUpBuffer                              0x20000a74   Data        1024  segger_rtt.o(.bss)
    _acDownBuffer                            0x20000e74   Data          16  segger_rtt.o(.bss)
    .bss                                     0x20000e84   Section      768  bsp_ws2812.o(.bss)
    ws2812_dma_buf                           0x20000e84   Data         768  bsp_ws2812.o(.bss)
    STACK                                    0x20001188   Section     1024  startup_stm32g474xx.o(STACK)

    Global Symbols

    Symbol Name                              Value     Ov Type        Size  Object(Section)

    BuildAttributes$$THM_ISAv4$E$P$D$K$B$S$7EM$VFPi3$EXTD16$VFPS$VFMA$PE$A:L22UL41UL21$X:L11$S22US41US21$IEEE1$IW$USESV6$~STKCKD$USESV7$~SHL$OTIME$ROPI$IEEEX$EBA8$MICROLIB$REQ8$PRES8$EABIv2 0x00000000   Number         0  anon$$obj.o ABSOLUTE
    __ARM_use_no_argv                        0x00000000   Number         0  main.o ABSOLUTE
    __cpp_initialize__aeabi_                  - Undefined Weak Reference
    __cxa_finalize                            - Undefined Weak Reference
    __decompress                              - Undefined Weak Reference
    _clock_init                               - Undefined Weak Reference
    _microlib_exit                            - Undefined Weak Reference
    __Vectors_Size                           0x000001d8   Number         0  startup_stm32g474xx.o ABSOLUTE
    __Vectors                                0x08000000   Data           4  startup_stm32g474xx.o(RESET)
    __Vectors_End                            0x080001d8   Data           0  startup_stm32g474xx.o(RESET)
    __main                                   0x080001d9   Thumb Code     0  entry.o(.ARM.Collect$$$$00000000)
    _main_stk                                0x080001d9   Thumb Code     0  entry2.o(.ARM.Collect$$$$00000001)
    _main_scatterload                        0x080001dd   Thumb Code     0  entry5.o(.ARM.Collect$$$$00000004)
    __main_after_scatterload                 0x080001e1   Thumb Code     0  entry5.o(.ARM.Collect$$$$00000004)
    _main_clock                              0x080001e1   Thumb Code     0  entry7b.o(.ARM.Collect$$$$00000008)
    _main_cpp_init                           0x080001e1   Thumb Code     0  entry8b.o(.ARM.Collect$$$$0000000A)
    _main_init                               0x080001e1   Thumb Code     0  entry9a.o(.ARM.Collect$$$$0000000B)
    __rt_final_cpp                           0x080001e9   Thumb Code     0  entry10a.o(.ARM.Collect$$$$0000000D)
    __rt_final_exit                          0x080001e9   Thumb Code     0  entry11a.o(.ARM.Collect$$$$0000000F)
    Reset_Handler                            0x080001ed   Thumb Code     8  startup_stm32g474xx.o(.text)
    ADC3_IRQHandler                          0x08000207   Thumb Code     0  startup_stm32g474xx.o(.text)
    ADC4_IRQHandler                          0x08000207   Thumb Code     0  startup_stm32g474xx.o(.text)
    ADC5_IRQHandler                          0x08000207   Thumb Code     0  startup_stm32g474xx.o(.text)
    COMP1_2_3_IRQHandler                     0x08000207   Thumb Code     0  startup_stm32g474xx.o(.text)
    COMP4_5_6_IRQHandler                     0x08000207   Thumb Code     0  startup_stm32g474xx.o(.text)
    COMP7_IRQHandler                         0x08000207   Thumb Code     0  startup_stm32g474xx.o(.text)
    CORDIC_IRQHandler                        0x08000207   Thumb Code     0  startup_stm32g474xx.o(.text)
    CRS_IRQHandler                           0x08000207   Thumb Code     0  startup_stm32g474xx.o(.text)
    DMA1_Channel3_IRQHandler                 0x08000207   Thumb Code     0  startup_stm32g474xx.o(.text)
    DMA1_Channel4_IRQHandler                 0x08000207   Thumb Code     0  startup_stm32g474xx.o(.text)
    DMA1_Channel5_IRQHandler                 0x08000207   Thumb Code     0  startup_stm32g474xx.o(.text)
    DMA1_Channel6_IRQHandler                 0x08000207   Thumb Code     0  startup_stm32g474xx.o(.text)
    DMA1_Channel7_IRQHandler                 0x08000207   Thumb Code     0  startup_stm32g474xx.o(.text)
    DMA1_Channel8_IRQHandler                 0x08000207   Thumb Code     0  startup_stm32g474xx.o(.text)
    DMA2_Channel1_IRQHandler                 0x08000207   Thumb Code     0  startup_stm32g474xx.o(.text)
    DMA2_Channel2_IRQHandler                 0x08000207   Thumb Code     0  startup_stm32g474xx.o(.text)
    DMA2_Channel3_IRQHandler                 0x08000207   Thumb Code     0  startup_stm32g474xx.o(.text)
    DMA2_Channel4_IRQHandler                 0x08000207   Thumb Code     0  startup_stm32g474xx.o(.text)
    DMA2_Channel5_IRQHandler                 0x08000207   Thumb Code     0  startup_stm32g474xx.o(.text)
    DMA2_Channel6_IRQHandler                 0x08000207   Thumb Code     0  startup_stm32g474xx.o(.text)
    DMA2_Channel7_IRQHandler                 0x08000207   Thumb Code     0  startup_stm32g474xx.o(.text)
    DMA2_Channel8_IRQHandler                 0x08000207   Thumb Code     0  startup_stm32g474xx.o(.text)
    DMAMUX_OVR_IRQHandler                    0x08000207   Thumb Code     0  startup_stm32g474xx.o(.text)
    EXTI0_IRQHandler                         0x08000207   Thumb Code     0  startup_stm32g474xx.o(.text)
    EXTI15_10_IRQHandler                     0x08000207   Thumb Code     0  startup_stm32g474xx.o(.text)
    EXTI1_IRQHandler                         0x08000207   Thumb Code     0  startup_stm32g474xx.o(.text)
    EXTI2_IRQHandler                         0x08000207   Thumb Code     0  startup_stm32g474xx.o(.text)
    EXTI3_IRQHandler                         0x08000207   Thumb Code     0  startup_stm32g474xx.o(.text)
    EXTI4_IRQHandler                         0x08000207   Thumb Code     0  startup_stm32g474xx.o(.text)
    EXTI9_5_IRQHandler                       0x08000207   Thumb Code     0  startup_stm32g474xx.o(.text)
    FDCAN1_IT0_IRQHandler                    0x08000207   Thumb Code     0  startup_stm32g474xx.o(.text)
    FDCAN1_IT1_IRQHandler                    0x08000207   Thumb Code     0  startup_stm32g474xx.o(.text)
    FDCAN2_IT0_IRQHandler                    0x08000207   Thumb Code     0  startup_stm32g474xx.o(.text)
    FDCAN2_IT1_IRQHandler                    0x08000207   Thumb Code     0  startup_stm32g474xx.o(.text)
    FDCAN3_IT0_IRQHandler                    0x08000207   Thumb Code     0  startup_stm32g474xx.o(.text)
    FDCAN3_IT1_IRQHandler                    0x08000207   Thumb Code     0  startup_stm32g474xx.o(.text)
    FLASH_IRQHandler                         0x08000207   Thumb Code     0  startup_stm32g474xx.o(.text)
    FMAC_IRQHandler                          0x08000207   Thumb Code     0  startup_stm32g474xx.o(.text)
    FMC_IRQHandler                           0x08000207   Thumb Code     0  startup_stm32g474xx.o(.text)
    FPU_IRQHandler                           0x08000207   Thumb Code     0  startup_stm32g474xx.o(.text)
    HRTIM1_FLT_IRQHandler                    0x08000207   Thumb Code     0  startup_stm32g474xx.o(.text)
    HRTIM1_Master_IRQHandler                 0x08000207   Thumb Code     0  startup_stm32g474xx.o(.text)
    HRTIM1_TIMA_IRQHandler                   0x08000207   Thumb Code     0  startup_stm32g474xx.o(.text)
    HRTIM1_TIMB_IRQHandler                   0x08000207   Thumb Code     0  startup_stm32g474xx.o(.text)
    HRTIM1_TIMC_IRQHandler                   0x08000207   Thumb Code     0  startup_stm32g474xx.o(.text)
    HRTIM1_TIMD_IRQHandler                   0x08000207   Thumb Code     0  startup_stm32g474xx.o(.text)
    HRTIM1_TIME_IRQHandler                   0x08000207   Thumb Code     0  startup_stm32g474xx.o(.text)
    HRTIM1_TIMF_IRQHandler                   0x08000207   Thumb Code     0  startup_stm32g474xx.o(.text)
    I2C1_ER_IRQHandler                       0x08000207   Thumb Code     0  startup_stm32g474xx.o(.text)
    I2C1_EV_IRQHandler                       0x08000207   Thumb Code     0  startup_stm32g474xx.o(.text)
    I2C2_ER_IRQHandler                       0x08000207   Thumb Code     0  startup_stm32g474xx.o(.text)
    I2C2_EV_IRQHandler                       0x08000207   Thumb Code     0  startup_stm32g474xx.o(.text)
    I2C3_ER_IRQHandler                       0x08000207   Thumb Code     0  startup_stm32g474xx.o(.text)
    I2C3_EV_IRQHandler                       0x08000207   Thumb Code     0  startup_stm32g474xx.o(.text)
    I2C4_ER_IRQHandler                       0x08000207   Thumb Code     0  startup_stm32g474xx.o(.text)
    I2C4_EV_IRQHandler                       0x08000207   Thumb Code     0  startup_stm32g474xx.o(.text)
    LPTIM1_IRQHandler                        0x08000207   Thumb Code     0  startup_stm32g474xx.o(.text)
    LPUART1_IRQHandler                       0x08000207   Thumb Code     0  startup_stm32g474xx.o(.text)
    PVD_PVM_IRQHandler                       0x08000207   Thumb Code     0  startup_stm32g474xx.o(.text)
    QUADSPI_IRQHandler                       0x08000207   Thumb Code     0  startup_stm32g474xx.o(.text)
    RCC_IRQHandler                           0x08000207   Thumb Code     0  startup_stm32g474xx.o(.text)
    RNG_IRQHandler                           0x08000207   Thumb Code     0  startup_stm32g474xx.o(.text)
    RTC_Alarm_IRQHandler                     0x08000207   Thumb Code     0  startup_stm32g474xx.o(.text)
    RTC_TAMP_LSECSS_IRQHandler               0x08000207   Thumb Code     0  startup_stm32g474xx.o(.text)
    RTC_WKUP_IRQHandler                      0x08000207   Thumb Code     0  startup_stm32g474xx.o(.text)
    SAI1_IRQHandler                          0x08000207   Thumb Code     0  startup_stm32g474xx.o(.text)
    SPI1_IRQHandler                          0x08000207   Thumb Code     0  startup_stm32g474xx.o(.text)
    SPI2_IRQHandler                          0x08000207   Thumb Code     0  startup_stm32g474xx.o(.text)
    SPI3_IRQHandler                          0x08000207   Thumb Code     0  startup_stm32g474xx.o(.text)
    SPI4_IRQHandler                          0x08000207   Thumb Code     0  startup_stm32g474xx.o(.text)
    TIM1_BRK_TIM15_IRQHandler                0x08000207   Thumb Code     0  startup_stm32g474xx.o(.text)
    TIM1_TRG_COM_TIM17_IRQHandler            0x08000207   Thumb Code     0  startup_stm32g474xx.o(.text)
    TIM20_BRK_IRQHandler                     0x08000207   Thumb Code     0  startup_stm32g474xx.o(.text)
    TIM20_CC_IRQHandler                      0x08000207   Thumb Code     0  startup_stm32g474xx.o(.text)
    TIM20_TRG_COM_IRQHandler                 0x08000207   Thumb Code     0  startup_stm32g474xx.o(.text)
    TIM20_UP_IRQHandler                      0x08000207   Thumb Code     0  startup_stm32g474xx.o(.text)
    TIM2_IRQHandler                          0x08000207   Thumb Code     0  startup_stm32g474xx.o(.text)
    TIM3_IRQHandler                          0x08000207   Thumb Code     0  startup_stm32g474xx.o(.text)
    TIM4_IRQHandler                          0x08000207   Thumb Code     0  startup_stm32g474xx.o(.text)
    TIM5_IRQHandler                          0x08000207   Thumb Code     0  startup_stm32g474xx.o(.text)
    TIM8_BRK_IRQHandler                      0x08000207   Thumb Code     0  startup_stm32g474xx.o(.text)
    TIM8_CC_IRQHandler                       0x08000207   Thumb Code     0  startup_stm32g474xx.o(.text)
    TIM8_TRG_COM_IRQHandler                  0x08000207   Thumb Code     0  startup_stm32g474xx.o(.text)
    TIM8_UP_IRQHandler                       0x08000207   Thumb Code     0  startup_stm32g474xx.o(.text)
    UART4_IRQHandler                         0x08000207   Thumb Code     0  startup_stm32g474xx.o(.text)
    UART5_IRQHandler                         0x08000207   Thumb Code     0  startup_stm32g474xx.o(.text)
    UCPD1_IRQHandler                         0x08000207   Thumb Code     0  startup_stm32g474xx.o(.text)
    USART1_IRQHandler                        0x08000207   Thumb Code     0  startup_stm32g474xx.o(.text)
    USART2_IRQHandler                        0x08000207   Thumb Code     0  startup_stm32g474xx.o(.text)
    USART3_IRQHandler                        0x08000207   Thumb Code     0  startup_stm32g474xx.o(.text)
    USBWakeUp_IRQHandler                     0x08000207   Thumb Code     0  startup_stm32g474xx.o(.text)
    USB_HP_IRQHandler                        0x08000207   Thumb Code     0  startup_stm32g474xx.o(.text)
    USB_LP_IRQHandler                        0x08000207   Thumb Code     0  startup_stm32g474xx.o(.text)
    WWDG_IRQHandler                          0x08000207   Thumb Code     0  startup_stm32g474xx.o(.text)
    __aeabi_memcpy                           0x08000211   Thumb Code    36  memcpya.o(.text)
    __aeabi_memcpy4                          0x08000211   Thumb Code     0  memcpya.o(.text)
    __aeabi_memcpy8                          0x08000211   Thumb Code     0  memcpya.o(.text)
    __aeabi_memset                           0x08000235   Thumb Code    14  memseta.o(.text)
    __aeabi_memset4                          0x08000235   Thumb Code     0  memseta.o(.text)
    __aeabi_memset8                          0x08000235   Thumb Code     0  memseta.o(.text)
    __aeabi_memclr                           0x08000243   Thumb Code     4  memseta.o(.text)
    __aeabi_memclr4                          0x08000243   Thumb Code     0  memseta.o(.text)
    __aeabi_memclr8                          0x08000243   Thumb Code     0  memseta.o(.text)
    _memset$wrapper                          0x08000247   Thumb Code    18  memseta.o(.text)
    strlen                                   0x08000259   Thumb Code    14  strlen.o(.text)
    __scatterload                            0x08000269   Thumb Code    28  init.o(.text)
    __scatterload_rt2                        0x08000269   Thumb Code     0  init.o(.text)
    Long Thumb to Thumb Veneer to UserMotor_FastLoop 0x0800028d   Thumb Code    10  anon$$obj.o(Veneer$$Code)
    ADC1_2_IRQHandler                        0x08000299   Thumb Code    18  stm32g4xx_it.o(i.ADC1_2_IRQHandler)
    ADC_ConversionStop                       0x080002b5   Thumb Code   216  stm32g4xx_hal_adc.o(i.ADC_ConversionStop)
    ADC_Disable                              0x08000395   Thumb Code   106  stm32g4xx_hal_adc.o(i.ADC_Disable)
    ADC_Enable                               0x08000405   Thumb Code   176  stm32g4xx_hal_adc.o(i.ADC_Enable)
    BspAdc2_GetRaw                           0x080004cd   Thumb Code    16  bsp_adc.o(i.BspAdc2_GetRaw)
    BspAdc2_UpdateAll                        0x08000541   Thumb Code    64  bsp_adc.o(i.BspAdc2_UpdateAll)
    BspAdc_GetCurrentOffsetRaw               0x08000591   Thumb Code    22  bsp_adc.o(i.BspAdc_GetCurrentOffsetRaw)
    BspAdc_GetCurrentOffsetVoltage           0x080005b1   Thumb Code    24  bsp_adc.o(i.BspAdc_GetCurrentOffsetVoltage)
    BspAdc_GetIa                             0x080005d1   Thumb Code    22  bsp_adc.o(i.BspAdc_GetIa)
    BspAdc_GetIb                             0x080005ed   Thumb Code    22  bsp_adc.o(i.BspAdc_GetIb)
    BspAdc_GetIc                             0x08000609   Thumb Code    22  bsp_adc.o(i.BspAdc_GetIc)
    BspAdc_GetInjectedRaw                    0x08000625   Thumb Code    16  bsp_adc.o(i.BspAdc_GetInjectedRaw)
    BspAdc_IsCurrentOffsetReady              0x08000639   Thumb Code     6  bsp_adc.o(i.BspAdc_IsCurrentOffsetReady)
    BspAdc_RestartCurrentOffsetCalibration   0x08000699   Thumb Code    20  bsp_adc.o(i.BspAdc_RestartCurrentOffsetCalibration)
    BspAdc_StartInjected                     0x080006ad   Thumb Code    30  bsp_adc.o(i.BspAdc_StartInjected)
    BspAdc_UpdateInjected                    0x080006d1   Thumb Code   160  bsp_adc.o(i.BspAdc_UpdateInjected)
    BspButton_ReadLevel                      0x08000781   Thumb Code    46  bsp_button.o(i.BspButton_ReadLevel)
    BspHall_GetState                         0x080007b5   Thumb Code    22  bsp_hall.o(i.BspHall_GetState)
    BspHall_ReadA                            0x080007cb   Thumb Code    10  bsp_hall.o(i.BspHall_ReadA)
    BspHall_ReadB                            0x080007d5   Thumb Code    10  bsp_hall.o(i.BspHall_ReadB)
    BspHall_ReadC                            0x080007e1   Thumb Code     8  bsp_hall.o(i.BspHall_ReadC)
    BspHall_ReadPins                         0x080007ed   Thumb Code    34  bsp_hall.o(i.BspHall_ReadPins)
    BspLcd_Init                              0x0800080f   Thumb Code     4  bsp_lcd.o(i.BspLcd_Init)
    BspLcd_ShowUInt                          0x08000813   Thumb Code    22  bsp_lcd.o(i.BspLcd_ShowUInt)
    BspPwm_GetPeriod                         0x08000829   Thumb Code    10  bsp_pwm.o(i.BspPwm_GetPeriod)
    BspPwm_SetCompare                        0x08000851   Thumb Code    18  bsp_pwm.o(i.BspPwm_SetCompare)
    BspPwm_SetVoltageABC                     0x08000869   Thumb Code   128  bsp_pwm.o(i.BspPwm_SetVoltageABC)
    BspPwm_StartAdcTrigger                   0x080008ed   Thumb Code    40  bsp_pwm.o(i.BspPwm_StartAdcTrigger)
    BspPwm_StartPowerOutputs                 0x08000919   Thumb Code    82  bsp_pwm.o(i.BspPwm_StartPowerOutputs)
    BspPwm_Stop                              0x08000971   Thumb Code    62  bsp_pwm.o(i.BspPwm_Stop)
    BspWs2812_Clear                          0x080009b5   Thumb Code    36  bsp_ws2812.o(i.BspWs2812_Clear)
    BspWs2812_Init                           0x080009dd   Thumb Code    64  bsp_ws2812.o(i.BspWs2812_Init)
    BspWs2812_OnComplete                     0x08000a25   Thumb Code     2  bsp_ws2812.o(i.BspWs2812_OnComplete)
    BspWs2812_OnError                        0x08000a27   Thumb Code     2  bsp_ws2812.o(i.BspWs2812_OnError)
    BspWs2812_SetColor                       0x08000a29   Thumb Code    12  bsp_ws2812.o(i.BspWs2812_SetColor)
    BspWs2812_SetColorIndex                  0x08000a35   Thumb Code    30  bsp_ws2812.o(i.BspWs2812_SetColorIndex)
    BspWs2812_Show                           0x08000a59   Thumb Code    86  bsp_ws2812.o(i.BspWs2812_Show)
    BspWs2812_WriteColor                     0x08000ac1   Thumb Code    20  bsp_ws2812.o(i.BspWs2812_WriteColor)
    BusFault_Handler                         0x08000ad5   Thumb Code    18  stm32g4xx_it.o(i.BusFault_Handler)
    DMA1_Channel1_IRQHandler                 0x08000af5   Thumb Code     6  stm32g4xx_it.o(i.DMA1_Channel1_IRQHandler)
    DMA1_Channel2_IRQHandler                 0x08000b01   Thumb Code     6  stm32g4xx_it.o(i.DMA1_Channel2_IRQHandler)
    DebugMon_Handler                         0x08000baf   Thumb Code     2  stm32g4xx_it.o(i.DebugMon_Handler)
    DisplayInit                              0x08000bb1   Thumb Code    56  user_display.o(i.DisplayInit)
    DisplayOff                               0x08000bf1   Thumb Code     2  user_display.o(i.DisplayOff)
    DisplayPowerOn                           0x08000bf5   Thumb Code    76  user_display.o(i.DisplayPowerOn)
    DisplayRunning                           0x08000c55   Thumb Code   176  user_display.o(i.DisplayRunning)
    Error_Handler                            0x08000d0d   Thumb Code    22  main.o(i.Error_Handler)
    FOC_GetDQCurrent                         0x08000d55   Thumb Code    12  user_foc.o(i.FOC_GetDQCurrent)
    FOC_Reset                                0x08000d65   Thumb Code    36  user_foc.o(i.FOC_Reset)
    HAL_ADCEx_Calibration_Start              0x080010d9   Thumb Code   138  stm32g4xx_hal_adc_ex.o(i.HAL_ADCEx_Calibration_Start)
    HAL_ADCEx_EndOfSamplingCallback          0x0800116d   Thumb Code     2  stm32g4xx_hal_adc_ex.o(i.HAL_ADCEx_EndOfSamplingCallback)
    HAL_ADCEx_InjectedConfigChannel          0x08001171   Thumb Code  1314  stm32g4xx_hal_adc_ex.o(i.HAL_ADCEx_InjectedConfigChannel)
    HAL_ADCEx_InjectedConvCpltCallback       0x080016c9   Thumb Code    20  bsp_adc.o(i.HAL_ADCEx_InjectedConvCpltCallback)
    HAL_ADCEx_InjectedGetValue               0x080016dd   Thumb Code    46  stm32g4xx_hal_adc_ex.o(i.HAL_ADCEx_InjectedGetValue)
    HAL_ADCEx_InjectedQueueOverflowCallback  0x0800170b   Thumb Code     2  stm32g4xx_hal_adc_ex.o(i.HAL_ADCEx_InjectedQueueOverflowCallback)
    HAL_ADCEx_InjectedStart_IT               0x0800170d   Thumb Code   320  stm32g4xx_hal_adc_ex.o(i.HAL_ADCEx_InjectedStart_IT)
    HAL_ADCEx_LevelOutOfWindow2Callback      0x08001865   Thumb Code     2  stm32g4xx_hal_adc_ex.o(i.HAL_ADCEx_LevelOutOfWindow2Callback)
    HAL_ADCEx_LevelOutOfWindow3Callback      0x08001867   Thumb Code     2  stm32g4xx_hal_adc_ex.o(i.HAL_ADCEx_LevelOutOfWindow3Callback)
    HAL_ADCEx_MultiModeConfigChannel         0x08001869   Thumb Code   312  stm32g4xx_hal_adc_ex.o(i.HAL_ADCEx_MultiModeConfigChannel)
    HAL_ADC_ConfigChannel                    0x080019b9   Thumb Code  1058  stm32g4xx_hal_adc.o(i.HAL_ADC_ConfigChannel)
    HAL_ADC_ConvCpltCallback                 0x08001e1d   Thumb Code     2  stm32g4xx_hal_adc.o(i.HAL_ADC_ConvCpltCallback)
    HAL_ADC_ErrorCallback                    0x08001e1f   Thumb Code     2  stm32g4xx_hal_adc.o(i.HAL_ADC_ErrorCallback)
    HAL_ADC_GetValue                         0x08001e21   Thumb Code     6  stm32g4xx_hal_adc.o(i.HAL_ADC_GetValue)
    HAL_ADC_IRQHandler                       0x08001e29   Thumb Code   674  stm32g4xx_hal_adc.o(i.HAL_ADC_IRQHandler)
    HAL_ADC_Init                             0x080020e1   Thumb Code   514  stm32g4xx_hal_adc.o(i.HAL_ADC_Init)
    HAL_ADC_LevelOutOfWindowCallback         0x08002315   Thumb Code     2  stm32g4xx_hal_adc.o(i.HAL_ADC_LevelOutOfWindowCallback)
    HAL_ADC_MspInit                          0x08002319   Thumb Code   220  adc.o(i.HAL_ADC_MspInit)
    HAL_ADC_PollForConversion                0x08002405   Thumb Code   290  stm32g4xx_hal_adc.o(i.HAL_ADC_PollForConversion)
    HAL_ADC_Start                            0x0800253d   Thumb Code   288  stm32g4xx_hal_adc.o(i.HAL_ADC_Start)
    HAL_ADC_Stop                             0x08002675   Thumb Code    62  stm32g4xx_hal_adc.o(i.HAL_ADC_Stop)
    HAL_DACEx_DMAUnderrunCallbackCh2         0x080026b3   Thumb Code     2  stm32g4xx_hal_dac_ex.o(i.HAL_DACEx_DMAUnderrunCallbackCh2)
    HAL_DAC_ConfigChannel                    0x080026b5   Thumb Code   446  stm32g4xx_hal_dac.o(i.HAL_DAC_ConfigChannel)
    HAL_DAC_DMAUnderrunCallbackCh1           0x0800287d   Thumb Code     2  stm32g4xx_hal_dac.o(i.HAL_DAC_DMAUnderrunCallbackCh1)
    HAL_DAC_IRQHandler                       0x0800287f   Thumb Code   104  stm32g4xx_hal_dac.o(i.HAL_DAC_IRQHandler)
    HAL_DAC_Init                             0x080028e7   Thumb Code    40  stm32g4xx_hal_dac.o(i.HAL_DAC_Init)
    HAL_DAC_MspInit                          0x08002911   Thumb Code    98  dac.o(i.HAL_DAC_MspInit)
    HAL_DAC_SetValue                         0x0800297d   Thumb Code    36  stm32g4xx_hal_dac.o(i.HAL_DAC_SetValue)
    HAL_DAC_Start                            0x080029a1   Thumb Code   116  stm32g4xx_hal_dac.o(i.HAL_DAC_Start)
    HAL_DMA_IRQHandler                       0x08002a1d   Thumb Code   186  stm32g4xx_hal_dma.o(i.HAL_DMA_IRQHandler)
    HAL_DMA_Init                             0x08002ad9   Thumb Code   178  stm32g4xx_hal_dma.o(i.HAL_DMA_Init)
    HAL_DMA_Start_IT                         0x08002b99   Thumb Code   140  stm32g4xx_hal_dma.o(i.HAL_DMA_Start_IT)
    HAL_Delay                                0x08002c25   Thumb Code    32  stm32g4xx_hal.o(i.HAL_Delay)
    HAL_GPIO_Init                            0x08002c49   Thumb Code   400  stm32g4xx_hal_gpio.o(i.HAL_GPIO_Init)
    HAL_GPIO_ReadPin                         0x08002df9   Thumb Code    10  stm32g4xx_hal_gpio.o(i.HAL_GPIO_ReadPin)
    HAL_GPIO_TogglePin                       0x08002e03   Thumb Code    16  stm32g4xx_hal_gpio.o(i.HAL_GPIO_TogglePin)
    HAL_GPIO_WritePin                        0x08002e13   Thumb Code    10  stm32g4xx_hal_gpio.o(i.HAL_GPIO_WritePin)
    HAL_GetTick                              0x08002e1d   Thumb Code     6  stm32g4xx_hal.o(i.HAL_GetTick)
    HAL_IncTick                              0x08002e29   Thumb Code    12  stm32g4xx_hal.o(i.HAL_IncTick)
    HAL_Init                                 0x08002e39   Thumb Code    30  stm32g4xx_hal.o(i.HAL_Init)
    HAL_InitTick                             0x08002e59   Thumb Code    58  stm32g4xx_hal.o(i.HAL_InitTick)
    HAL_MspInit                              0x08002e9d   Thumb Code    42  stm32g4xx_hal_msp.o(i.HAL_MspInit)
    HAL_NVIC_EnableIRQ                       0x08002ecd   Thumb Code    26  stm32g4xx_hal_cortex.o(i.HAL_NVIC_EnableIRQ)
    HAL_NVIC_SetPriority                     0x08002ee9   Thumb Code    60  stm32g4xx_hal_cortex.o(i.HAL_NVIC_SetPriority)
    HAL_NVIC_SetPriorityGrouping             0x08002f29   Thumb Code    26  stm32g4xx_hal_cortex.o(i.HAL_NVIC_SetPriorityGrouping)
    HAL_PWREx_ControlVoltageScaling          0x08002f4d   Thumb Code   174  stm32g4xx_hal_pwr_ex.o(i.HAL_PWREx_ControlVoltageScaling)
    HAL_PWREx_DisableUCPDDeadBattery         0x08003009   Thumb Code    12  stm32g4xx_hal_pwr_ex.o(i.HAL_PWREx_DisableUCPDDeadBattery)
    HAL_RCCEx_PeriphCLKConfig                0x08003019   Thumb Code   782  stm32g4xx_hal_rcc_ex.o(i.HAL_RCCEx_PeriphCLKConfig)
    HAL_RCC_ClockConfig                      0x08003331   Thumb Code   442  stm32g4xx_hal_rcc.o(i.HAL_RCC_ClockConfig)
    HAL_RCC_GetHCLKFreq                      0x0800350d   Thumb Code     6  stm32g4xx_hal_rcc.o(i.HAL_RCC_GetHCLKFreq)
    HAL_RCC_GetSysClockFreq                  0x08003519   Thumb Code    98  stm32g4xx_hal_rcc.o(i.HAL_RCC_GetSysClockFreq)
    HAL_RCC_OscConfig                        0x08003589   Thumb Code   992  stm32g4xx_hal_rcc.o(i.HAL_RCC_OscConfig)
    HAL_SPI_Init                             0x0800397d   Thumb Code   234  stm32g4xx_hal_spi.o(i.HAL_SPI_Init)
    HAL_SPI_MspInit                          0x08003a69   Thumb Code   220  spi.o(i.HAL_SPI_MspInit)
    HAL_SPI_Transmit                         0x08003b61   Thumb Code   394  stm32g4xx_hal_spi.o(i.HAL_SPI_Transmit)
    HAL_SYSTICK_Config                       0x08003ceb   Thumb Code    40  stm32g4xx_hal_cortex.o(i.HAL_SYSTICK_Config)
    HAL_TIMEx_Break2Callback                 0x08003d13   Thumb Code     2  stm32g4xx_hal_tim_ex.o(i.HAL_TIMEx_Break2Callback)
    HAL_TIMEx_BreakCallback                  0x08003d15   Thumb Code     2  stm32g4xx_hal_tim_ex.o(i.HAL_TIMEx_BreakCallback)
    HAL_TIMEx_CommutCallback                 0x08003d17   Thumb Code     2  stm32g4xx_hal_tim_ex.o(i.HAL_TIMEx_CommutCallback)
    HAL_TIMEx_ConfigBreakDeadTime            0x08003d19   Thumb Code   154  stm32g4xx_hal_tim_ex.o(i.HAL_TIMEx_ConfigBreakDeadTime)
    HAL_TIMEx_DirectionChangeCallback        0x08003dc1   Thumb Code     2  stm32g4xx_hal_tim_ex.o(i.HAL_TIMEx_DirectionChangeCallback)
    HAL_TIMEx_EncoderIndexCallback           0x08003dc3   Thumb Code     2  stm32g4xx_hal_tim_ex.o(i.HAL_TIMEx_EncoderIndexCallback)
    HAL_TIMEx_IndexErrorCallback             0x08003dc5   Thumb Code     2  stm32g4xx_hal_tim_ex.o(i.HAL_TIMEx_IndexErrorCallback)
    HAL_TIMEx_MasterConfigSynchronization    0x08003dc9   Thumb Code   150  stm32g4xx_hal_tim_ex.o(i.HAL_TIMEx_MasterConfigSynchronization)
    HAL_TIMEx_PWMN_Start                     0x08003e81   Thumb Code   176  stm32g4xx_hal_tim_ex.o(i.HAL_TIMEx_PWMN_Start)
    HAL_TIMEx_PWMN_Stop                      0x08003f51   Thumb Code   104  stm32g4xx_hal_tim_ex.o(i.HAL_TIMEx_PWMN_Stop)
    HAL_TIMEx_TransitionErrorCallback        0x08003fb9   Thumb Code     2  stm32g4xx_hal_tim_ex.o(i.HAL_TIMEx_TransitionErrorCallback)
    HAL_TIM_Base_Init                        0x08003fbb   Thumb Code    98  stm32g4xx_hal_tim.o(i.HAL_TIM_Base_Init)
    HAL_TIM_Base_MspInit                     0x0800401d   Thumb Code    86  tim.o(i.HAL_TIM_Base_MspInit)
    HAL_TIM_Base_Start_IT                    0x08004081   Thumb Code   106  stm32g4xx_hal_tim.o(i.HAL_TIM_Base_Start_IT)
    HAL_TIM_ErrorCallback                    0x0800410d   Thumb Code    28  bsp_ws2812.o(i.HAL_TIM_ErrorCallback)
    HAL_TIM_IC_CaptureCallback               0x08004131   Thumb Code     2  stm32g4xx_hal_tim.o(i.HAL_TIM_IC_CaptureCallback)
    HAL_TIM_IRQHandler                       0x08004133   Thumb Code   418  stm32g4xx_hal_tim.o(i.HAL_TIM_IRQHandler)
    HAL_TIM_MspPostInit                      0x080042d5   Thumb Code   220  tim.o(i.HAL_TIM_MspPostInit)
    HAL_TIM_OC_DelayElapsedCallback          0x080043c1   Thumb Code     2  stm32g4xx_hal_tim.o(i.HAL_TIM_OC_DelayElapsedCallback)
    HAL_TIM_PWM_ConfigChannel                0x080043c3   Thumb Code   292  stm32g4xx_hal_tim.o(i.HAL_TIM_PWM_ConfigChannel)
    HAL_TIM_PWM_Init                         0x080044e7   Thumb Code    98  stm32g4xx_hal_tim.o(i.HAL_TIM_PWM_Init)
    HAL_TIM_PWM_MspInit                      0x08004549   Thumb Code   128  tim.o(i.HAL_TIM_PWM_MspInit)
    HAL_TIM_PWM_PulseFinishedCallback        0x080045d9   Thumb Code    38  bsp_ws2812.o(i.HAL_TIM_PWM_PulseFinishedCallback)
    HAL_TIM_PWM_PulseFinishedHalfCpltCallback 0x08004609   Thumb Code    36  bsp_ws2812.o(i.HAL_TIM_PWM_PulseFinishedHalfCpltCallback)
    HAL_TIM_PWM_Start                        0x08004635   Thumb Code   246  stm32g4xx_hal_tim.o(i.HAL_TIM_PWM_Start)
    HAL_TIM_PWM_Start_DMA                    0x08004755   Thumb Code   520  stm32g4xx_hal_tim.o(i.HAL_TIM_PWM_Start_DMA)
    HAL_TIM_PWM_Start_IT                     0x08004991   Thumb Code   302  stm32g4xx_hal_tim.o(i.HAL_TIM_PWM_Start_IT)
    HAL_TIM_PWM_Stop                         0x08004ae9   Thumb Code   158  stm32g4xx_hal_tim.o(i.HAL_TIM_PWM_Stop)
    HAL_TIM_PeriodElapsedCallback            0x08004ba1   Thumb Code    34  main.o(i.HAL_TIM_PeriodElapsedCallback)
    HAL_TIM_TriggerCallback                  0x08004bcd   Thumb Code     2  stm32g4xx_hal_tim.o(i.HAL_TIM_TriggerCallback)
    HardFault_Handler                        0x08004bd1   Thumb Code    18  stm32g4xx_it.o(i.HardFault_Handler)
    LCD_Address_Set                          0x08004bf1   Thumb Code    66  st7789v.o(i.LCD_Address_Set)
    LCD_DrawPoint                            0x08004c33   Thumb Code    22  st7789v.o(i.LCD_DrawPoint)
    LCD_Fill                                 0x08004c49   Thumb Code    62  st7789v.o(i.LCD_Fill)
    LCD_ShowChar                             0x08004c89   Thumb Code   254  st7789v.o(i.LCD_ShowChar)
    LCD_ShowChineseTEST                      0x08004d99   Thumb Code   226  st7789v.o(i.LCD_ShowChineseTEST)
    LCD_ShowIntNum                           0x08004e81   Thumb Code   126  st7789v.o(i.LCD_ShowIntNum)
    LCD_ShowString                           0x08004eff   Thumb Code    58  st7789v.o(i.LCD_ShowString)
    LCD_Write_Data2Bytes                     0x08004f79   Thumb Code    30  st7789v.o(i.LCD_Write_Data2Bytes)
    MX_ADC1_Init                             0x08005051   Thumb Code   232  adc.o(i.MX_ADC1_Init)
    MX_ADC2_Init                             0x0800514d   Thumb Code   112  adc.o(i.MX_ADC2_Init)
    MX_DAC1_Init                             0x080051c9   Thumb Code    80  dac.o(i.MX_DAC1_Init)
    MX_DMA_Init                              0x08005221   Thumb Code    72  dma.o(i.MX_DMA_Init)
    MX_GPIO_Init                             0x0800526d   Thumb Code   286  gpio.o(i.MX_GPIO_Init)
    MX_SPI1_Init                             0x0800539d   Thumb Code    72  spi.o(i.MX_SPI1_Init)
    MX_SPI3_Init                             0x080053ed   Thumb Code    72  spi.o(i.MX_SPI3_Init)
    MX_TIM1_Init                             0x0800543d   Thumb Code   228  tim.o(i.MX_TIM1_Init)
    MX_TIM2_Init                             0x08005529   Thumb Code   106  tim.o(i.MX_TIM2_Init)
    MX_TIM6_Init                             0x08005599   Thumb Code    64  tim.o(i.MX_TIM6_Init)
    MX_TIM7_Init                             0x080055e1   Thumb Code    64  tim.o(i.MX_TIM7_Init)
    MemManage_Handler                        0x08005629   Thumb Code    18  stm32g4xx_it.o(i.MemManage_Handler)
    NMI_Handler                              0x08005649   Thumb Code    10  stm32g4xx_it.o(i.NMI_Handler)
    PendSV_Handler                           0x0800566d   Thumb Code     2  stm32g4xx_it.o(i.PendSV_Handler)
    PtTaskButton                             0x08005671   Thumb Code    32  user_button.o(i.PtTaskButton)
    PtTaskDisplay                            0x08005695   Thumb Code    96  user_display.o(i.PtTaskDisplay)
    PtTaskSystem                             0x08005701   Thumb Code   618  user_system.o(i.PtTaskSystem)
    PtTaskTime                               0x08005979   Thumb Code    32  user_time.o(i.PtTaskTime)
    SEGGER_RTT_ConfigUpBuffer                0x0800599d   Thumb Code    90  segger_rtt.o(i.SEGGER_RTT_ConfigUpBuffer)
    SEGGER_RTT_Write                         0x080059fd   Thumb Code    52  segger_rtt.o(i.SEGGER_RTT_Write)
    SEGGER_RTT_WriteNoLock                   0x08005a35   Thumb Code    86  segger_rtt.o(i.SEGGER_RTT_WriteNoLock)
    SEGGER_RTT_WriteString                   0x08005a91   Thumb Code    26  segger_rtt.o(i.SEGGER_RTT_WriteString)
    SEGGER_RTT_printf                        0x08005aab   Thumb Code    22  segger_rtt_printf.o(i.SEGGER_RTT_printf)
    SEGGER_RTT_vprintf                       0x08005ac1   Thumb Code   392  segger_rtt_printf.o(i.SEGGER_RTT_vprintf)
    SPI_WriteByte                            0x08005e2d   Thumb Code    18  st7789v.o(i.SPI_WriteByte)
    ST7789V_SetDir                           0x08005e45   Thumb Code    42  st7789v.o(i.ST7789V_SetDir)
    SVC_Handler                              0x08005e6f   Thumb Code     2  stm32g4xx_it.o(i.SVC_Handler)
    SysTick_Handler                          0x08005e71   Thumb Code     4  stm32g4xx_it.o(i.SysTick_Handler)
    SystemClock_Config                       0x08005e75   Thumb Code    98  main.o(i.SystemClock_Config)
    SystemInit                               0x08005ed9   Thumb Code    12  system_stm32g4xx.o(i.SystemInit)
    TIM1_CC_IRQHandler                       0x08005ee9   Thumb Code     6  stm32g4xx_it.o(i.TIM1_CC_IRQHandler)
    TIM1_UP_TIM16_IRQHandler                 0x08005ef5   Thumb Code     6  stm32g4xx_it.o(i.TIM1_UP_TIM16_IRQHandler)
    TIM6_DAC_IRQHandler                      0x08005f01   Thumb Code    18  stm32g4xx_it.o(i.TIM6_DAC_IRQHandler)
    TIM7_DAC_IRQHandler                      0x08005f1d   Thumb Code     6  stm32g4xx_it.o(i.TIM7_DAC_IRQHandler)
    TIM_Base_SetConfig                       0x08005f29   Thumb Code   190  stm32g4xx_hal_tim.o(i.TIM_Base_SetConfig)
    TIM_CCxChannelCmd                        0x0800600d   Thumb Code    26  stm32g4xx_hal_tim.o(i.TIM_CCxChannelCmd)
    TIM_DMADelayPulseHalfCplt                0x0800609f   Thumb Code    56  stm32g4xx_hal_tim.o(i.TIM_DMADelayPulseHalfCplt)
    TIM_DMAError                             0x080060d7   Thumb Code    84  stm32g4xx_hal_tim.o(i.TIM_DMAError)
    TIM_OC2_SetConfig                        0x080061d9   Thumb Code   132  stm32g4xx_hal_tim.o(i.TIM_OC2_SetConfig)
    UsageFault_Handler                       0x080064ad   Thumb Code    18  stm32g4xx_it.o(i.UsageFault_Handler)
    UserButton_GetPressed                    0x080064cd   Thumb Code    62  user_button.o(i.UserButton_GetPressed)
    UserDisplay_Init                         0x08006511   Thumb Code    14  user_display.o(i.UserDisplay_Init)
    UserMotor_GetFaultIa                     0x08006521   Thumb Code     8  user_motor.o(i.UserMotor_GetFaultIa)
    UserMotor_GetFaultIb                     0x0800652d   Thumb Code     8  user_motor.o(i.UserMotor_GetFaultIb)
    UserMotor_GetFaultIc                     0x08006539   Thumb Code     8  user_motor.o(i.UserMotor_GetFaultIc)
    UserMotor_GetIqRef                       0x08006545   Thumb Code     8  user_motor.o(i.UserMotor_GetIqRef)
    UserMotor_GetIqRefTarget                 0x08006551   Thumb Code    50  user_motor.o(i.UserMotor_GetIqRefTarget)
    UserMotor_Init                           0x0800658d   Thumb Code    22  user_motor.o(i.UserMotor_Init)
    UserMotor_IsOverCurrentFault             0x080065a9   Thumb Code     8  user_motor.o(i.UserMotor_IsOverCurrentFault)
    UserMotor_Start                          0x080065dd   Thumb Code    94  user_motor.o(i.UserMotor_Start)
    UserStatusSwitch                         0x08006669   Thumb Code    22  user_button_fun.o(i.UserStatusSwitch)
    UserSysTimeUpdate                        0x08006685   Thumb Code    34  user_time.o(i.UserSysTimeUpdate)
    UserSystem_Init                          0x08006705   Thumb Code    18  user_system.o(i.UserSystem_Init)
    UserTime_Init                            0x08006721   Thumb Code    10  user_time.o(i.UserTime_Init)
    __scatterload_copy                       0x08006b6f   Thumb Code    14  handlers.o(i.__scatterload_copy)
    __scatterload_null                       0x08006b7d   Thumb Code     2  handlers.o(i.__scatterload_null)
    __scatterload_zeroinit                   0x08006b7f   Thumb Code    14  handlers.o(i.__scatterload_zeroinit)
    button_attach                            0x08006b8d   Thumb Code    16  bsp_button.o(i.button_attach)
    button_init                              0x08006d55   Thumb Code    66  bsp_button.o(i.button_init)
    button_is_pressed                        0x08006d97   Thumb Code    24  bsp_button.o(i.button_is_pressed)
    button_start                             0x08006db1   Thumb Code    40  bsp_button.o(i.button_start)
    button_ticks                             0x08006ddd   Thumb Code    22  bsp_button.o(i.button_ticks)
    buttons_init                             0x08006df9   Thumb Code    66  user_button.o(i.buttons_init)
    main                                     0x08006e4d   Thumb Code   210  main.o(i.main)
    mypow                                    0x08006f69   Thumb Code    16  st7789v.o(i.mypow)
    st7789v_init                             0x08006f7d   Thumb Code   452  st7789v.o(i.st7789v_init)
    AHBPrescTable                            0x08007144   Data          16  system_stm32g4xx.o(.constdata)
    ascii_1206                               0x08007188   Data        1140  st7789v.o(.constdata)
    ascii_1608                               0x080075fc   Data        1520  st7789v.o(.constdata)
    ascii_2412                               0x08007bec   Data        4560  st7789v.o(.constdata)
    ascii_3216                               0x08008dbc   Data        6080  st7789v.o(.constdata)
    tfont12                                  0x0800a57c   Data         130  st7789v.o(.constdata)
    tfont16                                  0x0800a5fe   Data         170  st7789v.o(.constdata)
    tfont24                                  0x0800a6a8   Data         370  st7789v.o(.constdata)
    tfont32                                  0x0800a81a   Data         520  st7789v.o(.constdata)
    tfontTEST                                0x0800aa22   Data        4053  st7789v.o(.constdata)
    Region$$Table$$Base                      0x0800bb64   Number         0  anon$$obj.o(Region$$Table)
    Region$$Table$$Limit                     0x0800bba4   Number         0  anon$$obj.o(Region$$Table)
    UserMotor_FastLoop                       0x10000001   Thumb Code    16  user_motor.o(.fastcode)
    Long Thumb to Thumb Veneer to BspPwm_SetVoltageABC 0x10000015   Thumb Code    10  anon$$obj.o(Veneer$$Code)
    uwTickPrio                               0x20000004   Data           4  stm32g4xx_hal.o(.data)
    uwTickFreq                               0x20000008   Data           4  stm32g4xx_hal.o(.data)
    uwTick                                   0x2000000c   Data           4  stm32g4xx_hal.o(.data)
    SystemCoreClock                          0x20000010   Data           4  system_stm32g4xx.o(.data)
    tDisData                                 0x200000a4   Data           6  user_display.o(.data)
    PT_TICK                                  0x20000104   Data          80  main.o(.bss)
    hadc1                                    0x20000554   Data         108  adc.o(.bss)
    hadc2                                    0x200005c0   Data         108  adc.o(.bss)
    hdac1                                    0x2000062c   Data          20  dac.o(.bss)
    hspi1                                    0x20000640   Data         100  spi.o(.bss)
    hspi3                                    0x200006a4   Data         100  spi.o(.bss)
    hdma_spi3_tx                             0x20000708   Data          96  spi.o(.bss)
    htim1                                    0x20000768   Data          76  tim.o(.bss)
    htim2                                    0x200007b4   Data          76  tim.o(.bss)
    htim6                                    0x20000800   Data          76  tim.o(.bss)
    htim7                                    0x2000084c   Data          76  tim.o(.bss)
    hdma_tim2_ch1                            0x20000898   Data          96  tim.o(.bss)
    tSysData                                 0x200009a8   Data          12  user_system.o(.bss)
    _SEGGER_RTT                              0x200009cc   Data         168  segger_rtt.o(.bss)
    __initial_sp                             0x20001588   Data           0  startup_stm32g474xx.o(STACK)



==============================================================================

Memory Map of the image

  Image Entry point : 0x080001d9

  Load Region LR_IROM1 (Base: 0x08000000, Size: 0x0000bcc8, Max: 0x00080000, ABSOLUTE)

    Execution Region ER_IROM1 (Exec base: 0x08000000, Load base: 0x08000000, Size: 0x0000bba4, Max: 0x00080000, ABSOLUTE)

    Exec Addr    Load Addr    Size         Type   Attr      Idx    E Section Name        Object

    0x08000000   0x08000000   0x000001d8   Data   RO            3    RESET               startup_stm32g474xx.o
    0x080001d8   0x080001d8   0x00000000   Code   RO         5887  * .ARM.Collect$$$$00000000  mc_w.l(entry.o)
    0x080001d8   0x080001d8   0x00000004   Code   RO         5917    .ARM.Collect$$$$00000001  mc_w.l(entry2.o)
    0x080001dc   0x080001dc   0x00000004   Code   RO         5920    .ARM.Collect$$$$00000004  mc_w.l(entry5.o)
    0x080001e0   0x080001e0   0x00000000   Code   RO         5922    .ARM.Collect$$$$00000008  mc_w.l(entry7b.o)
    0x080001e0   0x080001e0   0x00000000   Code   RO         5924    .ARM.Collect$$$$0000000A  mc_w.l(entry8b.o)
    0x080001e0   0x080001e0   0x00000008   Code   RO         5925    .ARM.Collect$$$$0000000B  mc_w.l(entry9a.o)
    0x080001e8   0x080001e8   0x00000000   Code   RO         5927    .ARM.Collect$$$$0000000D  mc_w.l(entry10a.o)
    0x080001e8   0x080001e8   0x00000000   Code   RO         5929    .ARM.Collect$$$$0000000F  mc_w.l(entry11a.o)
    0x080001e8   0x080001e8   0x00000004   Code   RO         5918    .ARM.Collect$$$$00002712  mc_w.l(entry2.o)
    0x080001ec   0x080001ec   0x00000024   Code   RO            4    .text               startup_stm32g474xx.o
    0x08000210   0x08000210   0x00000024   Code   RO         5890    .text               mc_w.l(memcpya.o)
    0x08000234   0x08000234   0x00000024   Code   RO         5892    .text               mc_w.l(memseta.o)
    0x08000258   0x08000258   0x0000000e   Code   RO         5894    .text               mc_w.l(strlen.o)
    0x08000266   0x08000266   0x00000002   PAD
    0x08000268   0x08000268   0x00000024   Code   RO         5939    .text               mc_w.l(init.o)
    0x0800028c   0x0800028c   0x0000000a   Ven    RO         5949    Veneer$$Code        anon$$obj.o
    0x08000296   0x08000296   0x00000002   PAD
    0x08000298   0x08000298   0x0000001c   Code   RO          522    i.ADC1_2_IRQHandler  stm32g4xx_it.o
    0x080002b4   0x080002b4   0x000000e0   Code   RO          677    i.ADC_ConversionStop  stm32g4xx_hal_adc.o
    0x08000394   0x08000394   0x00000070   Code   RO          681    i.ADC_Disable       stm32g4xx_hal_adc.o
    0x08000404   0x08000404   0x000000c8   Code   RO          682    i.ADC_Enable        stm32g4xx_hal_adc.o
    0x080004cc   0x080004cc   0x00000014   Code   RO         4898    i.BspAdc2_GetRaw    bsp_adc.o
    0x080004e0   0x080004e0   0x00000060   Code   RO         4900    i.BspAdc2_ReadChannel  bsp_adc.o
    0x08000540   0x08000540   0x00000050   Code   RO         4901    i.BspAdc2_UpdateAll  bsp_adc.o
    0x08000590   0x08000590   0x00000020   Code   RO         4902    i.BspAdc_GetCurrentOffsetRaw  bsp_adc.o
    0x080005b0   0x080005b0   0x00000020   Code   RO         4903    i.BspAdc_GetCurrentOffsetVoltage  bsp_adc.o
    0x080005d0   0x080005d0   0x0000001c   Code   RO         4904    i.BspAdc_GetIa      bsp_adc.o
    0x080005ec   0x080005ec   0x0000001c   Code   RO         4905    i.BspAdc_GetIb      bsp_adc.o
    0x08000608   0x08000608   0x0000001c   Code   RO         4907    i.BspAdc_GetIc      bsp_adc.o
    0x08000624   0x08000624   0x00000014   Code   RO         4908    i.BspAdc_GetInjectedRaw  bsp_adc.o
    0x08000638   0x08000638   0x0000000c   Code   RO         4909    i.BspAdc_IsCurrentOffsetReady  bsp_adc.o
    0x08000644   0x08000644   0x0000001c   Code   RO         4910    i.BspAdc_RawToCurrent  bsp_adc.o
    0x08000660   0x08000660   0x00000038   Code   RO         4911    i.BspAdc_ResetCurrentOffset  bsp_adc.o
    0x08000698   0x08000698   0x00000014   Code   RO         4912    i.BspAdc_RestartCurrentOffsetCalibration  bsp_adc.o
    0x080006ac   0x080006ac   0x00000024   Code   RO         4913    i.BspAdc_StartInjected  bsp_adc.o
    0x080006d0   0x080006d0   0x000000b0   Code   RO         4914    i.BspAdc_UpdateInjected  bsp_adc.o
    0x08000780   0x08000780   0x00000034   Code   RO         5187    i.BspButton_ReadLevel  bsp_button.o
    0x080007b4   0x080007b4   0x00000016   Code   RO         5096    i.BspHall_GetState  bsp_hall.o
    0x080007ca   0x080007ca   0x0000000a   Code   RO         5098    i.BspHall_ReadA     bsp_hall.o
    0x080007d4   0x080007d4   0x0000000a   Code   RO         5099    i.BspHall_ReadB     bsp_hall.o
    0x080007de   0x080007de   0x00000002   PAD
    0x080007e0   0x080007e0   0x0000000c   Code   RO         5100    i.BspHall_ReadC     bsp_hall.o
    0x080007ec   0x080007ec   0x00000022   Code   RO         5101    i.BspHall_ReadPins  bsp_hall.o
    0x0800080e   0x0800080e   0x00000004   Code   RO         5150    i.BspLcd_Init       bsp_lcd.o
    0x08000812   0x08000812   0x00000016   Code   RO         5151    i.BspLcd_ShowUInt   bsp_lcd.o
    0x08000828   0x08000828   0x00000010   Code   RO         5030    i.BspPwm_GetPeriod  bsp_pwm.o
    0x08000838   0x08000838   0x00000018   Code   RO         5031    i.BspPwm_LimitCompare  bsp_pwm.o
    0x08000850   0x08000850   0x00000018   Code   RO         5032    i.BspPwm_SetCompare  bsp_pwm.o
    0x08000868   0x08000868   0x00000084   Code   RO         5033    i.BspPwm_SetVoltageABC  bsp_pwm.o
    0x080008ec   0x080008ec   0x0000002c   Code   RO         5035    i.BspPwm_StartAdcTrigger  bsp_pwm.o
    0x08000918   0x08000918   0x00000058   Code   RO         5036    i.BspPwm_StartPowerOutputs  bsp_pwm.o
    0x08000970   0x08000970   0x00000044   Code   RO         5037    i.BspPwm_Stop       bsp_pwm.o
    0x080009b4   0x080009b4   0x00000028   Code   RO         5743    i.BspWs2812_Clear   bsp_ws2812.o
    0x080009dc   0x080009dc   0x00000048   Code   RO         5744    i.BspWs2812_Init    bsp_ws2812.o
    0x08000a24   0x08000a24   0x00000002   Code   RO         5746    i.BspWs2812_OnComplete  bsp_ws2812.o
    0x08000a26   0x08000a26   0x00000002   Code   RO         5747    i.BspWs2812_OnError  bsp_ws2812.o
    0x08000a28   0x08000a28   0x0000000c   Code   RO         5748    i.BspWs2812_SetColor  bsp_ws2812.o
    0x08000a34   0x08000a34   0x00000024   Code   RO         5749    i.BspWs2812_SetColorIndex  bsp_ws2812.o
    0x08000a58   0x08000a58   0x00000068   Code   RO         5750    i.BspWs2812_Show    bsp_ws2812.o
    0x08000ac0   0x08000ac0   0x00000014   Code   RO         5751    i.BspWs2812_WriteColor  bsp_ws2812.o
    0x08000ad4   0x08000ad4   0x00000020   Code   RO          523    i.BusFault_Handler  stm32g4xx_it.o
    0x08000af4   0x08000af4   0x0000000c   Code   RO          524    i.DMA1_Channel1_IRQHandler  stm32g4xx_it.o
    0x08000b00   0x08000b00   0x0000000c   Code   RO          525    i.DMA1_Channel2_IRQHandler  stm32g4xx_it.o
    0x08000b0c   0x08000b0c   0x00000040   Code   RO         2001    i.DMA_CalcDMAMUXChannelBaseAndMask  stm32g4xx_hal_dma.o
    0x08000b4c   0x08000b4c   0x00000024   Code   RO         2002    i.DMA_CalcDMAMUXRequestGenBaseAndMask  stm32g4xx_hal_dma.o
    0x08000b70   0x08000b70   0x0000003e   Code   RO         2003    i.DMA_SetConfig     stm32g4xx_hal_dma.o
    0x08000bae   0x08000bae   0x00000002   Code   RO          526    i.DebugMon_Handler  stm32g4xx_it.o
    0x08000bb0   0x08000bb0   0x00000040   Code   RO         4649    i.DisplayInit       user_display.o
    0x08000bf0   0x08000bf0   0x00000002   Code   RO         4650    i.DisplayOff        user_display.o
    0x08000bf2   0x08000bf2   0x00000002   PAD
    0x08000bf4   0x08000bf4   0x00000060   Code   RO         4651    i.DisplayPowerOn    user_display.o
    0x08000c54   0x08000c54   0x000000b8   Code   RO         4652    i.DisplayRunning    user_display.o
    0x08000d0c   0x08000d0c   0x00000048   Code   RO           13    i.Error_Handler     main.o
    0x08000d54   0x08000d54   0x00000010   Code   RO         4478    i.FOC_GetDQCurrent  user_foc.o
    0x08000d64   0x08000d64   0x00000028   Code   RO         4480    i.FOC_Reset         user_foc.o
    0x08000d8c   0x08000d8c   0x00000012   Code   RO          527    i.FaultGetStackedPc  stm32g4xx_it.o
    0x08000d9e   0x08000d9e   0x00000002   PAD
    0x08000da0   0x08000da0   0x00000338   Code   RO          528    i.FaultPrintRegs    stm32g4xx_it.o
    0x080010d8   0x080010d8   0x00000094   Code   RO          920    i.HAL_ADCEx_Calibration_Start  stm32g4xx_hal_adc_ex.o
    0x0800116c   0x0800116c   0x00000002   Code   RO          924    i.HAL_ADCEx_EndOfSamplingCallback  stm32g4xx_hal_adc_ex.o
    0x0800116e   0x0800116e   0x00000002   PAD
    0x08001170   0x08001170   0x00000558   Code   RO          926    i.HAL_ADCEx_InjectedConfigChannel  stm32g4xx_hal_adc_ex.o
    0x080016c8   0x080016c8   0x00000014   Code   RO         4915    i.HAL_ADCEx_InjectedConvCpltCallback  bsp_adc.o
    0x080016dc   0x080016dc   0x0000002e   Code   RO          928    i.HAL_ADCEx_InjectedGetValue  stm32g4xx_hal_adc_ex.o
    0x0800170a   0x0800170a   0x00000002   Code   RO          930    i.HAL_ADCEx_InjectedQueueOverflowCallback  stm32g4xx_hal_adc_ex.o
    0x0800170c   0x0800170c   0x00000158   Code   RO          932    i.HAL_ADCEx_InjectedStart_IT  stm32g4xx_hal_adc_ex.o
    0x08001864   0x08001864   0x00000002   Code   RO          935    i.HAL_ADCEx_LevelOutOfWindow2Callback  stm32g4xx_hal_adc_ex.o
    0x08001866   0x08001866   0x00000002   Code   RO          936    i.HAL_ADCEx_LevelOutOfWindow3Callback  stm32g4xx_hal_adc_ex.o
    0x08001868   0x08001868   0x00000150   Code   RO          937    i.HAL_ADCEx_MultiModeConfigChannel  stm32g4xx_hal_adc_ex.o
    0x080019b8   0x080019b8   0x00000464   Code   RO          684    i.HAL_ADC_ConfigChannel  stm32g4xx_hal_adc.o
    0x08001e1c   0x08001e1c   0x00000002   Code   RO          685    i.HAL_ADC_ConvCpltCallback  stm32g4xx_hal_adc.o
    0x08001e1e   0x08001e1e   0x00000002   Code   RO          688    i.HAL_ADC_ErrorCallback  stm32g4xx_hal_adc.o
    0x08001e20   0x08001e20   0x00000006   Code   RO          691    i.HAL_ADC_GetValue  stm32g4xx_hal_adc.o
    0x08001e26   0x08001e26   0x00000002   PAD
    0x08001e28   0x08001e28   0x000002b8   Code   RO          692    i.HAL_ADC_IRQHandler  stm32g4xx_hal_adc.o
    0x080020e0   0x080020e0   0x00000234   Code   RO          693    i.HAL_ADC_Init      stm32g4xx_hal_adc.o
    0x08002314   0x08002314   0x00000002   Code   RO          694    i.HAL_ADC_LevelOutOfWindowCallback  stm32g4xx_hal_adc.o
    0x08002316   0x08002316   0x00000002   PAD
    0x08002318   0x08002318   0x000000ec   Code   RO          282    i.HAL_ADC_MspInit   adc.o
    0x08002404   0x08002404   0x00000138   Code   RO          697    i.HAL_ADC_PollForConversion  stm32g4xx_hal_adc.o
    0x0800253c   0x0800253c   0x00000138   Code   RO          699    i.HAL_ADC_Start     stm32g4xx_hal_adc.o
    0x08002674   0x08002674   0x0000003e   Code   RO          703    i.HAL_ADC_Stop      stm32g4xx_hal_adc.o
    0x080026b2   0x080026b2   0x00000002   Code   RO         2804    i.HAL_DACEx_DMAUnderrunCallbackCh2  stm32g4xx_hal_dac_ex.o
    0x080026b4   0x080026b4   0x000001c8   Code   RO         2658    i.HAL_DAC_ConfigChannel  stm32g4xx_hal_dac.o
    0x0800287c   0x0800287c   0x00000002   Code   RO         2661    i.HAL_DAC_DMAUnderrunCallbackCh1  stm32g4xx_hal_dac.o
    0x0800287e   0x0800287e   0x00000068   Code   RO         2667    i.HAL_DAC_IRQHandler  stm32g4xx_hal_dac.o
    0x080028e6   0x080028e6   0x00000028   Code   RO         2668    i.HAL_DAC_Init      stm32g4xx_hal_dac.o
    0x0800290e   0x0800290e   0x00000002   PAD
    0x08002910   0x08002910   0x0000006c   Code   RO          331    i.HAL_DAC_MspInit   dac.o
    0x0800297c   0x0800297c   0x00000024   Code   RO         2671    i.HAL_DAC_SetValue  stm32g4xx_hal_dac.o
    0x080029a0   0x080029a0   0x0000007c   Code   RO         2672    i.HAL_DAC_Start     stm32g4xx_hal_dac.o
    0x08002a1c   0x08002a1c   0x000000ba   Code   RO         2009    i.HAL_DMA_IRQHandler  stm32g4xx_hal_dma.o
    0x08002ad6   0x08002ad6   0x00000002   PAD
    0x08002ad8   0x08002ad8   0x000000c0   Code   RO         2010    i.HAL_DMA_Init      stm32g4xx_hal_dma.o
    0x08002b98   0x08002b98   0x0000008c   Code   RO         2014    i.HAL_DMA_Start_IT  stm32g4xx_hal_dma.o
    0x08002c24   0x08002c24   0x00000024   Code   RO         1141    i.HAL_Delay         stm32g4xx_hal.o
    0x08002c48   0x08002c48   0x000001b0   Code   RO         1866    i.HAL_GPIO_Init     stm32g4xx_hal_gpio.o
    0x08002df8   0x08002df8   0x0000000a   Code   RO         1868    i.HAL_GPIO_ReadPin  stm32g4xx_hal_gpio.o
    0x08002e02   0x08002e02   0x00000010   Code   RO         1869    i.HAL_GPIO_TogglePin  stm32g4xx_hal_gpio.o
    0x08002e12   0x08002e12   0x0000000a   Code   RO         1870    i.HAL_GPIO_WritePin  stm32g4xx_hal_gpio.o
    0x08002e1c   0x08002e1c   0x0000000c   Code   RO         1145    i.HAL_GetTick       stm32g4xx_hal.o
    0x08002e28   0x08002e28   0x00000010   Code   RO         1151    i.HAL_IncTick       stm32g4xx_hal.o
    0x08002e38   0x08002e38   0x0000001e   Code   RO         1152    i.HAL_Init          stm32g4xx_hal.o
    0x08002e56   0x08002e56   0x00000002   PAD
    0x08002e58   0x08002e58   0x00000044   Code   RO         1153    i.HAL_InitTick      stm32g4xx_hal.o
    0x08002e9c   0x08002e9c   0x00000030   Code   RO          653    i.HAL_MspInit       stm32g4xx_hal_msp.o
    0x08002ecc   0x08002ecc   0x0000001a   Code   RO         2515    i.HAL_NVIC_EnableIRQ  stm32g4xx_hal_cortex.o
    0x08002ee6   0x08002ee6   0x00000002   PAD
    0x08002ee8   0x08002ee8   0x00000040   Code   RO         2521    i.HAL_NVIC_SetPriority  stm32g4xx_hal_cortex.o
    0x08002f28   0x08002f28   0x00000024   Code   RO         2522    i.HAL_NVIC_SetPriorityGrouping  stm32g4xx_hal_cortex.o
    0x08002f4c   0x08002f4c   0x000000bc   Code   RO         2269    i.HAL_PWREx_ControlVoltageScaling  stm32g4xx_hal_pwr_ex.o
    0x08003008   0x08003008   0x00000010   Code   RO         2281    i.HAL_PWREx_DisableUCPDDeadBattery  stm32g4xx_hal_pwr_ex.o
    0x08003018   0x08003018   0x00000318   Code   RO         1512    i.HAL_RCCEx_PeriphCLKConfig  stm32g4xx_hal_rcc_ex.o
    0x08003330   0x08003330   0x000001dc   Code   RO         1387    i.HAL_RCC_ClockConfig  stm32g4xx_hal_rcc.o
    0x0800350c   0x0800350c   0x0000000c   Code   RO         1393    i.HAL_RCC_GetHCLKFreq  stm32g4xx_hal_rcc.o
    0x08003518   0x08003518   0x00000070   Code   RO         1397    i.HAL_RCC_GetSysClockFreq  stm32g4xx_hal_rcc.o
    0x08003588   0x08003588   0x000003f4   Code   RO         1400    i.HAL_RCC_OscConfig  stm32g4xx_hal_rcc.o
    0x0800397c   0x0800397c   0x000000ea   Code   RO         2954    i.HAL_SPI_Init      stm32g4xx_hal_spi.o
    0x08003a66   0x08003a66   0x00000002   PAD
    0x08003a68   0x08003a68   0x000000f8   Code   RO          397    i.HAL_SPI_MspInit   spi.o
    0x08003b60   0x08003b60   0x0000018a   Code   RO         2962    i.HAL_SPI_Transmit  stm32g4xx_hal_spi.o
    0x08003cea   0x08003cea   0x00000028   Code   RO         2526    i.HAL_SYSTICK_Config  stm32g4xx_hal_cortex.o
    0x08003d12   0x08003d12   0x00000002   Code   RO         4010    i.HAL_TIMEx_Break2Callback  stm32g4xx_hal_tim_ex.o
    0x08003d14   0x08003d14   0x00000002   Code   RO         4011    i.HAL_TIMEx_BreakCallback  stm32g4xx_hal_tim_ex.o
    0x08003d16   0x08003d16   0x00000002   Code   RO         4012    i.HAL_TIMEx_CommutCallback  stm32g4xx_hal_tim_ex.o
    0x08003d18   0x08003d18   0x000000a8   Code   RO         4015    i.HAL_TIMEx_ConfigBreakDeadTime  stm32g4xx_hal_tim_ex.o
    0x08003dc0   0x08003dc0   0x00000002   Code   RO         4023    i.HAL_TIMEx_DirectionChangeCallback  stm32g4xx_hal_tim_ex.o
    0x08003dc2   0x08003dc2   0x00000002   Code   RO         4037    i.HAL_TIMEx_EncoderIndexCallback  stm32g4xx_hal_tim_ex.o
    0x08003dc4   0x08003dc4   0x00000002   Code   RO         4051    i.HAL_TIMEx_IndexErrorCallback  stm32g4xx_hal_tim_ex.o
    0x08003dc6   0x08003dc6   0x00000002   PAD
    0x08003dc8   0x08003dc8   0x000000b8   Code   RO         4052    i.HAL_TIMEx_MasterConfigSynchronization  stm32g4xx_hal_tim_ex.o
    0x08003e80   0x08003e80   0x000000d0   Code   RO         4064    i.HAL_TIMEx_PWMN_Start  stm32g4xx_hal_tim_ex.o
    0x08003f50   0x08003f50   0x00000068   Code   RO         4067    i.HAL_TIMEx_PWMN_Stop  stm32g4xx_hal_tim_ex.o
    0x08003fb8   0x08003fb8   0x00000002   Code   RO         4073    i.HAL_TIMEx_TransitionErrorCallback  stm32g4xx_hal_tim_ex.o
    0x08003fba   0x08003fba   0x00000062   Code   RO         3296    i.HAL_TIM_Base_Init  stm32g4xx_hal_tim.o
    0x0800401c   0x0800401c   0x00000064   Code   RO          445    i.HAL_TIM_Base_MspInit  tim.o
    0x08004080   0x08004080   0x0000008c   Code   RO         3301    i.HAL_TIM_Base_Start_IT  stm32g4xx_hal_tim.o
    0x0800410c   0x0800410c   0x00000024   Code   RO         5752    i.HAL_TIM_ErrorCallback  bsp_ws2812.o
    0x08004130   0x08004130   0x00000002   Code   RO         3330    i.HAL_TIM_IC_CaptureCallback  stm32g4xx_hal_tim.o
    0x08004132   0x08004132   0x000001a2   Code   RO         3344    i.HAL_TIM_IRQHandler  stm32g4xx_hal_tim.o
    0x080042d4   0x080042d4   0x000000ec   Code   RO          446    i.HAL_TIM_MspPostInit  tim.o
    0x080043c0   0x080043c0   0x00000002   Code   RO         3347    i.HAL_TIM_OC_DelayElapsedCallback  stm32g4xx_hal_tim.o
    0x080043c2   0x080043c2   0x00000124   Code   RO         3368    i.HAL_TIM_PWM_ConfigChannel  stm32g4xx_hal_tim.o
    0x080044e6   0x080044e6   0x00000062   Code   RO         3371    i.HAL_TIM_PWM_Init  stm32g4xx_hal_tim.o
    0x08004548   0x08004548   0x00000090   Code   RO          448    i.HAL_TIM_PWM_MspInit  tim.o
    0x080045d8   0x080045d8   0x00000030   Code   RO         5753    i.HAL_TIM_PWM_PulseFinishedCallback  bsp_ws2812.o
    0x08004608   0x08004608   0x0000002c   Code   RO         5754    i.HAL_TIM_PWM_PulseFinishedHalfCpltCallback  bsp_ws2812.o
    0x08004634   0x08004634   0x00000120   Code   RO         3376    i.HAL_TIM_PWM_Start  stm32g4xx_hal_tim.o
    0x08004754   0x08004754   0x0000023c   Code   RO         3377    i.HAL_TIM_PWM_Start_DMA  stm32g4xx_hal_tim.o
    0x08004990   0x08004990   0x00000158   Code   RO         3378    i.HAL_TIM_PWM_Start_IT  stm32g4xx_hal_tim.o
    0x08004ae8   0x08004ae8   0x000000b8   Code   RO         3379    i.HAL_TIM_PWM_Stop  stm32g4xx_hal_tim.o
    0x08004ba0   0x08004ba0   0x0000002c   Code   RO           14    i.HAL_TIM_PeriodElapsedCallback  main.o
    0x08004bcc   0x08004bcc   0x00000002   Code   RO         3387    i.HAL_TIM_TriggerCallback  stm32g4xx_hal_tim.o
    0x08004bce   0x08004bce   0x00000002   PAD
    0x08004bd0   0x08004bd0   0x00000020   Code   RO          529    i.HardFault_Handler  stm32g4xx_it.o
    0x08004bf0   0x08004bf0   0x00000042   Code   RO         5293    i.LCD_Address_Set   st7789v.o
    0x08004c32   0x08004c32   0x00000016   Code   RO         5295    i.LCD_DrawPoint     st7789v.o
    0x08004c48   0x08004c48   0x0000003e   Code   RO         5297    i.LCD_Fill          st7789v.o
    0x08004c86   0x08004c86   0x00000002   PAD
    0x08004c88   0x08004c88   0x00000110   Code   RO         5298    i.LCD_ShowChar      st7789v.o
    0x08004d98   0x08004d98   0x000000e8   Code   RO         5304    i.LCD_ShowChineseTEST  st7789v.o
    0x08004e80   0x08004e80   0x0000007e   Code   RO         5306    i.LCD_ShowIntNum    st7789v.o
    0x08004efe   0x08004efe   0x0000003a   Code   RO         5308    i.LCD_ShowString    st7789v.o
    0x08004f38   0x08004f38   0x00000020   Code   RO         5309    i.LCD_Write_Cmd     st7789v.o
    0x08004f58   0x08004f58   0x00000020   Code   RO         5310    i.LCD_Write_Data    st7789v.o
    0x08004f78   0x08004f78   0x00000024   Code   RO         5311    i.LCD_Write_Data2Bytes  st7789v.o
    0x08004f9c   0x08004f9c   0x0000000c   Code   RO          707    i.LL_ADC_GetOffsetChannel  stm32g4xx_hal_adc.o
    0x08004fa8   0x08004fa8   0x0000000c   Code   RO          945    i.LL_ADC_GetOffsetChannel  stm32g4xx_hal_adc_ex.o
    0x08004fb4   0x08004fb4   0x00000008   Code   RO          708    i.LL_ADC_INJ_IsConversionOngoing  stm32g4xx_hal_adc.o
    0x08004fbc   0x08004fbc   0x00000008   Code   RO          946    i.LL_ADC_INJ_IsConversionOngoing  stm32g4xx_hal_adc_ex.o
    0x08004fc4   0x08004fc4   0x00000008   Code   RO          709    i.LL_ADC_IsEnabled  stm32g4xx_hal_adc.o
    0x08004fcc   0x08004fcc   0x00000008   Code   RO          947    i.LL_ADC_IsEnabled  stm32g4xx_hal_adc_ex.o
    0x08004fd4   0x08004fd4   0x00000008   Code   RO          710    i.LL_ADC_REG_IsConversionOngoing  stm32g4xx_hal_adc.o
    0x08004fdc   0x08004fdc   0x00000008   Code   RO          948    i.LL_ADC_REG_IsConversionOngoing  stm32g4xx_hal_adc_ex.o
    0x08004fe4   0x08004fe4   0x00000010   Code   RO          711    i.LL_ADC_REG_IsTriggerSourceSWStart  stm32g4xx_hal_adc.o
    0x08004ff4   0x08004ff4   0x0000001e   Code   RO          713    i.LL_ADC_SetChannelSamplingTime  stm32g4xx_hal_adc.o
    0x08005012   0x08005012   0x0000001e   Code   RO          949    i.LL_ADC_SetChannelSamplingTime  stm32g4xx_hal_adc_ex.o
    0x08005030   0x08005030   0x00000010   Code   RO          714    i.LL_ADC_SetOffsetState  stm32g4xx_hal_adc.o
    0x08005040   0x08005040   0x00000010   Code   RO          950    i.LL_ADC_SetOffsetState  stm32g4xx_hal_adc_ex.o
    0x08005050   0x08005050   0x000000fc   Code   RO          283    i.MX_ADC1_Init      adc.o
    0x0800514c   0x0800514c   0x0000007c   Code   RO          284    i.MX_ADC2_Init      adc.o
    0x080051c8   0x080051c8   0x00000058   Code   RO          332    i.MX_DAC1_Init      dac.o
    0x08005220   0x08005220   0x0000004c   Code   RO          372    i.MX_DMA_Init       dma.o
    0x0800526c   0x0800526c   0x00000130   Code   RO          257    i.MX_GPIO_Init      gpio.o
    0x0800539c   0x0800539c   0x00000050   Code   RO          398    i.MX_SPI1_Init      spi.o
    0x080053ec   0x080053ec   0x00000050   Code   RO          399    i.MX_SPI3_Init      spi.o
    0x0800543c   0x0800543c   0x000000ec   Code   RO          449    i.MX_TIM1_Init      tim.o
    0x08005528   0x08005528   0x00000070   Code   RO          450    i.MX_TIM2_Init      tim.o
    0x08005598   0x08005598   0x00000048   Code   RO          451    i.MX_TIM6_Init      tim.o
    0x080055e0   0x080055e0   0x00000048   Code   RO          452    i.MX_TIM7_Init      tim.o
    0x08005628   0x08005628   0x00000020   Code   RO          530    i.MemManage_Handler  stm32g4xx_it.o
    0x08005648   0x08005648   0x00000024   Code   RO          531    i.NMI_Handler       stm32g4xx_it.o
    0x0800566c   0x0800566c   0x00000002   Code   RO          532    i.PendSV_Handler    stm32g4xx_it.o
    0x0800566e   0x0800566e   0x00000002   PAD
    0x08005670   0x08005670   0x00000024   Code   RO         4726    i.PtTaskButton      user_button.o
    0x08005694   0x08005694   0x0000006c   Code   RO         4653    i.PtTaskDisplay     user_display.o
    0x08005700   0x08005700   0x00000278   Code   RO         4815    i.PtTaskSystem      user_system.o
    0x08005978   0x08005978   0x00000024   Code   RO         4858    i.PtTaskTime        user_time.o
    0x0800599c   0x0800599c   0x00000060   Code   RO         5466    i.SEGGER_RTT_ConfigUpBuffer  segger_rtt.o
    0x080059fc   0x080059fc   0x00000038   Code   RO         5488    i.SEGGER_RTT_Write  segger_rtt.o
    0x08005a34   0x08005a34   0x0000005c   Code   RO         5491    i.SEGGER_RTT_WriteNoLock  segger_rtt.o
    0x08005a90   0x08005a90   0x0000001a   Code   RO         5493    i.SEGGER_RTT_WriteString  segger_rtt.o
    0x08005aaa   0x08005aaa   0x00000016   Code   RO         5702    i.SEGGER_RTT_printf  segger_rtt_printf.o
    0x08005ac0   0x08005ac0   0x00000190   Code   RO         5703    i.SEGGER_RTT_vprintf  segger_rtt_printf.o
    0x08005c50   0x08005c50   0x00000048   Code   RO         2992    i.SPI_EndRxTxTransaction  stm32g4xx_hal_spi.o
    0x08005c98   0x08005c98   0x000000dc   Code   RO         2997    i.SPI_WaitFifoStateUntilTimeout  stm32g4xx_hal_spi.o
    0x08005d74   0x08005d74   0x000000b8   Code   RO         2998    i.SPI_WaitFlagStateUntilTimeout  stm32g4xx_hal_spi.o
    0x08005e2c   0x08005e2c   0x00000018   Code   RO         5313    i.SPI_WriteByte     st7789v.o
    0x08005e44   0x08005e44   0x0000002a   Code   RO         5314    i.ST7789V_SetDir    st7789v.o
    0x08005e6e   0x08005e6e   0x00000002   Code   RO          533    i.SVC_Handler       stm32g4xx_it.o
    0x08005e70   0x08005e70   0x00000004   Code   RO          534    i.SysTick_Handler   stm32g4xx_it.o
    0x08005e74   0x08005e74   0x00000062   Code   RO           15    i.SystemClock_Config  main.o
    0x08005ed6   0x08005ed6   0x00000002   PAD
    0x08005ed8   0x08005ed8   0x00000010   Code   RO         4440    i.SystemInit        system_stm32g4xx.o
    0x08005ee8   0x08005ee8   0x0000000c   Code   RO          535    i.TIM1_CC_IRQHandler  stm32g4xx_it.o
    0x08005ef4   0x08005ef4   0x0000000c   Code   RO          536    i.TIM1_UP_TIM16_IRQHandler  stm32g4xx_it.o
    0x08005f00   0x08005f00   0x0000001c   Code   RO          537    i.TIM6_DAC_IRQHandler  stm32g4xx_it.o
    0x08005f1c   0x08005f1c   0x0000000c   Code   RO          538    i.TIM7_DAC_IRQHandler  stm32g4xx_it.o
    0x08005f28   0x08005f28   0x000000e4   Code   RO         3389    i.TIM_Base_SetConfig  stm32g4xx_hal_tim.o
    0x0800600c   0x0800600c   0x0000001a   Code   RO         3390    i.TIM_CCxChannelCmd  stm32g4xx_hal_tim.o
    0x08006026   0x08006026   0x0000001a   Code   RO         4076    i.TIM_CCxNChannelCmd  stm32g4xx_hal_tim_ex.o
    0x08006040   0x08006040   0x0000005e   Code   RO         3393    i.TIM_DMADelayPulseCplt  stm32g4xx_hal_tim.o
    0x0800609e   0x0800609e   0x00000038   Code   RO         3394    i.TIM_DMADelayPulseHalfCplt  stm32g4xx_hal_tim.o
    0x080060d6   0x080060d6   0x00000054   Code   RO         3395    i.TIM_DMAError      stm32g4xx_hal_tim.o
    0x0800612a   0x0800612a   0x00000002   PAD
    0x0800612c   0x0800612c   0x000000ac   Code   RO         3402    i.TIM_OC1_SetConfig  stm32g4xx_hal_tim.o
    0x080061d8   0x080061d8   0x000000a0   Code   RO         3403    i.TIM_OC2_SetConfig  stm32g4xx_hal_tim.o
    0x08006278   0x08006278   0x000000a0   Code   RO         3404    i.TIM_OC3_SetConfig  stm32g4xx_hal_tim.o
    0x08006318   0x08006318   0x000000a0   Code   RO         3405    i.TIM_OC4_SetConfig  stm32g4xx_hal_tim.o
    0x080063b8   0x080063b8   0x00000078   Code   RO         3406    i.TIM_OC5_SetConfig  stm32g4xx_hal_tim.o
    0x08006430   0x08006430   0x0000007c   Code   RO         3407    i.TIM_OC6_SetConfig  stm32g4xx_hal_tim.o
    0x080064ac   0x080064ac   0x00000020   Code   RO          539    i.UsageFault_Handler  stm32g4xx_it.o
    0x080064cc   0x080064cc   0x00000044   Code   RO         4728    i.UserButton_GetPressed  user_button.o
    0x08006510   0x08006510   0x0000000e   Code   RO         4654    i.UserDisplay_Init  user_display.o
    0x0800651e   0x0800651e   0x00000002   PAD
    0x08006520   0x08006520   0x0000000c   Code   RO         4550    i.UserMotor_GetFaultIa  user_motor.o
    0x0800652c   0x0800652c   0x0000000c   Code   RO         4551    i.UserMotor_GetFaultIb  user_motor.o
    0x08006538   0x08006538   0x0000000c   Code   RO         4552    i.UserMotor_GetFaultIc  user_motor.o
    0x08006544   0x08006544   0x0000000c   Code   RO         4553    i.UserMotor_GetIqRef  user_motor.o
    0x08006550   0x08006550   0x0000003c   Code   RO         4554    i.UserMotor_GetIqRefTarget  user_motor.o
    0x0800658c   0x0800658c   0x0000001c   Code   RO         4556    i.UserMotor_Init    user_motor.o
    0x080065a8   0x080065a8   0x0000000c   Code   RO         4557    i.UserMotor_IsOverCurrentFault  user_motor.o
    0x080065b4   0x080065b4   0x00000028   Code   RO         4558    i.UserMotor_ResetStartup  user_motor.o
    0x080065dc   0x080065dc   0x00000068   Code   RO         4559    i.UserMotor_Start   user_motor.o
    0x08006644   0x08006644   0x00000024   Code   RO         4560    i.UserMotor_WaitForCurrentOffset  user_motor.o
    0x08006668   0x08006668   0x0000001c   Code   RO         4791    i.UserStatusSwitch  user_button_fun.o
    0x08006684   0x08006684   0x00000028   Code   RO         4859    i.UserSysTimeUpdate  user_time.o
    0x080066ac   0x080066ac   0x00000058   Code   RO         4816    i.UserSystem_CurrentToDecimal3  user_system.o
    0x08006704   0x08006704   0x0000001c   Code   RO         4817    i.UserSystem_Init   user_system.o
    0x08006720   0x08006720   0x00000010   Code   RO         4860    i.UserTime_Init     user_time.o
    0x08006730   0x08006730   0x00000018   Code   RO         5755    i.Ws2812_CompleteStop  bsp_ws2812.o
    0x08006748   0x08006748   0x000000b4   Code   RO         5756    i.Ws2812_FillHalf   bsp_ws2812.o
    0x080067fc   0x080067fc   0x0000006c   Code   RO         5757    i.Ws2812_HwStop     bsp_ws2812.o
    0x08006868   0x08006868   0x00000064   Code   RO         5495    i._DoInit           segger_rtt.o
    0x080068cc   0x080068cc   0x00000016   Code   RO         5496    i._GetAvailWriteSpace  segger_rtt.o
    0x080068e2   0x080068e2   0x000000c4   Code   RO         5704    i._PrintInt         segger_rtt_printf.o
    0x080069a6   0x080069a6   0x00000002   PAD
    0x080069a8   0x080069a8   0x000000cc   Code   RO         5705    i._PrintUnsigned    segger_rtt_printf.o
    0x08006a74   0x08006a74   0x0000003e   Code   RO         5706    i._StoreChar        segger_rtt_printf.o
    0x08006ab2   0x08006ab2   0x0000005a   Code   RO         5498    i._WriteBlocking    segger_rtt.o
    0x08006b0c   0x08006b0c   0x00000042   Code   RO         5499    i._WriteNoCheck     segger_rtt.o
    0x08006b4e   0x08006b4e   0x00000020   Code   RO         2528    i.__NVIC_SetPriority  stm32g4xx_hal_cortex.o
    0x08006b6e   0x08006b6e   0x0000000e   Code   RO         5943    i.__scatterload_copy  mc_w.l(handlers.o)
    0x08006b7c   0x08006b7c   0x00000002   Code   RO         5944    i.__scatterload_null  mc_w.l(handlers.o)
    0x08006b7e   0x08006b7e   0x0000000e   Code   RO         5945    i.__scatterload_zeroinit  mc_w.l(handlers.o)
    0x08006b8c   0x08006b8c   0x00000010   Code   RO         5188    i.button_attach     bsp_button.o
    0x08006b9c   0x08006b9c   0x000001b8   Code   RO         5192    i.button_handler    bsp_button.o
    0x08006d54   0x08006d54   0x00000042   Code   RO         5193    i.button_init       bsp_button.o
    0x08006d96   0x08006d96   0x00000018   Code   RO         5194    i.button_is_pressed  bsp_button.o
    0x08006dae   0x08006dae   0x00000002   PAD
    0x08006db0   0x08006db0   0x0000002c   Code   RO         5196    i.button_start      bsp_button.o
    0x08006ddc   0x08006ddc   0x0000001c   Code   RO         5198    i.button_ticks      bsp_button.o
    0x08006df8   0x08006df8   0x00000054   Code   RO         4731    i.buttons_init      user_button.o
    0x08006e4c   0x08006e4c   0x0000011c   Code   RO           18    i.main              main.o
    0x08006f68   0x08006f68   0x00000010   Code   RO         5315    i.mypow             st7789v.o
    0x08006f78   0x08006f78   0x00000004   Code   RO         4732    i.read_button_gpio  user_button.o
    0x08006f7c   0x08006f7c   0x000001c8   Code   RO         5316    i.st7789v_init      st7789v.o
    0x08007144   0x08007144   0x00000010   Data   RO         4441    .constdata          system_stm32g4xx.o
    0x08007154   0x08007154   0x00000020   Data   RO         4655    .constdata          user_display.o
    0x08007174   0x08007174   0x00000014   Data   RO         4917    .constdata          bsp_adc.o
    0x08007188   0x08007188   0x0000486f   Data   RO         5317    .constdata          st7789v.o
    0x0800b9f7   0x0800b9f7   0x00000021   Data   RO         5501    .constdata          segger_rtt.o
    0x0800ba18   0x0800ba18   0x00000010   Data   RO         5707    .constdata          segger_rtt_printf.o
    0x0800ba28   0x0800ba28   0x0000013a   Data   RO         4819    .conststring        user_system.o
    0x0800bb62   0x0800bb62   0x00000002   PAD
    0x0800bb64   0x0800bb64   0x00000040   Data   RO         5941    Region$$Table       anon$$obj.o


    Execution Region RW_IRAM2 (Exec base: 0x10000000, Load base: 0x0800bba4, Size: 0x00000044, Max: 0x00008000, ABSOLUTE)

    Exec Addr    Load Addr    Size         Type   Attr      Idx    E Section Name        Object

    0x10000000   0x0800bba4   0x00000014   Code   RO         4549    .fastcode           user_motor.o
    0x10000014   0x0800bbb8   0x0000000a   Ven    RO         5950    Veneer$$Code        anon$$obj.o
    0x1000001e   0x0800bbc2   0x00000002   PAD
    0x10000020        -       0x00000024   Zero   RW         4561    .ccmram             user_motor.o


    Execution Region RW_IRAM1 (Exec base: 0x20000000, Load base: 0x0800bbc4, Size: 0x00001588, Max: 0x00018000, ABSOLUTE)

    Exec Addr    Load Addr    Size         Type   Attr      Idx    E Section Name        Object

    0x20000000   0x0800bbc4   0x00000004   Data   RW          286    .data               adc.o
    0x20000004   0x0800bbc8   0x0000000c   Data   RW         1172    .data               stm32g4xx_hal.o
    0x20000010   0x0800bbd4   0x00000004   Data   RW         4443    .data               system_stm32g4xx.o
    0x20000014   0x0800bbd8   0x00000080   Data   RW         4484    .data               user_foc.o
    0x20000094   0x0800bc58   0x00000016   Data   RW         4656    .data               user_display.o
    0x200000aa   0x0800bc6e   0x00000002   PAD
    0x200000ac   0x0800bc70   0x00000010   Data   RW         4734    .data               user_button.o
    0x200000bc   0x0800bc80   0x0000000c   Data   RW         4820    .data               user_system.o
    0x200000c8   0x0800bc8c   0x00000008   Data   RW         4861    .data               user_time.o
    0x200000d0   0x0800bc94   0x00000018   Data   RW         4918    .data               bsp_adc.o
    0x200000e8   0x0800bcac   0x00000004   Data   RW         5199    .data               bsp_button.o
    0x200000ec   0x0800bcb0   0x00000018   Data   RW         5759    .data               bsp_ws2812.o
    0x20000104        -       0x00000450   Zero   RW           19    .bss                main.o
    0x20000554        -       0x000000d8   Zero   RW          285    .bss                adc.o
    0x2000062c        -       0x00000014   Zero   RW          333    .bss                dac.o
    0x20000640        -       0x00000128   Zero   RW          400    .bss                spi.o
    0x20000768        -       0x00000190   Zero   RW          453    .bss                tim.o
    0x200008f8        -       0x000000b0   Zero   RW         4733    .bss                user_button.o
    0x200009a8        -       0x0000000c   Zero   RW         4818    .bss                user_system.o
    0x200009b4        -       0x00000018   Zero   RW         4916    .bss                bsp_adc.o
    0x200009cc        -       0x000004b8   Zero   RW         5500    .bss                segger_rtt.o
    0x20000e84        -       0x00000300   Zero   RW         5758    .bss                bsp_ws2812.o
    0x20001184   0x0800bcc8   0x00000004   PAD
    0x20001188        -       0x00000400   Zero   RW            1    STACK               startup_stm32g474xx.o


==============================================================================

Image component sizes


      Code (inc. data)   RO Data    RW Data    ZI Data      Debug   Object Name

       612         48          0          4        216       2654   adc.o
       712        112         20         24         24      16221   bsp_adc.o
       670         22          0          4          0       6230   bsp_button.o
        88          4          0          0          0       3048   bsp_hall.o
        26          0          0          0          0       1040   bsp_lcd.o
       396         32          0          0          0       4652   bsp_pwm.o
       728         86          0         24        768      10489   bsp_ws2812.o
       196         18          0          0         20       1637   dac.o
        76          4          0          0          0        778   dma.o
       304         18          0          0          0       1019   gpio.o
       498        134          0          0       1104     910090   main.o
       548         36         33          0       1208      11727   segger_rtt.o
       884         12         16          0          0       5789   segger_rtt_printf.o
       408         44          0          0        296       2403   spi.o
      1476         50      18543          0          0      12278   st7789v.o
        36          8        472          0       1024        816   startup_stm32g474xx.o
       162         24          0         12          0       4173   stm32g4xx_hal.o
      3716        222          0          0          0      86176   stm32g4xx_hal_adc.o
      2332        128          0          0          0      80441   stm32g4xx_hal_adc_ex.o
       198         14          0          0          0      33671   stm32g4xx_hal_cortex.o
       762         18          0          0          0       5716   stm32g4xx_hal_dac.o
         2          0          0          0          0        987   stm32g4xx_hal_dac_ex.o
       680         30          0          0          0       4919   stm32g4xx_hal_dma.o
       468         32          0          0          0       3420   stm32g4xx_hal_gpio.o
        48          6          0          0          0        826   stm32g4xx_hal_msp.o
       204         18          0          0          0       1393   stm32g4xx_hal_pwr_ex.o
      1612         74          0          0          0       5710   stm32g4xx_hal_rcc.o
       792         10          0          0          0       2036   stm32g4xx_hal_rcc_ex.o
      1104         10          0          0          0       5686   stm32g4xx_hal_spi.o
      3824        406          0          0          0      19985   stm32g4xx_hal_tim.o
       704         80          0          0          0       8593   stm32g4xx_hal_tim_ex.o
      1132        550          0          0          0      15965   stm32g4xx_it.o
        16          4         16          4          0       1067   system_stm32g4xx.o
       972         76          0          0        400       5115   tim.o
       192         28          0         16        176       4182   user_button.o
        28          6          0          0          0        519   user_button_fun.o
       468         48         32         22          0       5638   user_display.o
        56          8          0        128          0       3327   user_foc.o
       348         62          0          0         36       8248   user_motor.o
       748         38        314         12         12       3908   user_system.o
        92         16          0          8          0       1909   user_time.o

    ----------------------------------------------------------------------
     28382       2536      19512        260       5288    1304481   Object Totals
        20          0         64          0          0          0   (incl. Generated)
        44          0          2          2          4          0   (incl. Padding)

    ----------------------------------------------------------------------

      Code (inc. data)   RO Data    RW Data    ZI Data      Debug   Library Member Name

         0          0          0          0          0          0   entry.o
         0          0          0          0          0          0   entry10a.o
         0          0          0          0          0          0   entry11a.o
         8          4          0          0          0          0   entry2.o
         4          0          0          0          0          0   entry5.o
         0          0          0          0          0          0   entry7b.o
         0          0          0          0          0          0   entry8b.o
         8          4          0          0          0          0   entry9a.o
        30          0          0          0          0          0   handlers.o
        36          8          0          0          0         68   init.o
        36          0          0          0          0         68   memcpya.o
        36          0          0          0          0        108   memseta.o
        14          0          0          0          0         68   strlen.o

    ----------------------------------------------------------------------
       174         16          0          0          0        312   Library Totals
         2          0          0          0          0          0   (incl. Padding)

    ----------------------------------------------------------------------

      Code (inc. data)   RO Data    RW Data    ZI Data      Debug   Library Name

       172         16          0          0          0        312   mc_w.l

    ----------------------------------------------------------------------
       174         16          0          0          0        312   Library Totals

    ----------------------------------------------------------------------

==============================================================================


      Code (inc. data)   RO Data    RW Data    ZI Data      Debug   

     28556       2552      19512        260       5288    1280145   Grand Totals
     28556       2552      19512        260       5288    1280145   ELF Image Totals
     28556       2552      19512        260          0          0   ROM Totals

==============================================================================

    Total RO  Size (Code + RO Data)                48068 (  46.94kB)
    Total RW  Size (RW Data + ZI Data)              5548 (   5.42kB)
    Total ROM Size (Code + RO Data + RW Data)      48328 (  47.20kB)

==============================================================================

