Component: ARM Compiler 5.06 update 7 (build 960) Tool: armlink [4d3601]

==============================================================================

Section Cross References

    startup_stm32g474xx.o(RESET) refers to startup_stm32g474xx.o(STACK) for __initial_sp
    startup_stm32g474xx.o(RESET) refers to startup_stm32g474xx.o(.text) for Reset_Handler
    startup_stm32g474xx.o(RESET) refers to stm32g4xx_it.o(i.NMI_Handler) for NMI_Handler
    startup_stm32g474xx.o(RESET) refers to stm32g4xx_it.o(i.HardFault_Handler) for HardFault_Handler
    startup_stm32g474xx.o(RESET) refers to stm32g4xx_it.o(i.MemManage_Handler) for MemManage_Handler
    startup_stm32g474xx.o(RESET) refers to stm32g4xx_it.o(i.BusFault_Handler) for BusFault_Handler
    startup_stm32g474xx.o(RESET) refers to stm32g4xx_it.o(i.UsageFault_Handler) for UsageFault_Handler
    startup_stm32g474xx.o(RESET) refers to stm32g4xx_it.o(i.SVC_Handler) for SVC_Handler
    startup_stm32g474xx.o(RESET) refers to stm32g4xx_it.o(i.DebugMon_Handler) for DebugMon_Handler
    startup_stm32g474xx.o(RESET) refers to stm32g4xx_it.o(i.PendSV_Handler) for PendSV_Handler
    startup_stm32g474xx.o(RESET) refers to stm32g4xx_it.o(i.SysTick_Handler) for SysTick_Handler
    startup_stm32g474xx.o(RESET) refers to stm32g4xx_it.o(i.DMA1_Channel1_IRQHandler) for DMA1_Channel1_IRQHandler
    startup_stm32g474xx.o(RESET) refers to stm32g4xx_it.o(i.DMA1_Channel2_IRQHandler) for DMA1_Channel2_IRQHandler
    startup_stm32g474xx.o(RESET) refers to stm32g4xx_it.o(i.ADC1_2_IRQHandler) for ADC1_2_IRQHandler
    startup_stm32g474xx.o(RESET) refers to stm32g4xx_it.o(i.TIM1_UP_TIM16_IRQHandler) for TIM1_UP_TIM16_IRQHandler
    startup_stm32g474xx.o(RESET) refers to stm32g4xx_it.o(i.USART3_IRQHandler) for USART3_IRQHandler
    startup_stm32g474xx.o(RESET) refers to stm32g4xx_it.o(i.TIM6_DAC_IRQHandler) for TIM6_DAC_IRQHandler
    startup_stm32g474xx.o(RESET) refers to stm32g4xx_it.o(i.TIM7_DAC_IRQHandler) for TIM7_DAC_IRQHandler
    startup_stm32g474xx.o(.text) refers to system_stm32g4xx.o(i.SystemInit) for SystemInit
    startup_stm32g474xx.o(.text) refers to entry.o(.ARM.Collect$$$$00000000) for __main
    main.o(i.HAL_ADCEx_InjectedConvCpltCallback) refers to bsp_adc.o(i.BspAdc_UpdateInjected) for BspAdc_UpdateInjected
    main.o(i.HAL_ADCEx_InjectedConvCpltCallback) refers to user_motor.o(i.UserMotor_FastLoop) for UserMotor_FastLoop
    main.o(i.HAL_TIM_PeriodElapsedCallback) refers to main.o(.bss) for .bss
    main.o(i.SystemClock_Config) refers to memseta.o(.text) for __aeabi_memclr4
    main.o(i.SystemClock_Config) refers to stm32g4xx_hal_pwr_ex.o(i.HAL_PWREx_ControlVoltageScaling) for HAL_PWREx_ControlVoltageScaling
    main.o(i.SystemClock_Config) refers to stm32g4xx_hal_rcc.o(i.HAL_RCC_OscConfig) for HAL_RCC_OscConfig
    main.o(i.SystemClock_Config) refers to stm32g4xx_hal_rcc.o(i.HAL_RCC_ClockConfig) for HAL_RCC_ClockConfig
    main.o(i.main) refers to stm32g4xx_hal.o(i.HAL_Init) for HAL_Init
    main.o(i.main) refers to main.o(i.SystemClock_Config) for SystemClock_Config
    main.o(i.main) refers to gpio.o(i.MX_GPIO_Init) for MX_GPIO_Init
    main.o(i.main) refers to dma.o(i.MX_DMA_Init) for MX_DMA_Init
    main.o(i.main) refers to spi.o(i.MX_SPI3_Init) for MX_SPI3_Init
    main.o(i.main) refers to usart.o(i.MX_USART3_UART_Init) for MX_USART3_UART_Init
    main.o(i.main) refers to adc.o(i.MX_ADC2_Init) for MX_ADC2_Init
    main.o(i.main) refers to adc.o(i.MX_ADC1_Init) for MX_ADC1_Init
    main.o(i.main) refers to tim.o(i.MX_TIM1_Init) for MX_TIM1_Init
    main.o(i.main) refers to tim.o(i.MX_TIM6_Init) for MX_TIM6_Init
    main.o(i.main) refers to tim.o(i.MX_TIM7_Init) for MX_TIM7_Init
    main.o(i.main) refers to spi.o(i.MX_SPI1_Init) for MX_SPI1_Init
    main.o(i.main) refers to tim.o(i.MX_TIM2_Init) for MX_TIM2_Init
    main.o(i.main) refers to segger_rtt.o(i.SEGGER_RTT_ConfigUpBuffer) for SEGGER_RTT_ConfigUpBuffer
    main.o(i.main) refers to segger_rtt.o(i.SEGGER_RTT_WriteString) for SEGGER_RTT_WriteString
    main.o(i.main) refers to user_motor.o(i.UserMotor_Init) for UserMotor_Init
    main.o(i.main) refers to user_motor.o(i.UserMotor_Start) for UserMotor_Start
    main.o(i.main) refers to stm32g4xx_hal_tim.o(i.HAL_TIM_Base_Start_IT) for HAL_TIM_Base_Start_IT
    main.o(i.main) refers to user_display.o(i.PtTaskDisplay) for PtTaskDisplay
    main.o(i.main) refers to user_button.o(i.PtTaskButton) for PtTaskButton
    main.o(i.main) refers to user_system.o(i.PtTaskSystem) for PtTaskSystem
    main.o(i.main) refers to user_time.o(i.PtTaskTime) for PtTaskTime
    main.o(i.main) refers to main.o(.bss) for .bss
    main.o(i.main) refers to tim.o(.bss) for htim7
    gpio.o(i.MX_GPIO_Init) refers to memseta.o(.text) for __aeabi_memclr4
    gpio.o(i.MX_GPIO_Init) refers to stm32g4xx_hal_gpio.o(i.HAL_GPIO_WritePin) for HAL_GPIO_WritePin
    gpio.o(i.MX_GPIO_Init) refers to stm32g4xx_hal_gpio.o(i.HAL_GPIO_Init) for HAL_GPIO_Init
[...]
    i.TIM6_DAC_IRQHandler                    0x08005138   Section        0  stm32g4xx_it.o(i.TIM6_DAC_IRQHandler)
    i.TIM7_DAC_IRQHandler                    0x08005144   Section        0  stm32g4xx_it.o(i.TIM7_DAC_IRQHandler)
    i.TIM_Base_SetConfig                     0x08005150   Section        0  stm32g4xx_hal_tim.o(i.TIM_Base_SetConfig)
    i.TIM_CCxChannelCmd                      0x08005234   Section        0  stm32g4xx_hal_tim.o(i.TIM_CCxChannelCmd)
    i.TIM_CCxNChannelCmd                     0x0800524e   Section        0  stm32g4xx_hal_tim_ex.o(i.TIM_CCxNChannelCmd)
    TIM_CCxNChannelCmd                       0x0800524f   Thumb Code    26  stm32g4xx_hal_tim_ex.o(i.TIM_CCxNChannelCmd)
    i.TIM_OC1_SetConfig                      0x08005268   Section        0  stm32g4xx_hal_tim.o(i.TIM_OC1_SetConfig)
    TIM_OC1_SetConfig                        0x08005269   Thumb Code   144  stm32g4xx_hal_tim.o(i.TIM_OC1_SetConfig)
    i.TIM_OC2_SetConfig                      0x08005314   Section        0  stm32g4xx_hal_tim.o(i.TIM_OC2_SetConfig)
    i.TIM_OC3_SetConfig                      0x080053b4   Section        0  stm32g4xx_hal_tim.o(i.TIM_OC3_SetConfig)
    TIM_OC3_SetConfig                        0x080053b5   Thumb Code   130  stm32g4xx_hal_tim.o(i.TIM_OC3_SetConfig)
    i.TIM_OC4_SetConfig                      0x08005454   Section        0  stm32g4xx_hal_tim.o(i.TIM_OC4_SetConfig)
    TIM_OC4_SetConfig                        0x08005455   Thumb Code   132  stm32g4xx_hal_tim.o(i.TIM_OC4_SetConfig)
    i.TIM_OC5_SetConfig                      0x080054f4   Section        0  stm32g4xx_hal_tim.o(i.TIM_OC5_SetConfig)
    TIM_OC5_SetConfig                        0x080054f5   Thumb Code    92  stm32g4xx_hal_tim.o(i.TIM_OC5_SetConfig)
    i.TIM_OC6_SetConfig                      0x0800556c   Section        0  stm32g4xx_hal_tim.o(i.TIM_OC6_SetConfig)
    TIM_OC6_SetConfig                        0x0800556d   Thumb Code    94  stm32g4xx_hal_tim.o(i.TIM_OC6_SetConfig)
    i.UARTEx_SetNbDataToProcess              0x080055e8   Section        0  stm32g4xx_hal_uart_ex.o(i.UARTEx_SetNbDataToProcess)
    UARTEx_SetNbDataToProcess                0x080055e9   Thumb Code    62  stm32g4xx_hal_uart_ex.o(i.UARTEx_SetNbDataToProcess)
    i.UART_AdvFeatureConfig                  0x0800562c   Section        0  stm32g4xx_hal_uart.o(i.UART_AdvFeatureConfig)
    i.UART_CheckIdleState                    0x080056f4   Section        0  stm32g4xx_hal_uart.o(i.UART_CheckIdleState)
    i.UART_DMAAbortOnError                   0x080057a0   Section        0  stm32g4xx_hal_uart.o(i.UART_DMAAbortOnError)
    UART_DMAAbortOnError                     0x080057a1   Thumb Code    16  stm32g4xx_hal_uart.o(i.UART_DMAAbortOnError)
    i.UART_EndRxTransfer                     0x080057b0   Section        0  stm32g4xx_hal_uart.o(i.UART_EndRxTransfer)
    UART_EndRxTransfer                       0x080057b1   Thumb Code    78  stm32g4xx_hal_uart.o(i.UART_EndRxTransfer)
    i.UART_SetConfig                         0x08005804   Section        0  stm32g4xx_hal_uart.o(i.UART_SetConfig)
    i.UART_WaitOnFlagUntilTimeout            0x08005a9c   Section        0  stm32g4xx_hal_uart.o(i.UART_WaitOnFlagUntilTimeout)
    i.USART3_IRQHandler                      0x08005b30   Section        0  stm32g4xx_it.o(i.USART3_IRQHandler)
    i.UsageFault_Handler                     0x08005b3c   Section        0  stm32g4xx_it.o(i.UsageFault_Handler)
    i.UserMotor_FastLoop                     0x08005b40   Section        0  user_motor.o(i.UserMotor_FastLoop)
    i.UserMotor_Init                         0x08005c1c   Section        0  user_motor.o(i.UserMotor_Init)
    i.UserMotor_Start                        0x08005c3c   Section        0  user_motor.o(i.UserMotor_Start)
    i.UserStatusSwitch                       0x08005c50   Section        0  user_button_fun.o(i.UserStatusSwitch)
    i.UserSysTimeUpdate                      0x08005c6c   Section        0  user_time.o(i.UserSysTimeUpdate)
    i.UserSystem_CurrentToDecimal3           0x08005c94   Section        0  user_system.o(i.UserSystem_CurrentToDecimal3)
    UserSystem_CurrentToDecimal3             0x08005c95   Thumb Code    74  user_system.o(i.UserSystem_CurrentToDecimal3)
    i.UserSystem_Init                        0x08005cec   Section        0  user_system.o(i.UserSystem_Init)
    i.UserTime_Init                          0x08005cfc   Section        0  user_time.o(i.UserTime_Init)
    i._DoInit                                0x08005d0c   Section        0  segger_rtt.o(i._DoInit)
    _DoInit                                  0x08005d0d   Thumb Code    80  segger_rtt.o(i._DoInit)
    i._GetAvailWriteSpace                    0x08005d70   Section        0  segger_rtt.o(i._GetAvailWriteSpace)
    _GetAvailWriteSpace                      0x08005d71   Thumb Code    22  segger_rtt.o(i._GetAvailWriteSpace)
    i._PrintInt                              0x08005d88   Section        0  segger_rtt_printf.o(i._PrintInt)
    _PrintInt                                0x08005d89   Thumb Code   198  segger_rtt_printf.o(i._PrintInt)
    i._PrintUnsigned                         0x08005e50   Section        0  segger_rtt_printf.o(i._PrintUnsigned)
    _PrintUnsigned                           0x08005e51   Thumb Code   206  segger_rtt_printf.o(i._PrintUnsigned)
    i._StoreChar                             0x08005f24   Section        0  segger_rtt_printf.o(i._StoreChar)
    _StoreChar                               0x08005f25   Thumb Code    62  segger_rtt_printf.o(i._StoreChar)
    i._WriteBlocking                         0x08005f62   Section        0  segger_rtt.o(i._WriteBlocking)
    _WriteBlocking                           0x08005f63   Thumb Code    90  segger_rtt.o(i._WriteBlocking)
    i._WriteNoCheck                          0x08005fbc   Section        0  segger_rtt.o(i._WriteNoCheck)
    _WriteNoCheck                            0x08005fbd   Thumb Code    66  segger_rtt.o(i._WriteNoCheck)
    i.__ARM_fpclassifyf                      0x08005ffe   Section        0  fpclassifyf.o(i.__ARM_fpclassifyf)
    i.__NVIC_SetPriority                     0x08006024   Section        0  stm32g4xx_hal_cortex.o(i.__NVIC_SetPriority)
    __NVIC_SetPriority                       0x08006025   Thumb Code    32  stm32g4xx_hal_cortex.o(i.__NVIC_SetPriority)
    i.__hardfp_cosf                          0x08006044   Section        0  cosf.o(i.__hardfp_cosf)
    i.__hardfp_sinf                          0x08006194   Section        0  sinf.o(i.__hardfp_sinf)
    i.__mathlib_flt_infnan                   0x08006324   Section        0  funder.o(i.__mathlib_flt_infnan)
    i.__mathlib_flt_invalid                  0x0800632c   Section        0  funder.o(i.__mathlib_flt_invalid)
    i.__mathlib_flt_underflow                0x0800633c   Section        0  funder.o(i.__mathlib_flt_underflow)
    i.__mathlib_rredf2                       0x0800634c   Section        0  rredf.o(i.__mathlib_rredf2)
    i.__scatterload_copy                     0x080064a0   Section       14  handlers.o(i.__scatterload_copy)
    i.__scatterload_null                     0x080064ae   Section        2  handlers.o(i.__scatterload_null)
    i.__scatterload_zeroinit                 0x080064b0   Section       14  handlers.o(i.__scatterload_zeroinit)
    i.__set_errno                            0x080064c0   Section        0  errno.o(i.__set_errno)
    i.button_attach                          0x080064cc   Section        0  bsp_button.o(i.button_attach)
    i.button_handler                         0x080064dc   Section        0  bsp_button.o(i.button_handler)
    button_handler                           0x080064dd   Thumb Code   438  bsp_button.o(i.button_handler)
    i.button_init                            0x08006692   Section        0  bsp_button.o(i.button_init)
    i.button_start                           0x080066d4   Section        0  bsp_button.o(i.button_start)
    i.button_ticks                           0x08006700   Section        0  bsp_button.o(i.button_ticks)
    i.buttons_init                           0x0800671c   Section        0  user_button.o(i.buttons_init)
    i.main                                   0x08006758   Section        0  main.o(i.main)
    i.read_button_gpio                       0x08006824   Section        0  user_button.o(i.read_button_gpio)
    read_button_gpio                         0x08006825   Thumb Code     4  user_button.o(i.read_button_gpio)
    i.st7789v_init                           0x08006828   Section        0  st7789v.o(i.st7789v_init)
    .constdata                               0x080069f0   Section       24  stm32g4xx_hal_uart.o(.constdata)
    .constdata                               0x08006a08   Section       16  stm32g4xx_hal_uart_ex.o(.constdata)
    numerator                                0x08006a08   Data           8  stm32g4xx_hal_uart_ex.o(.constdata)
    denominator                              0x08006a10   Data           8  stm32g4xx_hal_uart_ex.o(.constdata)
    .constdata                               0x08006a18   Section       16  system_stm32g4xx.o(.constdata)
    .constdata                               0x08006a28   Section        8  system_stm32g4xx.o(.constdata)
    .constdata                               0x08006a30   Section       32  user_display.o(.constdata)
    .constdata                               0x08006a50   Section    18543  st7789v.o(.constdata)
    .constdata                               0x0800b2bf   Section       33  segger_rtt.o(.constdata)
    _aTerminalId                             0x0800b2bf   Data          16  segger_rtt.o(.constdata)
    _aInitStr                                0x0800b2cf   Data          17  segger_rtt.o(.constdata)
    .constdata                               0x0800b2e0   Section       16  segger_rtt_printf.o(.constdata)
    _aV2C                                    0x0800b2e0   Data          16  segger_rtt_printf.o(.constdata)
    .constdata                               0x0800b2f0   Section       32  rredf.o(.constdata)
    twooverpi                                0x0800b2f0   Data          32  rredf.o(.constdata)
    .data                                    0x20000000   Section        4  adc.o(.data)
    HAL_RCC_ADC12_CLK_ENABLED                0x20000000   Data           4  adc.o(.data)
    .data                                    0x20000004   Section       12  stm32g4xx_hal.o(.data)
    .data                                    0x20000010   Section        4  system_stm32g4xx.o(.data)
    .data                                    0x20000014   Section      108  user_foc.o(.data)
    foc                                      0x20000014   Data         108  user_foc.o(.data)
    .data                                    0x20000080   Section        8  user_motor.o(.data)
    s_open_loop_theta                        0x20000080   Data           4  user_motor.o(.data)
    s_open_loop_step                         0x20000084   Data           4  user_motor.o(.data)
    .data                                    0x20000088   Section       16  user_display.o(.data)
    init_done                                0x20000088   Data           1  user_display.o(.data)
    init_done                                0x20000089   Data           1  user_display.o(.data)
    u8timecount                              0x2000008a   Data           1  user_display.o(.data)
    pt_lc                                    0x20000090   Data           4  user_display.o(.data)
    u32WiatTime_save                         0x20000094   Data           4  user_display.o(.data)
    .data                                    0x20000098   Section       16  user_button.o(.data)
    button_inited                            0x20000098   Data           1  user_button.o(.data)
    button_last_event                        0x20000099   Data           4  user_button.o(.data)
    pt_lc                                    0x200000a0   Data           4  user_button.o(.data)
    u32WiatTime_save                         0x200000a4   Data           4  user_button.o(.data)
    .data                                    0x200000a8   Section        8  user_system.o(.data)
    pt_lc                                    0x200000a8   Data           4  user_system.o(.data)
    u32WiatTime_save                         0x200000ac   Data           4  user_system.o(.data)
    .data                                    0x200000b0   Section        8  user_time.o(.data)
    pt_lc                                    0x200000b0   Data           4  user_time.o(.data)
    u32WiatTime_save                         0x200000b4   Data           4  user_time.o(.data)
    .data                                    0x200000b8   Section        8  bsp_adc.o(.data)
    s_injected_raw                           0x200000b8   Data           8  bsp_adc.o(.data)
    .data                                    0x200000c0   Section        4  bsp_button.o(.data)
    head_handle                              0x200000c0   Data           4  bsp_button.o(.data)
    .data                                    0x200000c4   Section        4  bsp_ws2812.o(.data)
    ws2812_busy                              0x200000c4   Data           1  bsp_ws2812.o(.data)
    ws2812_color                             0x200000c5   Data           3  bsp_ws2812.o(.data)
    .data                                    0x200000c8   Section        4  errno.o(.data)
    _errno                                   0x200000c8   Data           4  errno.o(.data)
    .bss                                     0x200000cc   Section     1104  main.o(.bss)
    rtt_jscope_up_buffer                     0x2000011c   Data        1024  main.o(.bss)
    .bss                                     0x2000051c   Section      216  adc.o(.bss)
    .bss                                     0x200005f4   Section      296  spi.o(.bss)
    .bss                                     0x2000071c   Section      400  tim.o(.bss)
    .bss                                     0x200008ac   Section      148  usart.o(.bss)
    .bss                                     0x20000940   Section      176  user_button.o(.bss)
    btn1                                     0x20000940   Data          44  user_button.o(.bss)
    btn2                                     0x2000096c   Data          44  user_button.o(.bss)
    btn3                                     0x20000998   Data          44  user_button.o(.bss)
    btn4                                     0x200009c4   Data          44  user_button.o(.bss)
    .bss                                     0x200009f0   Section       12  user_system.o(.bss)
    .bss                                     0x200009fc   Section     1208  segger_rtt.o(.bss)
    _acUpBuffer                              0x20000aa4   Data        1024  segger_rtt.o(.bss)
    _acDownBuffer                            0x20000ea4   Data          16  segger_rtt.o(.bss)
    STACK                                    0x20000eb8   Section     1024  startup_stm32g474xx.o(STACK)

    Global Symbols

    Symbol Name                              Value     Ov Type        Size  Object(Section)

    BuildAttributes$$THM_ISAv4$E$P$D$K$B$S$7EM$VFPi3$EXTD16$VFPS$VFMA$PE$A:L22UL41UL21$X:L11$S22US41US21$IEEE1$IW$USESV6$~STKCKD$USESV7$~SHL$OTIME$ROPI$IEEEX$EBA8$MICROLIB$REQ8$PRES8$EABIv2 0x00000000   Number         0  anon$$obj.o ABSOLUTE
    __ARM_use_no_argv                        0x00000000   Number         0  main.o ABSOLUTE
    __arm_fini_                               - Undefined Weak Reference
    __cpp_initialize__aeabi_                  - Undefined Weak Reference
    __cxa_finalize                            - Undefined Weak Reference
    __decompress                              - Undefined Weak Reference
    _clock_init                               - Undefined Weak Reference
    _microlib_exit                            - Undefined Weak Reference
    __Vectors_Size                           0x000001d8   Number         0  startup_stm32g474xx.o ABSOLUTE
    __Vectors                                0x08000000   Data           4  startup_stm32g474xx.o(RESET)
    __Vectors_End                            0x080001d8   Data           0  startup_stm32g474xx.o(RESET)
    __main                                   0x080001d9   Thumb Code     0  entry.o(.ARM.Collect$$$$00000000)
    _main_stk                                0x080001d9   Thumb Code     0  entry2.o(.ARM.Collect$$$$00000001)
    _main_scatterload                        0x080001dd   Thumb Code     0  entry5.o(.ARM.Collect$$$$00000004)
    __main_after_scatterload                 0x080001e1   Thumb Code     0  entry5.o(.ARM.Collect$$$$00000004)
    _main_clock                              0x080001e1   Thumb Code     0  entry7b.o(.ARM.Collect$$$$00000008)
    _main_cpp_init                           0x080001e1   Thumb Code     0  entry8b.o(.ARM.Collect$$$$0000000A)
    _main_init                               0x080001e1   Thumb Code     0  entry9a.o(.ARM.Collect$$$$0000000B)
    __rt_lib_shutdown_fini                   0x080001e9   Thumb Code     0  entry12b.o(.ARM.Collect$$$$0000000E)
    __rt_final_cpp                           0x080001ed   Thumb Code     0  entry10a.o(.ARM.Collect$$$$0000000F)
    __rt_final_exit                          0x080001ed   Thumb Code     0  entry11a.o(.ARM.Collect$$$$00000011)
    Reset_Handler                            0x080001f1   Thumb Code     8  startup_stm32g474xx.o(.text)
    ADC3_IRQHandler                          0x0800020b   Thumb Code     0  startup_stm32g474xx.o(.text)
    ADC4_IRQHandler                          0x0800020b   Thumb Code     0  startup_stm32g474xx.o(.text)
    ADC5_IRQHandler                          0x0800020b   Thumb Code     0  startup_stm32g474xx.o(.text)
    COMP1_2_3_IRQHandler                     0x0800020b   Thumb Code     0  startup_stm32g474xx.o(.text)
    COMP4_5_6_IRQHandler                     0x0800020b   Thumb Code     0  startup_stm32g474xx.o(.text)
    COMP7_IRQHandler                         0x0800020b   Thumb Code     0  startup_stm32g474xx.o(.text)
    CORDIC_IRQHandler                        0x0800020b   Thumb Code     0  startup_stm32g474xx.o(.text)
    CRS_IRQHandler                           0x0800020b   Thumb Code     0  startup_stm32g474xx.o(.text)
    DMA1_Channel3_IRQHandler                 0x0800020b   Thumb Code     0  startup_stm32g474xx.o(.text)
    DMA1_Channel4_IRQHandler                 0x0800020b   Thumb Code     0  startup_stm32g474xx.o(.text)
    DMA1_Channel5_IRQHandler                 0x0800020b   Thumb Code     0  startup_stm32g474xx.o(.text)
    DMA1_Channel6_IRQHandler                 0x0800020b   Thumb Code     0  startup_stm32g474xx.o(.text)
    DMA1_Channel7_IRQHandler                 0x0800020b   Thumb Code     0  startup_stm32g474xx.o(.text)
    DMA1_Channel8_IRQHandler                 0x0800020b   Thumb Code     0  startup_stm32g474xx.o(.text)
    DMA2_Channel1_IRQHandler                 0x0800020b   Thumb Code     0  startup_stm32g474xx.o(.text)
    DMA2_Channel2_IRQHandler                 0x0800020b   Thumb Code     0  startup_stm32g474xx.o(.text)
    DMA2_Channel3_IRQHandler                 0x0800020b   Thumb Code     0  startup_stm32g474xx.o(.text)
    DMA2_Channel4_IRQHandler                 0x0800020b   Thumb Code     0  startup_stm32g474xx.o(.text)
    DMA2_Channel5_IRQHandler                 0x0800020b   Thumb Code     0  startup_stm32g474xx.o(.text)
    DMA2_Channel6_IRQHandler                 0x0800020b   Thumb Code     0  startup_stm32g474xx.o(.text)
    DMA2_Channel7_IRQHandler                 0x0800020b   Thumb Code     0  startup_stm32g474xx.o(.text)
    DMA2_Channel8_IRQHandler                 0x0800020b   Thumb Code     0  startup_stm32g474xx.o(.text)
    DMAMUX_OVR_IRQHandler                    0x0800020b   Thumb Code     0  startup_stm32g474xx.o(.text)
    EXTI0_IRQHandler                         0x0800020b   Thumb Code     0  startup_stm32g474xx.o(.text)
    EXTI15_10_IRQHandler                     0x0800020b   Thumb Code     0  startup_stm32g474xx.o(.text)
    EXTI1_IRQHandler                         0x0800020b   Thumb Code     0  startup_stm32g474xx.o(.text)
    EXTI2_IRQHandler                         0x0800020b   Thumb Code     0  startup_stm32g474xx.o(.text)
    EXTI3_IRQHandler                         0x0800020b   Thumb Code     0  startup_stm32g474xx.o(.text)
    EXTI4_IRQHandler                         0x0800020b   Thumb Code     0  startup_stm32g474xx.o(.text)
    EXTI9_5_IRQHandler                       0x0800020b   Thumb Code     0  startup_stm32g474xx.o(.text)
    FDCAN1_IT0_IRQHandler                    0x0800020b   Thumb Code     0  startup_stm32g474xx.o(.text)
    FDCAN1_IT1_IRQHandler                    0x0800020b   Thumb Code     0  startup_stm32g474xx.o(.text)
    FDCAN2_IT0_IRQHandler                    0x0800020b   Thumb Code     0  startup_stm32g474xx.o(.text)
    FDCAN2_IT1_IRQHandler                    0x0800020b   Thumb Code     0  startup_stm32g474xx.o(.text)
    FDCAN3_IT0_IRQHandler                    0x0800020b   Thumb Code     0  startup_stm32g474xx.o(.text)
    FDCAN3_IT1_IRQHandler                    0x0800020b   Thumb Code     0  startup_stm32g474xx.o(.text)
    FLASH_IRQHandler                         0x0800020b   Thumb Code     0  startup_stm32g474xx.o(.text)
    FMAC_IRQHandler                          0x0800020b   Thumb Code     0  startup_stm32g474xx.o(.text)
    FMC_IRQHandler                           0x0800020b   Thumb Code     0  startup_stm32g474xx.o(.text)
    FPU_IRQHandler                           0x0800020b   Thumb Code     0  startup_stm32g474xx.o(.text)
    HRTIM1_FLT_IRQHandler                    0x0800020b   Thumb Code     0  startup_stm32g474xx.o(.text)
    HRTIM1_Master_IRQHandler                 0x0800020b   Thumb Code     0  startup_stm32g474xx.o(.text)
    HRTIM1_TIMA_IRQHandler                   0x0800020b   Thumb Code     0  startup_stm32g474xx.o(.text)
    HRTIM1_TIMB_IRQHandler                   0x0800020b   Thumb Code     0  startup_stm32g474xx.o(.text)
    HRTIM1_TIMC_IRQHandler                   0x0800020b   Thumb Code     0  startup_stm32g474xx.o(.text)
    HRTIM1_TIMD_IRQHandler                   0x0800020b   Thumb Code     0  startup_stm32g474xx.o(.text)
    HRTIM1_TIME_IRQHandler                   0x0800020b   Thumb Code     0  startup_stm32g474xx.o(.text)
    HRTIM1_TIMF_IRQHandler                   0x0800020b   Thumb Code     0  startup_stm32g474xx.o(.text)
    I2C1_ER_IRQHandler                       0x0800020b   Thumb Code     0  startup_stm32g474xx.o(.text)
    I2C1_EV_IRQHandler                       0x0800020b   Thumb Code     0  startup_stm32g474xx.o(.text)
    I2C2_ER_IRQHandler                       0x0800020b   Thumb Code     0  startup_stm32g474xx.o(.text)
    I2C2_EV_IRQHandler                       0x0800020b   Thumb Code     0  startup_stm32g474xx.o(.text)
    I2C3_ER_IRQHandler                       0x0800020b   Thumb Code     0  startup_stm32g474xx.o(.text)
    I2C3_EV_IRQHandler                       0x0800020b   Thumb Code     0  startup_stm32g474xx.o(.text)
    I2C4_ER_IRQHandler                       0x0800020b   Thumb Code     0  startup_stm32g474xx.o(.text)
    I2C4_EV_IRQHandler                       0x0800020b   Thumb Code     0  startup_stm32g474xx.o(.text)
    LPTIM1_IRQHandler                        0x0800020b   Thumb Code     0  startup_stm32g474xx.o(.text)
    LPUART1_IRQHandler                       0x0800020b   Thumb Code     0  startup_stm32g474xx.o(.text)
    PVD_PVM_IRQHandler                       0x0800020b   Thumb Code     0  startup_stm32g474xx.o(.text)
    QUADSPI_IRQHandler                       0x0800020b   Thumb Code     0  startup_stm32g474xx.o(.text)
    RCC_IRQHandler                           0x0800020b   Thumb Code     0  startup_stm32g474xx.o(.text)
    RNG_IRQHandler                           0x0800020b   Thumb Code     0  startup_stm32g474xx.o(.text)
    RTC_Alarm_IRQHandler                     0x0800020b   Thumb Code     0  startup_stm32g474xx.o(.text)
    RTC_TAMP_LSECSS_IRQHandler               0x0800020b   Thumb Code     0  startup_stm32g474xx.o(.text)
    RTC_WKUP_IRQHandler                      0x0800020b   Thumb Code     0  startup_stm32g474xx.o(.text)
    SAI1_IRQHandler                          0x0800020b   Thumb Code     0  startup_stm32g474xx.o(.text)
    SPI1_IRQHandler                          0x0800020b   Thumb Code     0  startup_stm32g474xx.o(.text)
    SPI2_IRQHandler                          0x0800020b   Thumb Code     0  startup_stm32g474xx.o(.text)
    SPI3_IRQHandler                          0x0800020b   Thumb Code     0  startup_stm32g474xx.o(.text)
    SPI4_IRQHandler                          0x0800020b   Thumb Code     0  startup_stm32g474xx.o(.text)
    TIM1_BRK_TIM15_IRQHandler                0x0800020b   Thumb Code     0  startup_stm32g474xx.o(.text)
    TIM1_CC_IRQHandler                       0x0800020b   Thumb Code     0  startup_stm32g474xx.o(.text)
    TIM1_TRG_COM_TIM17_IRQHandler            0x0800020b   Thumb Code     0  startup_stm32g474xx.o(.text)
    TIM20_BRK_IRQHandler                     0x0800020b   Thumb Code     0  startup_stm32g474xx.o(.text)
    TIM20_CC_IRQHandler                      0x0800020b   Thumb Code     0  startup_stm32g474xx.o(.text)
    TIM20_TRG_COM_IRQHandler                 0x0800020b   Thumb Code     0  startup_stm32g474xx.o(.text)
    TIM20_UP_IRQHandler                      0x0800020b   Thumb Code     0  startup_stm32g474xx.o(.text)
    TIM2_IRQHandler                          0x0800020b   Thumb Code     0  startup_stm32g474xx.o(.text)
    TIM3_IRQHandler                          0x0800020b   Thumb Code     0  startup_stm32g474xx.o(.text)
    TIM4_IRQHandler                          0x0800020b   Thumb Code     0  startup_stm32g474xx.o(.text)
    TIM5_IRQHandler                          0x0800020b   Thumb Code     0  startup_stm32g474xx.o(.text)
    TIM8_BRK_IRQHandler                      0x0800020b   Thumb Code     0  startup_stm32g474xx.o(.text)
    TIM8_CC_IRQHandler                       0x0800020b   Thumb Code     0  startup_stm32g474xx.o(.text)
    TIM8_TRG_COM_IRQHandler                  0x0800020b   Thumb Code     0  startup_stm32g474xx.o(.text)
    TIM8_UP_IRQHandler                       0x0800020b   Thumb Code     0  startup_stm32g474xx.o(.text)
    UART4_IRQHandler                         0x0800020b   Thumb Code     0  startup_stm32g474xx.o(.text)
    UART5_IRQHandler                         0x0800020b   Thumb Code     0  startup_stm32g474xx.o(.text)
    UCPD1_IRQHandler                         0x0800020b   Thumb Code     0  startup_stm32g474xx.o(.text)
    USART1_IRQHandler                        0x0800020b   Thumb Code     0  startup_stm32g474xx.o(.text)
    USART2_IRQHandler                        0x0800020b   Thumb Code     0  startup_stm32g474xx.o(.text)
    USBWakeUp_IRQHandler                     0x0800020b   Thumb Code     0  startup_stm32g474xx.o(.text)
    USB_HP_IRQHandler                        0x0800020b   Thumb Code     0  startup_stm32g474xx.o(.text)
    USB_LP_IRQHandler                        0x0800020b   Thumb Code     0  startup_stm32g474xx.o(.text)
    WWDG_IRQHandler                          0x0800020b   Thumb Code     0  startup_stm32g474xx.o(.text)
    __aeabi_uldivmod                         0x08000215   Thumb Code    98  uldiv.o(.text)
    __aeabi_memcpy                           0x08000277   Thumb Code    36  memcpya.o(.text)
    __aeabi_memcpy4                          0x08000277   Thumb Code     0  memcpya.o(.text)
    __aeabi_memcpy8                          0x08000277   Thumb Code     0  memcpya.o(.text)
    __aeabi_memset                           0x0800029b   Thumb Code    14  memseta.o(.text)
    __aeabi_memset4                          0x0800029b   Thumb Code     0  memseta.o(.text)
    __aeabi_memset8                          0x0800029b   Thumb Code     0  memseta.o(.text)
    __aeabi_memclr                           0x080002a9   Thumb Code     4  memseta.o(.text)
    __aeabi_memclr4                          0x080002a9   Thumb Code     0  memseta.o(.text)
    __aeabi_memclr8                          0x080002a9   Thumb Code     0  memseta.o(.text)
    _memset$wrapper                          0x080002ad   Thumb Code    18  memseta.o(.text)
    strlen                                   0x080002bf   Thumb Code    14  strlen.o(.text)
    __aeabi_llsl                             0x080002cd   Thumb Code    30  llshl.o(.text)
    _ll_shift_l                              0x080002cd   Thumb Code     0  llshl.o(.text)
    __aeabi_llsr                             0x080002eb   Thumb Code    32  llushr.o(.text)
    _ll_ushift_r                             0x080002eb   Thumb Code     0  llushr.o(.text)
    __I$use$fp                               0x0800030b   Thumb Code     0  iusefp.o(.text)
    __scatterload                            0x0800030d   Thumb Code    28  init.o(.text)
    __scatterload_rt2                        0x0800030d   Thumb Code     0  init.o(.text)
    ADC1_2_IRQHandler                        0x08000331   Thumb Code    18  stm32g4xx_it.o(i.ADC1_2_IRQHandler)
    ADC_Disable                              0x0800034d   Thumb Code   106  stm32g4xx_hal_adc.o(i.ADC_Disable)
    ADC_Enable                               0x080003bd   Thumb Code   172  stm32g4xx_hal_adc.o(i.ADC_Enable)
    BspAdc_GetIa                             0x08000481   Thumb Code     8  bsp_adc.o(i.BspAdc_GetIa)
    BspAdc_GetIb                             0x0800048d   Thumb Code     8  bsp_adc.o(i.BspAdc_GetIb)
    BspAdc_GetIbus                           0x08000499   Thumb Code     8  bsp_adc.o(i.BspAdc_GetIbus)
    BspAdc_GetIc                             0x080004a5   Thumb Code     8  bsp_adc.o(i.BspAdc_GetIc)
    BspAdc_StartInjected                     0x080004d5   Thumb Code    26  bsp_adc.o(i.BspAdc_StartInjected)
    BspAdc_UpdateInjected                    0x080004f5   Thumb Code    70  bsp_adc.o(i.BspAdc_UpdateInjected)
    BspButton_ReadLevel                      0x08000541   Thumb Code    46  bsp_button.o(i.BspButton_ReadLevel)
    BspHall_GetState                         0x08000575   Thumb Code    22  bsp_hall.o(i.BspHall_GetState)
    BspHall_ReadA                            0x0800058b   Thumb Code    10  bsp_hall.o(i.BspHall_ReadA)
    BspHall_ReadB                            0x08000595   Thumb Code    10  bsp_hall.o(i.BspHall_ReadB)
    BspHall_ReadC                            0x080005a1   Thumb Code     8  bsp_hall.o(i.BspHall_ReadC)
    BspHall_ReadPins                         0x080005ad   Thumb Code    34  bsp_hall.o(i.BspHall_ReadPins)
    BspLcd_Init                              0x080005cf   Thumb Code     4  bsp_lcd.o(i.BspLcd_Init)
    BspPwm_GetPeriod                         0x080005d5   Thumb Code    10  bsp_pwm.o(i.BspPwm_GetPeriod)
    BspPwm_SetCompare                        0x080005f9   Thumb Code    18  bsp_pwm.o(i.BspPwm_SetCompare)
    BspPwm_SetVoltageABC                     0x08000611   Thumb Code   128  bsp_pwm.o(i.BspPwm_SetVoltageABC)
    BspPwm_Start                             0x08000695   Thumb Code    88  bsp_pwm.o(i.BspPwm_Start)
    BspWs2812_TimPulseFinishedCallback       0x080006f1   Thumb Code    32  bsp_ws2812.o(i.BspWs2812_TimPulseFinishedCallback)
    BusFault_Handler                         0x08000719   Thumb Code     2  stm32g4xx_it.o(i.BusFault_Handler)
    Clarke_Transform                         0x0800071d   Thumb Code    14  user_foc.o(i.Clarke_Transform)
    DMA1_Channel1_IRQHandler                 0x08000731   Thumb Code     6  stm32g4xx_it.o(i.DMA1_Channel1_IRQHandler)
    DMA1_Channel2_IRQHandler                 0x0800073d   Thumb Code     6  stm32g4xx_it.o(i.DMA1_Channel2_IRQHandler)
    DebugMon_Handler                         0x080007ad   Thumb Code     2  stm32g4xx_it.o(i.DebugMon_Handler)
    DisplayInit                              0x080007b1   Thumb Code    40  user_display.o(i.DisplayInit)
    DisplayOff                               0x080007e1   Thumb Code     2  user_display.o(i.DisplayOff)
    DisplayPowerOn                           0x080007e5   Thumb Code    40  user_display.o(i.DisplayPowerOn)
    DisplayRunning                           0x0800081d   Thumb Code    30  user_display.o(i.DisplayRunning)
    Error_Handler                            0x08000841   Thumb Code     4  main.o(i.Error_Handler)
    FOC_CurrentLoop                          0x08000845   Thumb Code   170  user_foc.o(i.FOC_CurrentLoop)
    FOC_GetDQCurrent                         0x080008f5   Thumb Code    12  user_foc.o(i.FOC_GetDQCurrent)
    FOC_GetThreePhaseVoltage                 0x08000905   Thumb Code    14  user_foc.o(i.FOC_GetThreePhaseVoltage)
    HAL_ADCEx_Calibration_Start              0x08000919   Thumb Code   138  stm32g4xx_hal_adc_ex.o(i.HAL_ADCEx_Calibration_Start)
    HAL_ADCEx_EndOfSamplingCallback          0x080009ad   Thumb Code     2  stm32g4xx_hal_adc_ex.o(i.HAL_ADCEx_EndOfSamplingCallback)
    HAL_ADCEx_InjectedConfigChannel          0x080009b1   Thumb Code  1324  stm32g4xx_hal_adc_ex.o(i.HAL_ADCEx_InjectedConfigChannel)
    HAL_ADCEx_InjectedConvCpltCallback       0x08000f11   Thumb Code    20  main.o(i.HAL_ADCEx_InjectedConvCpltCallback)
    HAL_ADCEx_InjectedGetValue               0x08000f25   Thumb Code    46  stm32g4xx_hal_adc_ex.o(i.HAL_ADCEx_InjectedGetValue)
    HAL_ADCEx_InjectedQueueOverflowCallback  0x08000f53   Thumb Code     2  stm32g4xx_hal_adc_ex.o(i.HAL_ADCEx_InjectedQueueOverflowCallback)
    HAL_ADCEx_InjectedStart_IT               0x08000f55   Thumb Code   320  stm32g4xx_hal_adc_ex.o(i.HAL_ADCEx_InjectedStart_IT)
    HAL_ADCEx_LevelOutOfWindow2Callback      0x080010ad   Thumb Code     2  stm32g4xx_hal_adc_ex.o(i.HAL_ADCEx_LevelOutOfWindow2Callback)
    HAL_ADCEx_LevelOutOfWindow3Callback      0x080010af   Thumb Code     2  stm32g4xx_hal_adc_ex.o(i.HAL_ADCEx_LevelOutOfWindow3Callback)
    HAL_ADCEx_MultiModeConfigChannel         0x080010b1   Thumb Code   326  stm32g4xx_hal_adc_ex.o(i.HAL_ADCEx_MultiModeConfigChannel)
    HAL_ADC_ConfigChannel                    0x08001211   Thumb Code  1066  stm32g4xx_hal_adc.o(i.HAL_ADC_ConfigChannel)
    HAL_ADC_ConvCpltCallback                 0x0800167d   Thumb Code     2  stm32g4xx_hal_adc.o(i.HAL_ADC_ConvCpltCallback)
    HAL_ADC_ErrorCallback                    0x0800167f   Thumb Code     2  stm32g4xx_hal_adc.o(i.HAL_ADC_ErrorCallback)
    HAL_ADC_IRQHandler                       0x08001681   Thumb Code   674  stm32g4xx_hal_adc.o(i.HAL_ADC_IRQHandler)
    HAL_ADC_Init                             0x08001939   Thumb Code   510  stm32g4xx_hal_adc.o(i.HAL_ADC_Init)
    HAL_ADC_LevelOutOfWindowCallback         0x08001b69   Thumb Code     2  stm32g4xx_hal_adc.o(i.HAL_ADC_LevelOutOfWindowCallback)
    HAL_ADC_MspInit                          0x08001b6d   Thumb Code   220  adc.o(i.HAL_ADC_MspInit)
    HAL_DMA_Abort                            0x08001c59   Thumb Code   106  stm32g4xx_hal_dma.o(i.HAL_DMA_Abort)
    HAL_DMA_Abort_IT                         0x08001cc3   Thumb Code   120  stm32g4xx_hal_dma.o(i.HAL_DMA_Abort_IT)
    HAL_DMA_IRQHandler                       0x08001d3b   Thumb Code   186  stm32g4xx_hal_dma.o(i.HAL_DMA_IRQHandler)
    HAL_DMA_Init                             0x08001df5   Thumb Code   178  stm32g4xx_hal_dma.o(i.HAL_DMA_Init)
    HAL_Delay                                0x08001eb5   Thumb Code    32  stm32g4xx_hal.o(i.HAL_Delay)
    HAL_GPIO_Init                            0x08001ed9   Thumb Code   550  stm32g4xx_hal_gpio.o(i.HAL_GPIO_Init)
    HAL_GPIO_ReadPin                         0x08002121   Thumb Code    10  stm32g4xx_hal_gpio.o(i.HAL_GPIO_ReadPin)
    HAL_GPIO_WritePin                        0x0800212b   Thumb Code    10  stm32g4xx_hal_gpio.o(i.HAL_GPIO_WritePin)
    HAL_GetTick                              0x08002135   Thumb Code     6  stm32g4xx_hal.o(i.HAL_GetTick)
    HAL_IncTick                              0x08002141   Thumb Code    12  stm32g4xx_hal.o(i.HAL_IncTick)
    HAL_Init                                 0x08002151   Thumb Code    30  stm32g4xx_hal.o(i.HAL_Init)
    HAL_InitTick                             0x08002171   Thumb Code    58  stm32g4xx_hal.o(i.HAL_InitTick)
    HAL_MspInit                              0x080021b5   Thumb Code    42  stm32g4xx_hal_msp.o(i.HAL_MspInit)
    HAL_NVIC_EnableIRQ                       0x080021e5   Thumb Code    26  stm32g4xx_hal_cortex.o(i.HAL_NVIC_EnableIRQ)
    HAL_NVIC_SetPriority                     0x08002201   Thumb Code    60  stm32g4xx_hal_cortex.o(i.HAL_NVIC_SetPriority)
    HAL_NVIC_SetPriorityGrouping             0x08002241   Thumb Code    26  stm32g4xx_hal_cortex.o(i.HAL_NVIC_SetPriorityGrouping)
    HAL_PWREx_ControlVoltageScaling          0x08002265   Thumb Code   174  stm32g4xx_hal_pwr_ex.o(i.HAL_PWREx_ControlVoltageScaling)
    HAL_PWREx_DisableUCPDDeadBattery         0x08002321   Thumb Code    12  stm32g4xx_hal_pwr_ex.o(i.HAL_PWREx_DisableUCPDDeadBattery)
    HAL_RCCEx_PeriphCLKConfig                0x08002331   Thumb Code   758  stm32g4xx_hal_rcc_ex.o(i.HAL_RCCEx_PeriphCLKConfig)
    HAL_RCC_ClockConfig                      0x08002631   Thumb Code   444  stm32g4xx_hal_rcc.o(i.HAL_RCC_ClockConfig)
    HAL_RCC_GetPCLK1Freq                     0x0800280d   Thumb Code    24  stm32g4xx_hal_rcc.o(i.HAL_RCC_GetPCLK1Freq)
    HAL_RCC_GetPCLK2Freq                     0x08002831   Thumb Code    24  stm32g4xx_hal_rcc.o(i.HAL_RCC_GetPCLK2Freq)
    HAL_RCC_GetSysClockFreq                  0x08002855   Thumb Code    98  stm32g4xx_hal_rcc.o(i.HAL_RCC_GetSysClockFreq)
    HAL_RCC_OscConfig                        0x080028c5   Thumb Code  1028  stm32g4xx_hal_rcc.o(i.HAL_RCC_OscConfig)
    HAL_SPI_Init                             0x08002cc9   Thumb Code   234  stm32g4xx_hal_spi.o(i.HAL_SPI_Init)
    HAL_SPI_MspInit                          0x08002db5   Thumb Code   220  spi.o(i.HAL_SPI_MspInit)
    HAL_SPI_Transmit                         0x08002ead   Thumb Code   398  stm32g4xx_hal_spi.o(i.HAL_SPI_Transmit)
    HAL_SYSTICK_Config                       0x0800303b   Thumb Code    40  stm32g4xx_hal_cortex.o(i.HAL_SYSTICK_Config)
    HAL_TIMEx_Break2Callback                 0x08003063   Thumb Code     2  stm32g4xx_hal_tim_ex.o(i.HAL_TIMEx_Break2Callback)
    HAL_TIMEx_BreakCallback                  0x08003065   Thumb Code     2  stm32g4xx_hal_tim_ex.o(i.HAL_TIMEx_BreakCallback)
    HAL_TIMEx_CommutCallback                 0x08003067   Thumb Code     2  stm32g4xx_hal_tim_ex.o(i.HAL_TIMEx_CommutCallback)
    HAL_TIMEx_ConfigBreakDeadTime            0x08003069   Thumb Code   154  stm32g4xx_hal_tim_ex.o(i.HAL_TIMEx_ConfigBreakDeadTime)
    HAL_TIMEx_DirectionChangeCallback        0x08003111   Thumb Code     2  stm32g4xx_hal_tim_ex.o(i.HAL_TIMEx_DirectionChangeCallback)
    HAL_TIMEx_EncoderIndexCallback           0x08003113   Thumb Code     2  stm32g4xx_hal_tim_ex.o(i.HAL_TIMEx_EncoderIndexCallback)
    HAL_TIMEx_IndexErrorCallback             0x08003115   Thumb Code     2  stm32g4xx_hal_tim_ex.o(i.HAL_TIMEx_IndexErrorCallback)
    HAL_TIMEx_MasterConfigSynchronization    0x08003119   Thumb Code   150  stm32g4xx_hal_tim_ex.o(i.HAL_TIMEx_MasterConfigSynchronization)
    HAL_TIMEx_PWMN_Start                     0x080031d1   Thumb Code   170  stm32g4xx_hal_tim_ex.o(i.HAL_TIMEx_PWMN_Start)
    HAL_TIMEx_TransitionErrorCallback        0x0800329d   Thumb Code     2  stm32g4xx_hal_tim_ex.o(i.HAL_TIMEx_TransitionErrorCallback)
    HAL_TIM_Base_Init                        0x0800329f   Thumb Code    98  stm32g4xx_hal_tim.o(i.HAL_TIM_Base_Init)
    HAL_TIM_Base_MspInit                     0x08003301   Thumb Code    86  tim.o(i.HAL_TIM_Base_MspInit)
    HAL_TIM_Base_Start_IT                    0x08003365   Thumb Code   106  stm32g4xx_hal_tim.o(i.HAL_TIM_Base_Start_IT)
    HAL_TIM_IC_CaptureCallback               0x080033f1   Thumb Code     2  stm32g4xx_hal_tim.o(i.HAL_TIM_IC_CaptureCallback)
    HAL_TIM_IRQHandler                       0x080033f3   Thumb Code   418  stm32g4xx_hal_tim.o(i.HAL_TIM_IRQHandler)
    HAL_TIM_MspPostInit                      0x08003595   Thumb Code   220  tim.o(i.HAL_TIM_MspPostInit)
    HAL_TIM_OC_DelayElapsedCallback          0x08003681   Thumb Code     2  stm32g4xx_hal_tim.o(i.HAL_TIM_OC_DelayElapsedCallback)
    HAL_TIM_PWM_ConfigChannel                0x08003683   Thumb Code   292  stm32g4xx_hal_tim.o(i.HAL_TIM_PWM_ConfigChannel)
    HAL_TIM_PWM_Init                         0x080037a7   Thumb Code    98  stm32g4xx_hal_tim.o(i.HAL_TIM_PWM_Init)
    HAL_TIM_PWM_MspInit                      0x08003809   Thumb Code   126  tim.o(i.HAL_TIM_PWM_MspInit)
    HAL_TIM_PWM_PulseFinishedCallback        0x08003899   Thumb Code     4  bsp_ws2812.o(i.HAL_TIM_PWM_PulseFinishedCallback)
    HAL_TIM_PWM_Start                        0x0800389d   Thumb Code   234  stm32g4xx_hal_tim.o(i.HAL_TIM_PWM_Start)
    HAL_TIM_PWM_Stop_DMA                     0x080039b1   Thumb Code   240  stm32g4xx_hal_tim.o(i.HAL_TIM_PWM_Stop_DMA)
    HAL_TIM_PeriodElapsedCallback            0x08003ab9   Thumb Code    34  main.o(i.HAL_TIM_PeriodElapsedCallback)
    HAL_TIM_TriggerCallback                  0x08003ae5   Thumb Code     2  stm32g4xx_hal_tim.o(i.HAL_TIM_TriggerCallback)
    HAL_UARTEx_DisableFifoMode               0x08003ae7   Thumb Code    62  stm32g4xx_hal_uart_ex.o(i.HAL_UARTEx_DisableFifoMode)
    HAL_UARTEx_RxEventCallback               0x08003b25   Thumb Code     2  stm32g4xx_hal_uart.o(i.HAL_UARTEx_RxEventCallback)
    HAL_UARTEx_RxFifoFullCallback            0x08003b27   Thumb Code     2  stm32g4xx_hal_uart_ex.o(i.HAL_UARTEx_RxFifoFullCallback)
    HAL_UARTEx_SetRxFifoThreshold            0x08003b29   Thumb Code    76  stm32g4xx_hal_uart_ex.o(i.HAL_UARTEx_SetRxFifoThreshold)
    HAL_UARTEx_SetTxFifoThreshold            0x08003b75   Thumb Code    76  stm32g4xx_hal_uart_ex.o(i.HAL_UARTEx_SetTxFifoThreshold)
    HAL_UARTEx_TxFifoEmptyCallback           0x08003bc1   Thumb Code     2  stm32g4xx_hal_uart_ex.o(i.HAL_UARTEx_TxFifoEmptyCallback)
    HAL_UARTEx_WakeupCallback                0x08003bc3   Thumb Code     2  stm32g4xx_hal_uart_ex.o(i.HAL_UARTEx_WakeupCallback)
    HAL_UART_ErrorCallback                   0x08003bc5   Thumb Code     2  stm32g4xx_hal_uart.o(i.HAL_UART_ErrorCallback)
    HAL_UART_IRQHandler                      0x08003bc9   Thumb Code   782  stm32g4xx_hal_uart.o(i.HAL_UART_IRQHandler)
    HAL_UART_Init                            0x08003ee5   Thumb Code   106  stm32g4xx_hal_uart.o(i.HAL_UART_Init)
    HAL_UART_MspInit                         0x08003f51   Thumb Code   130  usart.o(i.HAL_UART_MspInit)
    HAL_UART_TxCpltCallback                  0x08003fe1   Thumb Code     2  stm32g4xx_hal_uart.o(i.HAL_UART_TxCpltCallback)
    HardFault_Handler                        0x08003fe3   Thumb Code     2  stm32g4xx_it.o(i.HardFault_Handler)
    InverseClarke_Transform                  0x08003fe5   Thumb Code    34  user_foc.o(i.InverseClarke_Transform)
    InversePark_Transform                    0x0800400d   Thumb Code    26  user_foc.o(i.InversePark_Transform)
    LCD_Address_Set                          0x08004027   Thumb Code    66  st7789v.o(i.LCD_Address_Set)
    LCD_DrawPoint                            0x08004069   Thumb Code    22  st7789v.o(i.LCD_DrawPoint)
    LCD_Fill                                 0x0800407f   Thumb Code    62  st7789v.o(i.LCD_Fill)
    LCD_ShowChar                             0x080040bd   Thumb Code   252  st7789v.o(i.LCD_ShowChar)
    LCD_ShowChineseTEST                      0x080041c9   Thumb Code   226  st7789v.o(i.LCD_ShowChineseTEST)
    LCD_ShowString                           0x080042b1   Thumb Code    58  st7789v.o(i.LCD_ShowString)
    LCD_Write_Data2Bytes                     0x0800432d   Thumb Code    30  st7789v.o(i.LCD_Write_Data2Bytes)
    MX_ADC1_Init                             0x080043f5   Thumb Code   230  adc.o(i.MX_ADC1_Init)
    MX_ADC2_Init                             0x080044f1   Thumb Code   112  adc.o(i.MX_ADC2_Init)
    MX_DMA_Init                              0x0800456d   Thumb Code    72  dma.o(i.MX_DMA_Init)
    MX_GPIO_Init                             0x080045b9   Thumb Code   282  gpio.o(i.MX_GPIO_Init)
    MX_SPI1_Init                             0x080046e5   Thumb Code    72  spi.o(i.MX_SPI1_Init)
    MX_SPI3_Init                             0x08004735   Thumb Code    72  spi.o(i.MX_SPI3_Init)
    MX_TIM1_Init                             0x08004785   Thumb Code   228  tim.o(i.MX_TIM1_Init)
    MX_TIM2_Init                             0x08004871   Thumb Code   106  tim.o(i.MX_TIM2_Init)
    MX_TIM6_Init                             0x080048e1   Thumb Code    64  tim.o(i.MX_TIM6_Init)
    MX_TIM7_Init                             0x08004929   Thumb Code    64  tim.o(i.MX_TIM7_Init)
    MX_USART3_UART_Init                      0x08004971   Thumb Code    94  usart.o(i.MX_USART3_UART_Init)
    MemManage_Handler                        0x080049d9   Thumb Code     2  stm32g4xx_it.o(i.MemManage_Handler)
    NMI_Handler                              0x080049db   Thumb Code     2  stm32g4xx_it.o(i.NMI_Handler)
    PI_Controller_Update                     0x080049dd   Thumb Code    98  user_foc.o(i.PI_Controller_Update)
    Park_Transform                           0x08004a3f   Thumb Code    22  user_foc.o(i.Park_Transform)
    PendSV_Handler                           0x08004a55   Thumb Code     2  stm32g4xx_it.o(i.PendSV_Handler)
    PtTaskButton                             0x08004a59   Thumb Code    32  user_button.o(i.PtTaskButton)
    PtTaskDisplay                            0x08004a7d   Thumb Code    80  user_display.o(i.PtTaskDisplay)
    PtTaskSystem                             0x08004ad9   Thumb Code   144  user_system.o(i.PtTaskSystem)
    PtTaskTime                               0x08004b99   Thumb Code    32  user_time.o(i.PtTaskTime)
    SEGGER_RTT_ConfigUpBuffer                0x08004bbd   Thumb Code    90  segger_rtt.o(i.SEGGER_RTT_ConfigUpBuffer)
    SEGGER_RTT_Write                         0x08004c1d   Thumb Code    52  segger_rtt.o(i.SEGGER_RTT_Write)
    SEGGER_RTT_WriteNoLock                   0x08004c55   Thumb Code    86  segger_rtt.o(i.SEGGER_RTT_WriteNoLock)
    SEGGER_RTT_WriteString                   0x08004cb1   Thumb Code    26  segger_rtt.o(i.SEGGER_RTT_WriteString)
    SEGGER_RTT_printf                        0x08004ccb   Thumb Code    22  segger_rtt_printf.o(i.SEGGER_RTT_printf)
    SEGGER_RTT_vprintf                       0x08004ce1   Thumb Code   418  segger_rtt_printf.o(i.SEGGER_RTT_vprintf)
    SPI_WriteByte                            0x0800506d   Thumb Code    18  st7789v.o(i.SPI_WriteByte)
    ST7789V_SetDir                           0x08005085   Thumb Code    42  st7789v.o(i.ST7789V_SetDir)
    SVC_Handler                              0x080050af   Thumb Code     2  stm32g4xx_it.o(i.SVC_Handler)
    SysTick_Handler                          0x080050b1   Thumb Code     4  stm32g4xx_it.o(i.SysTick_Handler)
    SystemClock_Config                       0x080050b5   Thumb Code   102  main.o(i.SystemClock_Config)
    SystemInit                               0x0800511d   Thumb Code    12  system_stm32g4xx.o(i.SystemInit)
    TIM1_UP_TIM16_IRQHandler                 0x0800512d   Thumb Code     6  stm32g4xx_it.o(i.TIM1_UP_TIM16_IRQHandler)
    TIM6_DAC_IRQHandler                      0x08005139   Thumb Code     6  stm32g4xx_it.o(i.TIM6_DAC_IRQHandler)
    TIM7_DAC_IRQHandler                      0x08005145   Thumb Code     6  stm32g4xx_it.o(i.TIM7_DAC_IRQHandler)
    TIM_Base_SetConfig                       0x08005151   Thumb Code   190  stm32g4xx_hal_tim.o(i.TIM_Base_SetConfig)
    TIM_CCxChannelCmd                        0x08005235   Thumb Code    26  stm32g4xx_hal_tim.o(i.TIM_CCxChannelCmd)
    TIM_OC2_SetConfig                        0x08005315   Thumb Code   132  stm32g4xx_hal_tim.o(i.TIM_OC2_SetConfig)
    UART_AdvFeatureConfig                    0x0800562d   Thumb Code   200  stm32g4xx_hal_uart.o(i.UART_AdvFeatureConfig)
    UART_CheckIdleState                      0x080056f5   Thumb Code   172  stm32g4xx_hal_uart.o(i.UART_CheckIdleState)
    UART_SetConfig                           0x08005805   Thumb Code   614  stm32g4xx_hal_uart.o(i.UART_SetConfig)
    UART_WaitOnFlagUntilTimeout              0x08005a9d   Thumb Code   148  stm32g4xx_hal_uart.o(i.UART_WaitOnFlagUntilTimeout)
    USART3_IRQHandler                        0x08005b31   Thumb Code     6  stm32g4xx_it.o(i.USART3_IRQHandler)
    UsageFault_Handler                       0x08005b3d   Thumb Code     2  stm32g4xx_it.o(i.UsageFault_Handler)
    UserMotor_FastLoop                       0x08005b41   Thumb Code   188  user_motor.o(i.UserMotor_FastLoop)
    UserMotor_Init                           0x08005c1d   Thumb Code    20  user_motor.o(i.UserMotor_Init)
    UserMotor_Start                          0x08005c3d   Thumb Code    20  user_motor.o(i.UserMotor_Start)
    UserStatusSwitch                         0x08005c51   Thumb Code    22  user_button_fun.o(i.UserStatusSwitch)
    UserSysTimeUpdate                        0x08005c6d   Thumb Code    36  user_time.o(i.UserSysTimeUpdate)
    UserSystem_Init                          0x08005ced   Thumb Code    12  user_system.o(i.UserSystem_Init)
    UserTime_Init                            0x08005cfd   Thumb Code    10  user_time.o(i.UserTime_Init)
    __ARM_fpclassifyf                        0x08005fff   Thumb Code    38  fpclassifyf.o(i.__ARM_fpclassifyf)
    __hardfp_cosf                            0x08006045   Thumb Code   280  cosf.o(i.__hardfp_cosf)
    __hardfp_sinf                            0x08006195   Thumb Code   344  sinf.o(i.__hardfp_sinf)
    __mathlib_flt_infnan                     0x08006325   Thumb Code     6  funder.o(i.__mathlib_flt_infnan)
    __mathlib_flt_invalid                    0x0800632d   Thumb Code    10  funder.o(i.__mathlib_flt_invalid)
    __mathlib_flt_underflow                  0x0800633d   Thumb Code    10  funder.o(i.__mathlib_flt_underflow)
    __mathlib_rredf2                         0x0800634d   Thumb Code   316  rredf.o(i.__mathlib_rredf2)
    __scatterload_copy                       0x080064a1   Thumb Code    14  handlers.o(i.__scatterload_copy)
    __scatterload_null                       0x080064af   Thumb Code     2  handlers.o(i.__scatterload_null)
    __scatterload_zeroinit                   0x080064b1   Thumb Code    14  handlers.o(i.__scatterload_zeroinit)
    __set_errno                              0x080064c1   Thumb Code     6  errno.o(i.__set_errno)
    button_attach                            0x080064cd   Thumb Code    16  bsp_button.o(i.button_attach)
    button_init                              0x08006693   Thumb Code    66  bsp_button.o(i.button_init)
    button_start                             0x080066d5   Thumb Code    40  bsp_button.o(i.button_start)
    button_ticks                             0x08006701   Thumb Code    22  bsp_button.o(i.button_ticks)
    buttons_init                             0x0800671d   Thumb Code    44  user_button.o(i.buttons_init)
    main                                     0x08006759   Thumb Code   160  main.o(i.main)
    st7789v_init                             0x08006829   Thumb Code   452  st7789v.o(i.st7789v_init)
    UARTPrescTable                           0x080069f0   Data          24  stm32g4xx_hal_uart.o(.constdata)
    AHBPrescTable                            0x08006a18   Data          16  system_stm32g4xx.o(.constdata)
    APBPrescTable                            0x08006a28   Data           8  system_stm32g4xx.o(.constdata)
    ascii_1206                               0x08006a50   Data        1140  st7789v.o(.constdata)
    ascii_1608                               0x08006ec4   Data        1520  st7789v.o(.constdata)
    ascii_2412                               0x080074b4   Data        4560  st7789v.o(.constdata)
    ascii_3216                               0x08008684   Data        6080  st7789v.o(.constdata)
    tfont12                                  0x08009e44   Data         130  st7789v.o(.constdata)
    tfont16                                  0x08009ec6   Data         170  st7789v.o(.constdata)
    tfont24                                  0x08009f70   Data         370  st7789v.o(.constdata)
    tfont32                                  0x0800a0e2   Data         520  st7789v.o(.constdata)
    tfontTEST                                0x0800a2ea   Data        4053  st7789v.o(.constdata)
    Region$$Table$$Base                      0x0800b310   Number         0  anon$$obj.o(Region$$Table)
    Region$$Table$$Limit                     0x0800b330   Number         0  anon$$obj.o(Region$$Table)
    uwTickPrio                               0x20000004   Data           4  stm32g4xx_hal.o(.data)
    uwTickFreq                               0x20000008   Data           4  stm32g4xx_hal.o(.data)
    uwTick                                   0x2000000c   Data           4  stm32g4xx_hal.o(.data)
    SystemCoreClock                          0x20000010   Data           4  system_stm32g4xx.o(.data)
    tDisData                                 0x2000008c   Data           2  user_display.o(.data)
    PT_TICK                                  0x200000cc   Data          80  main.o(.bss)
    hadc1                                    0x2000051c   Data         108  adc.o(.bss)
    hadc2                                    0x20000588   Data         108  adc.o(.bss)
    hspi1                                    0x200005f4   Data         100  spi.o(.bss)
    hspi3                                    0x20000658   Data         100  spi.o(.bss)
    hdma_spi3_tx                             0x200006bc   Data          96  spi.o(.bss)
    htim1                                    0x2000071c   Data          76  tim.o(.bss)
    htim2                                    0x20000768   Data          76  tim.o(.bss)
    htim6                                    0x200007b4   Data          76  tim.o(.bss)
    htim7                                    0x20000800   Data          76  tim.o(.bss)
    hdma_tim2_ch1                            0x2000084c   Data          96  tim.o(.bss)
    huart3                                   0x200008ac   Data         148  usart.o(.bss)
    tSysData                                 0x200009f0   Data          12  user_system.o(.bss)
    _SEGGER_RTT                              0x200009fc   Data         168  segger_rtt.o(.bss)
    __initial_sp                             0x200012b8   Data           0  startup_stm32g474xx.o(STACK)



==============================================================================

Memory Map of the image

  Image Entry point : 0x080001d9

  Load Region LR_IROM1 (Base: 0x08000000, Size: 0x0000b3fc, Max: 0x00080000, ABSOLUTE)

    Execution Region ER_IROM1 (Exec base: 0x08000000, Load base: 0x08000000, Size: 0x0000b330, Max: 0x00080000, ABSOLUTE)

    Exec Addr    Load Addr    Size         Type   Attr      Idx    E Section Name        Object

    0x08000000   0x08000000   0x000001d8   Data   RO            3    RESET               startup_stm32g474xx.o
    0x080001d8   0x080001d8   0x00000000   Code   RO         5979  * .ARM.Collect$$$$00000000  mc_w.l(entry.o)
    0x080001d8   0x080001d8   0x00000004   Code   RO         6011    .ARM.Collect$$$$00000001  mc_w.l(entry2.o)
    0x080001dc   0x080001dc   0x00000004   Code   RO         6014    .ARM.Collect$$$$00000004  mc_w.l(entry5.o)
    0x080001e0   0x080001e0   0x00000000   Code   RO         6016    .ARM.Collect$$$$00000008  mc_w.l(entry7b.o)
    0x080001e0   0x080001e0   0x00000000   Code   RO         6018    .ARM.Collect$$$$0000000A  mc_w.l(entry8b.o)
    0x080001e0   0x080001e0   0x00000008   Code   RO         6019    .ARM.Collect$$$$0000000B  mc_w.l(entry9a.o)
    0x080001e8   0x080001e8   0x00000004   Code   RO         6026    .ARM.Collect$$$$0000000E  mc_w.l(entry12b.o)
    0x080001ec   0x080001ec   0x00000000   Code   RO         6021    .ARM.Collect$$$$0000000F  mc_w.l(entry10a.o)
    0x080001ec   0x080001ec   0x00000000   Code   RO         6023    .ARM.Collect$$$$00000011  mc_w.l(entry11a.o)
    0x080001ec   0x080001ec   0x00000004   Code   RO         6012    .ARM.Collect$$$$00002712  mc_w.l(entry2.o)
    0x080001f0   0x080001f0   0x00000024   Code   RO            4    .text               startup_stm32g474xx.o
    0x08000214   0x08000214   0x00000062   Code   RO         5982    .text               mc_w.l(uldiv.o)
    0x08000276   0x08000276   0x00000024   Code   RO         5984    .text               mc_w.l(memcpya.o)
    0x0800029a   0x0800029a   0x00000024   Code   RO         5986    .text               mc_w.l(memseta.o)
    0x080002be   0x080002be   0x0000000e   Code   RO         5988    .text               mc_w.l(strlen.o)
    0x080002cc   0x080002cc   0x0000001e   Code   RO         6027    .text               mc_w.l(llshl.o)
    0x080002ea   0x080002ea   0x00000020   Code   RO         6029    .text               mc_w.l(llushr.o)
    0x0800030a   0x0800030a   0x00000000   Code   RO         6038    .text               mc_w.l(iusefp.o)
    0x0800030a   0x0800030a   0x00000002   PAD
    0x0800030c   0x0800030c   0x00000024   Code   RO         6039    .text               mc_w.l(init.o)
    0x08000330   0x08000330   0x0000001c   Code   RO          526    i.ADC1_2_IRQHandler  stm32g4xx_it.o
    0x0800034c   0x0800034c   0x00000070   Code   RO          672    i.ADC_Disable       stm32g4xx_hal_adc.o
    0x080003bc   0x080003bc   0x000000c4   Code   RO          673    i.ADC_Enable        stm32g4xx_hal_adc.o
    0x08000480   0x08000480   0x0000000c   Code   RO         5099    i.BspAdc_GetIa      bsp_adc.o
    0x0800048c   0x0800048c   0x0000000c   Code   RO         5100    i.BspAdc_GetIb      bsp_adc.o
    0x08000498   0x08000498   0x0000000c   Code   RO         5101    i.BspAdc_GetIbus    bsp_adc.o
    0x080004a4   0x080004a4   0x0000000c   Code   RO         5102    i.BspAdc_GetIc      bsp_adc.o
    0x080004b0   0x080004b0   0x00000024   Code   RO         5104    i.BspAdc_RawToCurrent  bsp_adc.o
    0x080004d4   0x080004d4   0x00000020   Code   RO         5105    i.BspAdc_StartInjected  bsp_adc.o
    0x080004f4   0x080004f4   0x0000004c   Code   RO         5106    i.BspAdc_UpdateInjected  bsp_adc.o
    0x08000540   0x08000540   0x00000034   Code   RO         5315    i.BspButton_ReadLevel  bsp_button.o
    0x08000574   0x08000574   0x00000016   Code   RO         5224    i.BspHall_GetState  bsp_hall.o
    0x0800058a   0x0800058a   0x0000000a   Code   RO         5226    i.BspHall_ReadA     bsp_hall.o
    0x08000594   0x08000594   0x0000000a   Code   RO         5227    i.BspHall_ReadB     bsp_hall.o
    0x0800059e   0x0800059e   0x00000002   PAD
    0x080005a0   0x080005a0   0x0000000c   Code   RO         5228    i.BspHall_ReadC     bsp_hall.o
    0x080005ac   0x080005ac   0x00000022   Code   RO         5229    i.BspHall_ReadPins  bsp_hall.o
    0x080005ce   0x080005ce   0x00000004   Code   RO         5278    i.BspLcd_Init       bsp_lcd.o
    0x080005d2   0x080005d2   0x00000002   PAD
    0x080005d4   0x080005d4   0x00000010   Code   RO         5169    i.BspPwm_GetPeriod  bsp_pwm.o
    0x080005e4   0x080005e4   0x00000014   Code   RO         5170    i.BspPwm_LimitCompare  bsp_pwm.o
    0x080005f8   0x080005f8   0x00000018   Code   RO         5171    i.BspPwm_SetCompare  bsp_pwm.o
    0x08000610   0x08000610   0x00000084   Code   RO         5172    i.BspPwm_SetVoltageABC  bsp_pwm.o
    0x08000694   0x08000694   0x0000005c   Code   RO         5173    i.BspPwm_Start      bsp_pwm.o
    0x080006f0   0x080006f0   0x00000028   Code   RO         5879    i.BspWs2812_TimPulseFinishedCallback  bsp_ws2812.o
    0x08000718   0x08000718   0x00000002   Code   RO          527    i.BusFault_Handler  stm32g4xx_it.o
    0x0800071a   0x0800071a   0x00000002   PAD
    0x0800071c   0x0800071c   0x00000014   Code   RO         4708    i.Clarke_Transform  user_foc.o
    0x08000730   0x08000730   0x0000000c   Code   RO          528    i.DMA1_Channel1_IRQHandler  stm32g4xx_it.o
    0x0800073c   0x0800073c   0x0000000c   Code   RO          529    i.DMA1_Channel2_IRQHandler  stm32g4xx_it.o
    0x08000748   0x08000748   0x00000040   Code   RO         1982    i.DMA_CalcDMAMUXChannelBaseAndMask  stm32g4xx_hal_dma.o
    0x08000788   0x08000788   0x00000024   Code   RO         1983    i.DMA_CalcDMAMUXRequestGenBaseAndMask  stm32g4xx_hal_dma.o
    0x080007ac   0x080007ac   0x00000002   Code   RO          530    i.DebugMon_Handler  stm32g4xx_it.o
    0x080007ae   0x080007ae   0x00000002   PAD
    0x080007b0   0x080007b0   0x00000030   Code   RO         4851    i.DisplayInit       user_display.o
    0x080007e0   0x080007e0   0x00000002   Code   RO         4852    i.DisplayOff        user_display.o
    0x080007e2   0x080007e2   0x00000002   PAD
    0x080007e4   0x080007e4   0x00000038   Code   RO         4853    i.DisplayPowerOn    user_display.o
    0x0800081c   0x0800081c   0x00000024   Code   RO         4854    i.DisplayRunning    user_display.o
    0x08000840   0x08000840   0x00000004   Code   RO           13    i.Error_Handler     main.o
    0x08000844   0x08000844   0x000000b0   Code   RO         4709    i.FOC_CurrentLoop   user_foc.o
    0x080008f4   0x080008f4   0x00000010   Code   RO         4710    i.FOC_GetDQCurrent  user_foc.o
    0x08000904   0x08000904   0x00000014   Code   RO         4712    i.FOC_GetThreePhaseVoltage  user_foc.o
    0x08000918   0x08000918   0x00000094   Code   RO          906    i.HAL_ADCEx_Calibration_Start  stm32g4xx_hal_adc_ex.o
    0x080009ac   0x080009ac   0x00000002   Code   RO          910    i.HAL_ADCEx_EndOfSamplingCallback  stm32g4xx_hal_adc_ex.o
    0x080009ae   0x080009ae   0x00000002   PAD
    0x080009b0   0x080009b0   0x00000560   Code   RO          912    i.HAL_ADCEx_InjectedConfigChannel  stm32g4xx_hal_adc_ex.o
    0x08000f10   0x08000f10   0x00000014   Code   RO           14    i.HAL_ADCEx_InjectedConvCpltCallback  main.o
    0x08000f24   0x08000f24   0x0000002e   Code   RO          914    i.HAL_ADCEx_InjectedGetValue  stm32g4xx_hal_adc_ex.o
    0x08000f52   0x08000f52   0x00000002   Code   RO          916    i.HAL_ADCEx_InjectedQueueOverflowCallback  stm32g4xx_hal_adc_ex.o
    0x08000f54   0x08000f54   0x00000158   Code   RO          918    i.HAL_ADCEx_InjectedStart_IT  stm32g4xx_hal_adc_ex.o
    0x080010ac   0x080010ac   0x00000002   Code   RO          921    i.HAL_ADCEx_LevelOutOfWindow2Callback  stm32g4xx_hal_adc_ex.o
    0x080010ae   0x080010ae   0x00000002   Code   RO          922    i.HAL_ADCEx_LevelOutOfWindow3Callback  stm32g4xx_hal_adc_ex.o
    0x080010b0   0x080010b0   0x00000160   Code   RO          923    i.HAL_ADCEx_MultiModeConfigChannel  stm32g4xx_hal_adc_ex.o
    0x08001210   0x08001210   0x0000046c   Code   RO          675    i.HAL_ADC_ConfigChannel  stm32g4xx_hal_adc.o
    0x0800167c   0x0800167c   0x00000002   Code   RO          676    i.HAL_ADC_ConvCpltCallback  stm32g4xx_hal_adc.o
    0x0800167e   0x0800167e   0x00000002   Code   RO          679    i.HAL_ADC_ErrorCallback  stm32g4xx_hal_adc.o
    0x08001680   0x08001680   0x000002b8   Code   RO          683    i.HAL_ADC_IRQHandler  stm32g4xx_hal_adc.o
    0x08001938   0x08001938   0x00000230   Code   RO          684    i.HAL_ADC_Init      stm32g4xx_hal_adc.o
    0x08001b68   0x08001b68   0x00000002   Code   RO          685    i.HAL_ADC_LevelOutOfWindowCallback  stm32g4xx_hal_adc.o
    0x08001b6a   0x08001b6a   0x00000002   PAD
    0x08001b6c   0x08001b6c   0x000000ec   Code   RO          286    i.HAL_ADC_MspInit   adc.o
    0x08001c58   0x08001c58   0x0000006a   Code   RO         1985    i.HAL_DMA_Abort     stm32g4xx_hal_dma.o
    0x08001cc2   0x08001cc2   0x00000078   Code   RO         1986    i.HAL_DMA_Abort_IT  stm32g4xx_hal_dma.o
    0x08001d3a   0x08001d3a   0x000000ba   Code   RO         1990    i.HAL_DMA_IRQHandler  stm32g4xx_hal_dma.o
    0x08001df4   0x08001df4   0x000000c0   Code   RO         1991    i.HAL_DMA_Init      stm32g4xx_hal_dma.o
    0x08001eb4   0x08001eb4   0x00000024   Code   RO         1122    i.HAL_Delay         stm32g4xx_hal.o
    0x08001ed8   0x08001ed8   0x00000248   Code   RO         1847    i.HAL_GPIO_Init     stm32g4xx_hal_gpio.o
    0x08002120   0x08002120   0x0000000a   Code   RO         1849    i.HAL_GPIO_ReadPin  stm32g4xx_hal_gpio.o
    0x0800212a   0x0800212a   0x0000000a   Code   RO         1851    i.HAL_GPIO_WritePin  stm32g4xx_hal_gpio.o
    0x08002134   0x08002134   0x0000000c   Code   RO         1126    i.HAL_GetTick       stm32g4xx_hal.o
    0x08002140   0x08002140   0x00000010   Code   RO         1132    i.HAL_IncTick       stm32g4xx_hal.o
    0x08002150   0x08002150   0x0000001e   Code   RO         1133    i.HAL_Init          stm32g4xx_hal.o
    0x0800216e   0x0800216e   0x00000002   PAD
    0x08002170   0x08002170   0x00000044   Code   RO         1134    i.HAL_InitTick      stm32g4xx_hal.o
    0x080021b4   0x080021b4   0x00000030   Code   RO          644    i.HAL_MspInit       stm32g4xx_hal_msp.o
    0x080021e4   0x080021e4   0x0000001a   Code   RO         2496    i.HAL_NVIC_EnableIRQ  stm32g4xx_hal_cortex.o
    0x080021fe   0x080021fe   0x00000002   PAD
    0x08002200   0x08002200   0x00000040   Code   RO         2502    i.HAL_NVIC_SetPriority  stm32g4xx_hal_cortex.o
    0x08002240   0x08002240   0x00000024   Code   RO         2503    i.HAL_NVIC_SetPriorityGrouping  stm32g4xx_hal_cortex.o
    0x08002264   0x08002264   0x000000bc   Code   RO         2250    i.HAL_PWREx_ControlVoltageScaling  stm32g4xx_hal_pwr_ex.o
    0x08002320   0x08002320   0x00000010   Code   RO         2262    i.HAL_PWREx_DisableUCPDDeadBattery  stm32g4xx_hal_pwr_ex.o
    0x08002330   0x08002330   0x00000300   Code   RO         1493    i.HAL_RCCEx_PeriphCLKConfig  stm32g4xx_hal_rcc_ex.o
    0x08002630   0x08002630   0x000001dc   Code   RO         1368    i.HAL_RCC_ClockConfig  stm32g4xx_hal_rcc.o
    0x0800280c   0x0800280c   0x00000024   Code   RO         1376    i.HAL_RCC_GetPCLK1Freq  stm32g4xx_hal_rcc.o
    0x08002830   0x08002830   0x00000024   Code   RO         1377    i.HAL_RCC_GetPCLK2Freq  stm32g4xx_hal_rcc.o
    0x08002854   0x08002854   0x00000070   Code   RO         1378    i.HAL_RCC_GetSysClockFreq  stm32g4xx_hal_rcc.o
    0x080028c4   0x080028c4   0x00000404   Code   RO         1381    i.HAL_RCC_OscConfig  stm32g4xx_hal_rcc.o
    0x08002cc8   0x08002cc8   0x000000ea   Code   RO         2647    i.HAL_SPI_Init      stm32g4xx_hal_spi.o
    0x08002db2   0x08002db2   0x00000002   PAD
    0x08002db4   0x08002db4   0x000000f8   Code   RO          359    i.HAL_SPI_MspInit   spi.o
    0x08002eac   0x08002eac   0x0000018e   Code   RO         2655    i.HAL_SPI_Transmit  stm32g4xx_hal_spi.o
    0x0800303a   0x0800303a   0x00000028   Code   RO         2507    i.HAL_SYSTICK_Config  stm32g4xx_hal_cortex.o
    0x08003062   0x08003062   0x00000002   Code   RO         3703    i.HAL_TIMEx_Break2Callback  stm32g4xx_hal_tim_ex.o
    0x08003064   0x08003064   0x00000002   Code   RO         3704    i.HAL_TIMEx_BreakCallback  stm32g4xx_hal_tim_ex.o
    0x08003066   0x08003066   0x00000002   Code   RO         3705    i.HAL_TIMEx_CommutCallback  stm32g4xx_hal_tim_ex.o
    0x08003068   0x08003068   0x000000a8   Code   RO         3708    i.HAL_TIMEx_ConfigBreakDeadTime  stm32g4xx_hal_tim_ex.o
    0x08003110   0x08003110   0x00000002   Code   RO         3716    i.HAL_TIMEx_DirectionChangeCallback  stm32g4xx_hal_tim_ex.o
    0x08003112   0x08003112   0x00000002   Code   RO         3730    i.HAL_TIMEx_EncoderIndexCallback  stm32g4xx_hal_tim_ex.o
    0x08003114   0x08003114   0x00000002   Code   RO         3744    i.HAL_TIMEx_IndexErrorCallback  stm32g4xx_hal_tim_ex.o
    0x08003116   0x08003116   0x00000002   PAD
    0x08003118   0x08003118   0x000000b8   Code   RO         3745    i.HAL_TIMEx_MasterConfigSynchronization  stm32g4xx_hal_tim_ex.o
    0x080031d0   0x080031d0   0x000000cc   Code   RO         3757    i.HAL_TIMEx_PWMN_Start  stm32g4xx_hal_tim_ex.o
    0x0800329c   0x0800329c   0x00000002   Code   RO         3766    i.HAL_TIMEx_TransitionErrorCallback  stm32g4xx_hal_tim_ex.o
    0x0800329e   0x0800329e   0x00000062   Code   RO         2989    i.HAL_TIM_Base_Init  stm32g4xx_hal_tim.o
    0x08003300   0x08003300   0x00000064   Code   RO          407    i.HAL_TIM_Base_MspInit  tim.o
    0x08003364   0x08003364   0x0000008c   Code   RO         2994    i.HAL_TIM_Base_Start_IT  stm32g4xx_hal_tim.o
    0x080033f0   0x080033f0   0x00000002   Code   RO         3023    i.HAL_TIM_IC_CaptureCallback  stm32g4xx_hal_tim.o
    0x080033f2   0x080033f2   0x000001a2   Code   RO         3037    i.HAL_TIM_IRQHandler  stm32g4xx_hal_tim.o
    0x08003594   0x08003594   0x000000ec   Code   RO          408    i.HAL_TIM_MspPostInit  tim.o
    0x08003680   0x08003680   0x00000002   Code   RO         3040    i.HAL_TIM_OC_DelayElapsedCallback  stm32g4xx_hal_tim.o
    0x08003682   0x08003682   0x00000124   Code   RO         3061    i.HAL_TIM_PWM_ConfigChannel  stm32g4xx_hal_tim.o
    0x080037a6   0x080037a6   0x00000062   Code   RO         3064    i.HAL_TIM_PWM_Init  stm32g4xx_hal_tim.o
    0x08003808   0x08003808   0x00000090   Code   RO          410    i.HAL_TIM_PWM_MspInit  tim.o
    0x08003898   0x08003898   0x00000004   Code   RO         5881    i.HAL_TIM_PWM_PulseFinishedCallback  bsp_ws2812.o
    0x0800389c   0x0800389c   0x00000114   Code   RO         3069    i.HAL_TIM_PWM_Start  stm32g4xx_hal_tim.o
    0x080039b0   0x080039b0   0x00000108   Code   RO         3073    i.HAL_TIM_PWM_Stop_DMA  stm32g4xx_hal_tim.o
    0x08003ab8   0x08003ab8   0x0000002c   Code   RO           15    i.HAL_TIM_PeriodElapsedCallback  main.o
    0x08003ae4   0x08003ae4   0x00000002   Code   RO         3080    i.HAL_TIM_TriggerCallback  stm32g4xx_hal_tim.o
    0x08003ae6   0x08003ae6   0x0000003e   Code   RO         4552    i.HAL_UARTEx_DisableFifoMode  stm32g4xx_hal_uart_ex.o
    0x08003b24   0x08003b24   0x00000002   Code   RO         4141    i.HAL_UARTEx_RxEventCallback  stm32g4xx_hal_uart.o
    0x08003b26   0x08003b26   0x00000002   Code   RO         4560    i.HAL_UARTEx_RxFifoFullCallback  stm32g4xx_hal_uart_ex.o
    0x08003b28   0x08003b28   0x0000004c   Code   RO         4561    i.HAL_UARTEx_SetRxFifoThreshold  stm32g4xx_hal_uart_ex.o
    0x08003b74   0x08003b74   0x0000004c   Code   RO         4562    i.HAL_UARTEx_SetTxFifoThreshold  stm32g4xx_hal_uart_ex.o
    0x08003bc0   0x08003bc0   0x00000002   Code   RO         4564    i.HAL_UARTEx_TxFifoEmptyCallback  stm32g4xx_hal_uart_ex.o
    0x08003bc2   0x08003bc2   0x00000002   Code   RO         4565    i.HAL_UARTEx_WakeupCallback  stm32g4xx_hal_uart_ex.o
    0x08003bc4   0x08003bc4   0x00000002   Code   RO         4157    i.HAL_UART_ErrorCallback  stm32g4xx_hal_uart.o
    0x08003bc6   0x08003bc6   0x00000002   PAD
    0x08003bc8   0x08003bc8   0x0000031c   Code   RO         4160    i.HAL_UART_IRQHandler  stm32g4xx_hal_uart.o
    0x08003ee4   0x08003ee4   0x0000006a   Code   RO         4161    i.HAL_UART_Init     stm32g4xx_hal_uart.o
    0x08003f4e   0x08003f4e   0x00000002   PAD
    0x08003f50   0x08003f50   0x00000090   Code   RO          485    i.HAL_UART_MspInit  usart.o
    0x08003fe0   0x08003fe0   0x00000002   Code   RO         4173    i.HAL_UART_TxCpltCallback  stm32g4xx_hal_uart.o
    0x08003fe2   0x08003fe2   0x00000002   Code   RO          531    i.HardFault_Handler  stm32g4xx_it.o
    0x08003fe4   0x08003fe4   0x00000028   Code   RO         4714    i.InverseClarke_Transform  user_foc.o
    0x0800400c   0x0800400c   0x0000001a   Code   RO         4715    i.InversePark_Transform  user_foc.o
    0x08004026   0x08004026   0x00000042   Code   RO         5421    i.LCD_Address_Set   st7789v.o
    0x08004068   0x08004068   0x00000016   Code   RO         5423    i.LCD_DrawPoint     st7789v.o
    0x0800407e   0x0800407e   0x0000003e   Code   RO         5425    i.LCD_Fill          st7789v.o
    0x080040bc   0x080040bc   0x0000010c   Code   RO         5426    i.LCD_ShowChar      st7789v.o
    0x080041c8   0x080041c8   0x000000e8   Code   RO         5432    i.LCD_ShowChineseTEST  st7789v.o
    0x080042b0   0x080042b0   0x0000003a   Code   RO         5436    i.LCD_ShowString    st7789v.o
    0x080042ea   0x080042ea   0x00000002   PAD
    0x080042ec   0x080042ec   0x00000020   Code   RO         5437    i.LCD_Write_Cmd     st7789v.o
    0x0800430c   0x0800430c   0x00000020   Code   RO         5438    i.LCD_Write_Data    st7789v.o
    0x0800432c   0x0800432c   0x00000024   Code   RO         5439    i.LCD_Write_Data2Bytes  st7789v.o
    0x08004350   0x08004350   0x0000000c   Code   RO          698    i.LL_ADC_GetOffsetChannel  stm32g4xx_hal_adc.o
    0x0800435c   0x0800435c   0x0000000c   Code   RO          931    i.LL_ADC_GetOffsetChannel  stm32g4xx_hal_adc_ex.o
    0x08004368   0x08004368   0x00000008   Code   RO          699    i.LL_ADC_INJ_IsConversionOngoing  stm32g4xx_hal_adc.o
    0x08004370   0x08004370   0x00000008   Code   RO          932    i.LL_ADC_INJ_IsConversionOngoing  stm32g4xx_hal_adc_ex.o
    0x08004378   0x08004378   0x00000008   Code   RO          700    i.LL_ADC_REG_IsConversionOngoing  stm32g4xx_hal_adc.o
    0x08004380   0x08004380   0x00000008   Code   RO          933    i.LL_ADC_REG_IsConversionOngoing  stm32g4xx_hal_adc_ex.o
    0x08004388   0x08004388   0x00000010   Code   RO          701    i.LL_ADC_REG_IsTriggerSourceSWStart  stm32g4xx_hal_adc.o
    0x08004398   0x08004398   0x0000001e   Code   RO          703    i.LL_ADC_SetChannelSamplingTime  stm32g4xx_hal_adc.o
    0x080043b6   0x080043b6   0x0000001e   Code   RO          934    i.LL_ADC_SetChannelSamplingTime  stm32g4xx_hal_adc_ex.o
    0x080043d4   0x080043d4   0x00000010   Code   RO          704    i.LL_ADC_SetOffsetState  stm32g4xx_hal_adc.o
    0x080043e4   0x080043e4   0x00000010   Code   RO          935    i.LL_ADC_SetOffsetState  stm32g4xx_hal_adc_ex.o
    0x080043f4   0x080043f4   0x000000fc   Code   RO          287    i.MX_ADC1_Init      adc.o
    0x080044f0   0x080044f0   0x0000007c   Code   RO          288    i.MX_ADC2_Init      adc.o
    0x0800456c   0x0800456c   0x0000004c   Code   RO          334    i.MX_DMA_Init       dma.o
    0x080045b8   0x080045b8   0x0000012c   Code   RO          261    i.MX_GPIO_Init      gpio.o
    0x080046e4   0x080046e4   0x00000050   Code   RO          360    i.MX_SPI1_Init      spi.o
    0x08004734   0x08004734   0x00000050   Code   RO          361    i.MX_SPI3_Init      spi.o
    0x08004784   0x08004784   0x000000ec   Code   RO          411    i.MX_TIM1_Init      tim.o
    0x08004870   0x08004870   0x00000070   Code   RO          412    i.MX_TIM2_Init      tim.o
    0x080048e0   0x080048e0   0x00000048   Code   RO          413    i.MX_TIM6_Init      tim.o
    0x08004928   0x08004928   0x00000048   Code   RO          414    i.MX_TIM7_Init      tim.o
    0x08004970   0x08004970   0x00000068   Code   RO          486    i.MX_USART3_UART_Init  usart.o
    0x080049d8   0x080049d8   0x00000002   Code   RO          532    i.MemManage_Handler  stm32g4xx_it.o
    0x080049da   0x080049da   0x00000002   Code   RO          533    i.NMI_Handler       stm32g4xx_it.o
    0x080049dc   0x080049dc   0x00000062   Code   RO         4716    i.PI_Controller_Update  user_foc.o
    0x08004a3e   0x08004a3e   0x00000016   Code   RO         4717    i.Park_Transform    user_foc.o
    0x08004a54   0x08004a54   0x00000002   Code   RO          534    i.PendSV_Handler    stm32g4xx_it.o
    0x08004a56   0x08004a56   0x00000002   PAD
    0x08004a58   0x08004a58   0x00000024   Code   RO         4928    i.PtTaskButton      user_button.o
    0x08004a7c   0x08004a7c   0x0000005c   Code   RO         4855    i.PtTaskDisplay     user_display.o
    0x08004ad8   0x08004ad8   0x000000c0   Code   RO         5017    i.PtTaskSystem      user_system.o
    0x08004b98   0x08004b98   0x00000024   Code   RO         5059    i.PtTaskTime        user_time.o
    0x08004bbc   0x08004bbc   0x00000060   Code   RO         5594    i.SEGGER_RTT_ConfigUpBuffer  segger_rtt.o
    0x08004c1c   0x08004c1c   0x00000038   Code   RO         5616    i.SEGGER_RTT_Write  segger_rtt.o
    0x08004c54   0x08004c54   0x0000005c   Code   RO         5619    i.SEGGER_RTT_WriteNoLock  segger_rtt.o
    0x08004cb0   0x08004cb0   0x0000001a   Code   RO         5621    i.SEGGER_RTT_WriteString  segger_rtt.o
    0x08004cca   0x08004cca   0x00000016   Code   RO         5830    i.SEGGER_RTT_printf  segger_rtt_printf.o
    0x08004ce0   0x08004ce0   0x000001ac   Code   RO         5831    i.SEGGER_RTT_vprintf  segger_rtt_printf.o
    0x08004e8c   0x08004e8c   0x00000048   Code   RO         2685    i.SPI_EndRxTxTransaction  stm32g4xx_hal_spi.o
    0x08004ed4   0x08004ed4   0x000000e0   Code   RO         2690    i.SPI_WaitFifoStateUntilTimeout  stm32g4xx_hal_spi.o
    0x08004fb4   0x08004fb4   0x000000b8   Code   RO         2691    i.SPI_WaitFlagStateUntilTimeout  stm32g4xx_hal_spi.o
    0x0800506c   0x0800506c   0x00000018   Code   RO         5441    i.SPI_WriteByte     st7789v.o
    0x08005084   0x08005084   0x0000002a   Code   RO         5442    i.ST7789V_SetDir    st7789v.o
    0x080050ae   0x080050ae   0x00000002   Code   RO          535    i.SVC_Handler       stm32g4xx_it.o
    0x080050b0   0x080050b0   0x00000004   Code   RO          536    i.SysTick_Handler   stm32g4xx_it.o
    0x080050b4   0x080050b4   0x00000066   Code   RO           16    i.SystemClock_Config  main.o
    0x0800511a   0x0800511a   0x00000002   PAD
    0x0800511c   0x0800511c   0x00000010   Code   RO         4671    i.SystemInit        system_stm32g4xx.o
    0x0800512c   0x0800512c   0x0000000c   Code   RO          537    i.TIM1_UP_TIM16_IRQHandler  stm32g4xx_it.o
    0x08005138   0x08005138   0x0000000c   Code   RO          538    i.TIM6_DAC_IRQHandler  stm32g4xx_it.o
    0x08005144   0x08005144   0x0000000c   Code   RO          539    i.TIM7_DAC_IRQHandler  stm32g4xx_it.o
    0x08005150   0x08005150   0x000000e4   Code   RO         3082    i.TIM_Base_SetConfig  stm32g4xx_hal_tim.o
    0x08005234   0x08005234   0x0000001a   Code   RO         3083    i.TIM_CCxChannelCmd  stm32g4xx_hal_tim.o
    0x0800524e   0x0800524e   0x0000001a   Code   RO         3769    i.TIM_CCxNChannelCmd  stm32g4xx_hal_tim_ex.o
    0x08005268   0x08005268   0x000000ac   Code   RO         3095    i.TIM_OC1_SetConfig  stm32g4xx_hal_tim.o
    0x08005314   0x08005314   0x000000a0   Code   RO         3096    i.TIM_OC2_SetConfig  stm32g4xx_hal_tim.o
    0x080053b4   0x080053b4   0x000000a0   Code   RO         3097    i.TIM_OC3_SetConfig  stm32g4xx_hal_tim.o
    0x08005454   0x08005454   0x000000a0   Code   RO         3098    i.TIM_OC4_SetConfig  stm32g4xx_hal_tim.o
    0x080054f4   0x080054f4   0x00000078   Code   RO         3099    i.TIM_OC5_SetConfig  stm32g4xx_hal_tim.o
    0x0800556c   0x0800556c   0x0000007c   Code   RO         3100    i.TIM_OC6_SetConfig  stm32g4xx_hal_tim.o
    0x080055e8   0x080055e8   0x00000044   Code   RO         4566    i.UARTEx_SetNbDataToProcess  stm32g4xx_hal_uart_ex.o
    0x0800562c   0x0800562c   0x000000c8   Code   RO         4175    i.UART_AdvFeatureConfig  stm32g4xx_hal_uart.o
    0x080056f4   0x080056f4   0x000000ac   Code   RO         4176    i.UART_CheckIdleState  stm32g4xx_hal_uart.o
    0x080057a0   0x080057a0   0x00000010   Code   RO         4177    i.UART_DMAAbortOnError  stm32g4xx_hal_uart.o
    0x080057b0   0x080057b0   0x00000054   Code   RO         4187    i.UART_EndRxTransfer  stm32g4xx_hal_uart.o
    0x08005804   0x08005804   0x00000298   Code   RO         4193    i.UART_SetConfig    stm32g4xx_hal_uart.o
    0x08005a9c   0x08005a9c   0x00000094   Code   RO         4200    i.UART_WaitOnFlagUntilTimeout  stm32g4xx_hal_uart.o
    0x08005b30   0x08005b30   0x0000000c   Code   RO          540    i.USART3_IRQHandler  stm32g4xx_it.o
    0x08005b3c   0x08005b3c   0x00000002   Code   RO          541    i.UsageFault_Handler  stm32g4xx_it.o
    0x08005b3e   0x08005b3e   0x00000002   PAD
    0x08005b40   0x08005b40   0x000000dc   Code   RO         4797    i.UserMotor_FastLoop  user_motor.o
    0x08005c1c   0x08005c1c   0x00000020   Code   RO         4799    i.UserMotor_Init    user_motor.o
    0x08005c3c   0x08005c3c   0x00000014   Code   RO         4800    i.UserMotor_Start   user_motor.o
    0x08005c50   0x08005c50   0x0000001c   Code   RO         4993    i.UserStatusSwitch  user_button_fun.o
    0x08005c6c   0x08005c6c   0x00000028   Code   RO         5060    i.UserSysTimeUpdate  user_time.o
    0x08005c94   0x08005c94   0x00000058   Code   RO         5018    i.UserSystem_CurrentToDecimal3  user_system.o
    0x08005cec   0x08005cec   0x00000010   Code   RO         5019    i.UserSystem_Init   user_system.o
    0x08005cfc   0x08005cfc   0x00000010   Code   RO         5061    i.UserTime_Init     user_time.o
    0x08005d0c   0x08005d0c   0x00000064   Code   RO         5623    i._DoInit           segger_rtt.o
    0x08005d70   0x08005d70   0x00000016   Code   RO         5624    i._GetAvailWriteSpace  segger_rtt.o
    0x08005d86   0x08005d86   0x00000002   PAD
    0x08005d88   0x08005d88   0x000000c6   Code   RO         5832    i._PrintInt         segger_rtt_printf.o
    0x08005e4e   0x08005e4e   0x00000002   PAD
    0x08005e50   0x08005e50   0x000000d4   Code   RO         5833    i._PrintUnsigned    segger_rtt_printf.o
    0x08005f24   0x08005f24   0x0000003e   Code   RO         5834    i._StoreChar        segger_rtt_printf.o
    0x08005f62   0x08005f62   0x0000005a   Code   RO         5626    i._WriteBlocking    segger_rtt.o
    0x08005fbc   0x08005fbc   0x00000042   Code   RO         5627    i._WriteNoCheck     segger_rtt.o
    0x08005ffe   0x08005ffe   0x00000026   Code   RO         5992    i.__ARM_fpclassifyf  m_wm.l(fpclassifyf.o)
    0x08006024   0x08006024   0x00000020   Code   RO         2509    i.__NVIC_SetPriority  stm32g4xx_hal_cortex.o
    0x08006044   0x08006044   0x00000150   Code   RO         5955    i.__hardfp_cosf     m_wm.l(cosf.o)
    0x08006194   0x08006194   0x00000190   Code   RO         5967    i.__hardfp_sinf     m_wm.l(sinf.o)
    0x08006324   0x08006324   0x00000006   Code   RO         5995    i.__mathlib_flt_infnan  m_wm.l(funder.o)
    0x0800632a   0x0800632a   0x00000002   PAD
    0x0800632c   0x0800632c   0x00000010   Code   RO         5997    i.__mathlib_flt_invalid  m_wm.l(funder.o)
    0x0800633c   0x0800633c   0x00000010   Code   RO         6000    i.__mathlib_flt_underflow  m_wm.l(funder.o)
    0x0800634c   0x0800634c   0x00000154   Code   RO         6008    i.__mathlib_rredf2  m_wm.l(rredf.o)
    0x080064a0   0x080064a0   0x0000000e   Code   RO         6043    i.__scatterload_copy  mc_w.l(handlers.o)
    0x080064ae   0x080064ae   0x00000002   Code   RO         6044    i.__scatterload_null  mc_w.l(handlers.o)
    0x080064b0   0x080064b0   0x0000000e   Code   RO         6045    i.__scatterload_zeroinit  mc_w.l(handlers.o)
    0x080064be   0x080064be   0x00000002   PAD
    0x080064c0   0x080064c0   0x0000000c   Code   RO         6033    i.__set_errno       mc_w.l(errno.o)
    0x080064cc   0x080064cc   0x00000010   Code   RO         5316    i.button_attach     bsp_button.o
    0x080064dc   0x080064dc   0x000001b6   Code   RO         5320    i.button_handler    bsp_button.o
    0x08006692   0x08006692   0x00000042   Code   RO         5321    i.button_init       bsp_button.o
    0x080066d4   0x080066d4   0x0000002c   Code   RO         5324    i.button_start      bsp_button.o
    0x08006700   0x08006700   0x0000001c   Code   RO         5326    i.button_ticks      bsp_button.o
    0x0800671c   0x0800671c   0x0000003c   Code   RO         4933    i.buttons_init      user_button.o
    0x08006758   0x08006758   0x000000cc   Code   RO           19    i.main              main.o
    0x08006824   0x08006824   0x00000004   Code   RO         4934    i.read_button_gpio  user_button.o
    0x08006828   0x08006828   0x000001c8   Code   RO         5444    i.st7789v_init      st7789v.o
    0x080069f0   0x080069f0   0x00000018   Data   RO         4201    .constdata          stm32g4xx_hal_uart.o
    0x08006a08   0x08006a08   0x00000010   Data   RO         4567    .constdata          stm32g4xx_hal_uart_ex.o
    0x08006a18   0x08006a18   0x00000010   Data   RO         4672    .constdata          system_stm32g4xx.o
    0x08006a28   0x08006a28   0x00000008   Data   RO         4673    .constdata          system_stm32g4xx.o
    0x08006a30   0x08006a30   0x00000020   Data   RO         4857    .constdata          user_display.o
    0x08006a50   0x08006a50   0x0000486f   Data   RO         5445    .constdata          st7789v.o
    0x0800b2bf   0x0800b2bf   0x00000021   Data   RO         5629    .constdata          segger_rtt.o
    0x0800b2e0   0x0800b2e0   0x00000010   Data   RO         5835    .constdata          segger_rtt_printf.o
    0x0800b2f0   0x0800b2f0   0x00000020   Data   RO         6009    .constdata          m_wm.l(rredf.o)
    0x0800b310   0x0800b310   0x00000020   Data   RO         6041    Region$$Table       anon$$obj.o


    Execution Region RW_IRAM1 (Exec base: 0x20000000, Load base: 0x0800b330, Size: 0x000012b8, Max: 0x00020000, ABSOLUTE)

    Exec Addr    Load Addr    Size         Type   Attr      Idx    E Section Name        Object

    0x20000000   0x0800b330   0x00000004   Data   RW          290    .data               adc.o
    0x20000004   0x0800b334   0x0000000c   Data   RW         1153    .data               stm32g4xx_hal.o
    0x20000010   0x0800b340   0x00000004   Data   RW         4674    .data               system_stm32g4xx.o
    0x20000014   0x0800b344   0x0000006c   Data   RW         4718    .data               user_foc.o
    0x20000080   0x0800b3b0   0x00000008   Data   RW         4801    .data               user_motor.o
    0x20000088   0x0800b3b8   0x00000010   Data   RW         4858    .data               user_display.o
    0x20000098   0x0800b3c8   0x00000010   Data   RW         4936    .data               user_button.o
    0x200000a8   0x0800b3d8   0x00000008   Data   RW         5021    .data               user_system.o
    0x200000b0   0x0800b3e0   0x00000008   Data   RW         5062    .data               user_time.o
    0x200000b8   0x0800b3e8   0x00000008   Data   RW         5107    .data               bsp_adc.o
    0x200000c0   0x0800b3f0   0x00000004   Data   RW         5327    .data               bsp_button.o
    0x200000c4   0x0800b3f4   0x00000004   Data   RW         5883    .data               bsp_ws2812.o
    0x200000c8   0x0800b3f8   0x00000004   Data   RW         6034    .data               mc_w.l(errno.o)
    0x200000cc        -       0x00000450   Zero   RW           20    .bss                main.o
    0x2000051c        -       0x000000d8   Zero   RW          289    .bss                adc.o
    0x200005f4        -       0x00000128   Zero   RW          362    .bss                spi.o
    0x2000071c        -       0x00000190   Zero   RW          415    .bss                tim.o
    0x200008ac        -       0x00000094   Zero   RW          487    .bss                usart.o
    0x20000940        -       0x000000b0   Zero   RW         4935    .bss                user_button.o
    0x200009f0        -       0x0000000c   Zero   RW         5020    .bss                user_system.o
    0x200009fc        -       0x000004b8   Zero   RW         5628    .bss                segger_rtt.o
    0x20000eb4   0x0800b3fc   0x00000004   PAD
    0x20000eb8        -       0x00000400   Zero   RW            1    STACK               startup_stm32g474xx.o


==============================================================================

Image component sizes


      Code (inc. data)   RO Data    RW Data    ZI Data      Debug   Object Name

       612         50          0          4        216       2726   adc.o
       192         38          0          8          0       4217   bsp_adc.o
       644         22          0          4          0       5802   bsp_button.o
        88          4          0          0          0       3140   bsp_hall.o
         4          0          0          0          0        446   bsp_lcd.o
       284         20          0          0          0       3455   bsp_pwm.o
        44          8          0          4          0       2660   bsp_ws2812.o
        76          4          0          0          0        806   dma.o
       300         18          0          0          0       1047   gpio.o
       374         54          0          0       1104     929624   main.o
       548         36         33          0       1208      11791   segger_rtt.o
       922         16         16          0          0       5757   segger_rtt_printf.o
       408         44          0          0        296       2463   spi.o
      1330         48      18543          0          0      10865   st7789v.o
        36          8        472          0       1024        828   startup_stm32g474xx.o
       162         24          0         12          0       4277   stm32g4xx_hal.o
      2792        168          0          0          0      80677   stm32g4xx_hal_adc.o
      2348        128          0          0          0      80057   stm32g4xx_hal_adc_ex.o
       198         14          0          0          0      33799   stm32g4xx_hal_cortex.o
       704         30          0          0          0       4807   stm32g4xx_hal_dma.o
       604         34          0          0          0       2971   stm32g4xx_hal_gpio.o
        48          6          0          0          0        854   stm32g4xx_hal_msp.o
       204         18          0          0          0       1393   stm32g4xx_hal_pwr_ex.o
      1688         92          0          0          0       6220   stm32g4xx_hal_rcc.o
       768         10          0          0          0       1952   stm32g4xx_hal_rcc_ex.o
      1112         10          0          0          0       5774   stm32g4xx_hal_spi.o
      2742        310          0          0          0      15359   stm32g4xx_hal_tim.o
       596         82          0          0          0       7723   stm32g4xx_hal_tim_ex.o
      2192         90         24          0          0      29308   stm32g4xx_hal_uart.o
       288          6         16          0          0       5314   stm32g4xx_hal_uart_ex.o
       120         46          0          0          0       7427   stm32g4xx_it.o
        16          4         24          4          0       1103   system_stm32g4xx.o
       972         78          0          0        400       5227   tim.o
       248         24          0          0        148       1774   usart.o
       100         20          0         16        176       3522   user_button.o
        28          6          0          0          0        511   user_button_fun.o
       234         42         32         16          0       4762   user_display.o
       418         28          0        108          0       6425   user_foc.o
       272         44          0          8          0       2728   user_motor.o
       296         66          0          8         12       3428   user_system.o
        92         14          0          8          0       1961   user_time.o

    ----------------------------------------------------------------------
     25142       1764      19192        200       4588    1304980   Object Totals
         0          0         32          0          0          0   (incl. Generated)
        38          0          0          0          4          0   (incl. Padding)

    ----------------------------------------------------------------------

      Code (inc. data)   RO Data    RW Data    ZI Data      Debug   Library Member Name

       336         56          0          0          0        136   cosf.o
        38          0          0          0          0        116   fpclassifyf.o
        38         12          0          0          0        348   funder.o
       340         24         32          0          0        160   rredf.o
       400         56          0          0          0        212   sinf.o
         0          0          0          0          0          0   entry.o
         0          0          0          0          0          0   entry10a.o
         0          0          0          0          0          0   entry11a.o
         4          0          0          0          0          0   entry12b.o
         8          4          0          0          0          0   entry2.o
         4          0          0          0          0          0   entry5.o
         0          0          0          0          0          0   entry7b.o
         0          0          0          0          0          0   entry8b.o
         8          4          0          0          0          0   entry9a.o
        12          6          0          4          0         68   errno.o
        30          0          0          0          0          0   handlers.o
        36          8          0          0          0         68   init.o
         0          0          0          0          0          0   iusefp.o
        30          0          0          0          0         68   llshl.o
        32          0          0          0          0         68   llushr.o
        36          0          0          0          0         68   memcpya.o
        36          0          0          0          0        108   memseta.o
        14          0          0          0          0         68   strlen.o
        98          0          0          0          0         92   uldiv.o

    ----------------------------------------------------------------------
      1506        170         32          4          0       1580   Library Totals
         6          0          0          0          0          0   (incl. Padding)

    ----------------------------------------------------------------------

      Code (inc. data)   RO Data    RW Data    ZI Data      Debug   Library Name

      1152        148         32          0          0        972   m_wm.l
       348         22          0          4          0        608   mc_w.l

    ----------------------------------------------------------------------
      1506        170         32          4          0       1580   Library Totals

    ----------------------------------------------------------------------

==============================================================================


      Code (inc. data)   RO Data    RW Data    ZI Data      Debug   

     26648       1934      19224        204       4588    1284708   Grand Totals
     26648       1934      19224        204       4588    1284708   ELF Image Totals
     26648       1934      19224        204          0          0   ROM Totals

==============================================================================

    Total RO  Size (Code + RO Data)                45872 (  44.80kB)
    Total RW  Size (RW Data + ZI Data)              4792 (   4.68kB)
    Total ROM Size (Code + RO Data + RW Data)      46076 (  45.00kB)

==============================================================================

