<html>
<body>
<pre>
<h1>µVision Build Log</h1>
<h2>Tool Versions:</h2>
IDE-Version: ¦ÌVision V5.41.0.0
Copyright (C) 2024 ARM Ltd and ARM Germany GmbH. All rights reserved.
License Information: 1 1, 1, LIC=QF82M-XUWZE-NNDAF-6L2ZD-HEEBM-00H90
 
Tool Versions:
Toolchain:       MDK-ARM Plus  Version: 5.41.0.0
Toolchain Path:  D:\App\Keil\Keil_v5\ARM\ARMCC\Bin
C Compiler:      Armcc.exe V5.06 update 7 (build 960)
Assembler:       Armasm.exe V5.06 update 7 (build 960)
Linker/Locator:  ArmLink.exe V5.06 update 7 (build 960)
Library Manager: ArmAr.exe V5.06 update 7 (build 960)
Hex Converter:   FromElf.exe V5.06 update 7 (build 960)
CPU DLL:         SARMCM3.DLL V5.41.0.0
Dialog DLL:      DCM.DLL V1.17.5.0
Target DLL:      STLink\ST-LINKIII-KEIL_SWO.dll V3.3.0.0
Dialog DLL:      TCM.DLL V1.56.4.0
 
<h2>Project:</h2>
D:\document\stm32\g474boot\MDK-ARM\g474boot.uvprojx
Project File Date:  05/17/2025

<h2>Output:</h2>
*** Using Compiler 'V5.06 update 7 (build 960)', folder: 'D:\App\Keil\Keil_v5\ARM\ARMCC\Bin'
Build target 'g474boot'
assembling startup_stm32g474xx.s...
compiling usart.c...
compiling stm32g4xx_hal_flash_ramfunc.c...
compiling gpio.c...
compiling main.c...
compiling stm32g4xx_hal_rcc_ex.c...
compiling spi.c...
compiling stm32g4xx_it.c...
compiling stm32g4xx_hal_spi.c...
compiling dma.c...
compiling stm32g4xx_hal_flash_ex.c...
compiling stm32g4xx_hal_msp.c...
compiling stm32g4xx_hal_flash.c...
compiling stm32g4xx_hal.c...
compiling stm32g4xx_hal_spi_ex.c...
compiling stm32g4xx_hal_rcc.c...
compiling stm32g4xx_hal_gpio.c...
compiling stm32g4xx_hal_exti.c...
compiling stm32g4xx_hal_dma_ex.c...
compiling stm32g4xx_hal_pwr.c...
compiling stm32g4xx_hal_cortex.c...
compiling stm32g4xx_hal_dma.c...
compiling system_stm32g4xx.c...
compiling stm32g4xx_hal_uart_ex.c...
compiling stm32g4xx_hal_pwr_ex.c...
compiling stm32g4xx_hal_uart.c...
linking...
Program Size: Code=8968 RO-data=568 RW-data=20 ZI-data=1372  
FromELF: creating hex file...
After Build - User command #1: fromelf --bin -o "g474boot\g474boot.bin" "g474boot\g474boot.axf
"g474boot\g474boot.axf" - 0 Error(s), 0 Warning(s).

<h2>Software Packages used:</h2>

Package Vendor: ARM
                https://www.keil.com/pack/ARM.CMSIS.6.1.0.pack
                ARM::CMSIS@6.1.0
                CMSIS (Common Microcontroller Software Interface Standard)
   * Component: CORE Version: 6.1.0

Package Vendor: Keil
                https://www.keil.com/pack/Keil.STM32G4xx_DFP.2.0.0.pack
                Keil::STM32G4xx_DFP@2.0.0
                STMicroelectronics STM32G4 Series Device Support

<h2>Collection of Component include folders:</h2>
  ./RTE/_g474boot
  D:/App/Keil/Packs/ARM/CMSIS/6.1.0/CMSIS/Core/Include

<h2>Collection of Component Files used:</h2>

   * Component: ARM::CMSIS:CORE@6.1.0
      Include file:  CMSIS/Core/Include/tz_context.h
Build Time Elapsed:  00:00:08
</pre>
</body>
</html>
