<html>
<body>
<pre>
<h1>µVision Build Log</h1>
<h2>Tool Versions:</h2>
IDE-Version: ¦ÌVision V5.41.0.0
Copyright (C) 2024 ARM Ltd and ARM Germany GmbH. All rights reserved.
License Information: 1 1, 1, LIC=QF82M-XUWZE-NNDAF-6L2ZD-HEEBM-00H90
 
Tool Versions:
Toolchain:       MDK-ARM Plus  Version: 5.41.0.0
Toolchain Path:  D:\App\Keil\Keil_v5\ARM\ARMCC\Bin
C Compiler:      Armcc.exe V5.06 update 7 (build 960)
Assembler:       Armasm.exe V5.06 update 7 (build 960)
Linker/Locator:  ArmLink.exe V5.06 update 7 (build 960)
Library Manager: ArmAr.exe V5.06 update 7 (build 960)
Hex Converter:   FromElf.exe V5.06 update 7 (build 960)
CPU DLL:         SARMCM3.DLL V5.41.0.0
Dialog DLL:      DCM.DLL V1.17.5.0
Target DLL:      STLink\ST-LINKIII-KEIL_SWO.dll V3.3.0.0
Dialog DLL:      TCM.DLL V1.56.4.0
 
<h2>Project:</h2>
D:\document\code\stm32\MyFoc\g474app\MDK-ARM\g474app.uvprojx
Project File Date:  03/09/2026

<h2>Output:</h2>
*** Using Compiler 'V5.06 update 7 (build 960)', folder: 'D:\App\Keil\Keil_v5\ARM\ARMCC\Bin'
Build target 'g474app'
compiling main.c...
../My_Lib/Task.h(69): warning:  #9-D: nested comment is not allowed
  //*****************************************************************************************************
../My_Lib/mt6816ct/mt6816.h(46): warning:  #1295-D: Deprecated declaration REIN_MT6816_Get_AngleData - give arg types
  float REIN_MT6816_Get_AngleData();
../My_Lib/mt6816ct/mt6816.h(48): warning:  #1295-D: Deprecated declaration PT_TASK_mt6816 - give arg types
  extern int PT_TASK_mt6816();
../Core/Src/main.c(137): warning:  #111-D: statement is unreachable
      PT_END();
../Core/Src/main.c(128): warning:  #550-D: variable "PT_YIELD_FLAG"  was set but never used
      PT_BEGIN()
../Core/Src/main.c(128): warning:  #550-D: variable "u32WiatTime_save"  was set but never used
      PT_BEGIN()
../Core/Src/main.c(214): warning:  #177-D: variable "adc1_value"  was declared but never referenced
      uint16_t adc1_value[ADC1_NUM] = {0};
../Core/Src/main.c(215): warning:  #177-D: variable "adc2_value"  was declared but never referenced
      uint16_t adc2_value[ADC2_NUM] = {0};
../Core/Src/main.c: 8 warnings, 0 errors
linking...
Program Size: Code=26116 RO-data=19112 RW-data=116 ZI-data=2012  
FromELF: creating hex file...
After Build - User command #1: fromelf --bin -o "D:\document\code\stm32\MyFoc\g474app\MDK-ARM\g474app\g474app.bin" "D:\document\code\stm32\MyFoc\g474app\MDK-ARM\g474app\g474app.axf
".\g474app\g474app.axf" - 0 Error(s), 8 Warning(s).

<h2>Software Packages used:</h2>

Package Vendor: ARM
                https://www.keil.com/pack/ARM.CMSIS.6.1.0.pack
                ARM::CMSIS@6.1.0
                CMSIS (Common Microcontroller Software Interface Standard)
   * Component: CORE Version: 6.1.0

Package Vendor: Keil
                https://www.keil.com/pack/Keil.STM32G4xx_DFP.2.0.0.pack
                Keil::STM32G4xx_DFP@2.0.0
                STMicroelectronics STM32G4 Series Device Support

<h2>Collection of Component include folders:</h2>
  ./RTE/_g474app
  D:/App/Keil/Packs/ARM/CMSIS/6.1.0/CMSIS/Core/Include

<h2>Collection of Component Files used:</h2>

   * Component: ARM::CMSIS:CORE@6.1.0
      Include file:  CMSIS/Core/Include/tz_context.h
Build Time Elapsed:  00:00:03
</pre>
</body>
</html>
